**************************************************
Report         : svf_operation
                 -status accepted 

Reference      : r:/WORK/vending_top
Implementation : i:/WORK/vending_top
Version        : X-2025.06-SP3
Date           : Fri Aug 21 15:42:16 2026
**************************************************

## SVF Operation 1 (Line: 21) - environment.  Status: accepted
## Operation Id: 1
guide_environment \
  { { precompile_db_list /Tools/synopsys/syn/X-2025.06-SP2/libraries/syn/gtech.db } } 

## SVF Operation 2 (Line: 25) - environment.  Status: accepted
## Operation Id: 2
guide_environment \
  { { dc_product_version X-2025.06-SP2 } \
    { dc_product_build_date { Aug 27, 2025 } } \
    { bus_dimension_separator_style ][ } \
    { bus_extraction_style %s\[%d:%d\] } \
    { bus_multiple_separator_style , } \
    { bus_naming_style %s[%d] } \
    { bus_range_separator_style : } \
    { dc_allow_rtl_pg false } \
    { hdlin_allow_4state_parameters TRUE } \
    { hdlin_unified_rtl_read FALSE } \
    { hdlin_enable_hier_naming FALSE } \
    { hdlin_enable_upf_compatible_naming FALSE } \
    { hdlin_vhdl_preserve_case FALSE } \
    { hdlin_generate_naming_style %s_%d } \
    { hdlin_generate_separator_style _ } \
    { hdlin_infer_enumerated_types FALSE } \
    { hdlin_interface_port_downto FALSE } \
    { hdlin_optimize_enum_types FALSE } \
    { hdlin_preserve_sequential none } \
    { hdlin_sverilog_std 2017 } \
    { hdlin_sv_packages dont_chain } \
    { hdlin_sv_union_member_naming FALSE } \
    { hdlin_vhdl_std 2008 } \
    { hdlin_vrlg_std 2005 } \
    { hdlin_v2005_replication_semantics TRUE } \
    { hdlin_while_loop_iterations 4096 } \
    { hdlin_enable_verilog_configurations_canonical TRUE } \
    { hdlin_enable_verilog_configurations_array_n_block TRUE } \
    { hdlin_enable_persistent_macros FALSE } \
    { hdlin_persistent_macros_filename syn_auto_generated_macro_file.sv } \
    { link_portname_allow_period_to_match_underscore false } \
    { link_portname_allow_square_bracket_to_match_underscore false } \
    { port_complement_naming_style %s_BAR } \
    { simplified_verification_mode FALSE } \
    { template_naming_style %s_%p } \
    { template_parameter_style %s%d } \
    { template_separator_style _ } \
    { upf_iso_filter_elements_with_applies_to ENABLE } \
    { upf_isols_allow_instances_in_elements true } \
    { link_library { * /home/xmen-aluno/Desktop/Vending_machine_formality/VendingMachine-10of10/synth/libs/saed32rvt_tt1p05v25c.db dw_foundation.sldb } } \
    { target_library /home/xmen-aluno/Desktop/Vending_machine_formality/VendingMachine-10of10/synth/libs/saed32rvt_tt1p05v25c.db } \
    { search_path { . /Tools/synopsys/syn/X-2025.06-SP2/libraries/syn /Tools/synopsys/syn/X-2025.06-SP2/dw/syn_ver /Tools/synopsys/syn/X-2025.06-SP2/dw/sim_ver /home/xmen-aluno/Desktop/Vending_machine_formality/VendingMachine-10of10 /home/xmen-aluno/Desktop/Vending_machine_formality/VendingMachine-10of10/rtl /home/xmen-aluno/Desktop/Vending_machine_formality/VendingMachine-10of10/synth /home/xmen-aluno/Desktop/Vending_machine_formality/VendingMachine-10of10/synth/libs } } \
    { hdlin_fmsvf_enable_div_by_pow2 true } \
    { synopsys_root /Tools/synopsys/syn/X-2025.06-SP2 } \
    { cwd /home/xmen-aluno/Desktop/Vending_machine_formality/VendingMachine-10of10 } \
    { current_design vending_top } \
    { compile_seqmap_propagate_high_effort true } } 

## SVF Operation 3 (Line: 75) - constant.  Status: accepted
## Operation Id: 3
guide_constant \
  -design { credit_reg } \
  -verify_scope { vending_top } \
  -type { svfConstantTypeSource } \
  -constant0 { svfObjectPort coin_value[7] } 

## SVF Operation 4 (Line: 82) - environment.  Status: accepted
## Operation Id: 4
guide_environment \
  { { link_library { * /home/xmen-aluno/Desktop/Vending_machine_formality/VendingMachine-10of10/synth/libs/saed32rvt_tt1p05v25c.db dw_foundation.sldb } } \
    { compile_seqmap_propagate_high_effort true } } 

## SVF Operation 5 (Line: 87) - ungroup.  Status: accepted
## Operation Id: 5
guide_ungroup \
  -cells { u_credit_reg } \
  -design { vending_top } 

## SVF Operation 6 (Line: 92) - ungroup.  Status: accepted
## Operation Id: 6
guide_ungroup \
  -cells { u_memory } \
  -design { vending_top } 

## SVF Operation 7 (Line: 97) - ungroup.  Status: accepted
## Operation Id: 7
guide_ungroup \
  -cells { u_comparator } \
  -design { vending_top } 

## SVF Operation 8 (Line: 102) - ungroup.  Status: accepted
## Operation Id: 8
guide_ungroup \
  -cells { u_subtractor } \
  -design { vending_top } 

## SVF Operation 9 (Line: 107) - ungroup.  Status: accepted
## Operation Id: 9
guide_ungroup \
  -cells { u_control_unit } \
  -design { vending_top } 

## SVF Operation 10 (Line: 112) - change_names.  Status: accepted
## Operation Id: 10
guide_change_names \
  -design { vending_top } \
  { { cell u_credit_reg/add_17 add_x_5 } } 

## SVF Operation 11 (Line: 117) - change_names.  Status: accepted
## Operation Id: 11
guide_change_names \
  -design { vending_top } \
  { { cell u_memory/gt_31 gt_x_10 } } 

## SVF Operation 12 (Line: 122) - change_names.  Status: accepted
## Operation Id: 12
guide_change_names \
  -design { vending_top } \
  { { cell u_memory/sub_32 sub_x_11 } } 

## SVF Operation 13 (Line: 127) - change_names.  Status: accepted
## Operation Id: 13
guide_change_names \
  -design { vending_top } \
  { { cell u_comparator/gte_10 gte_x_19 } } 

## SVF Operation 14 (Line: 132) - change_names.  Status: accepted
## Operation Id: 14
guide_change_names \
  -design { vending_top } \
  { { cell u_comparator/gt_10 gt_x_20 } } 

## SVF Operation 15 (Line: 137) - change_names.  Status: accepted
## Operation Id: 15
guide_change_names \
  -design { vending_top } \
  { { cell u_subtractor/sub_9 sub_x_21 } } 

## SVF Operation 16 (Line: 142) - reg_constant.  Status: accepted
## Operation Id: 16
guide_reg_constant \
  -design { vending_top } \
  -replaced { svfTrue } \
  { u_memory/mem_reg[0][15] } \
  { 0 } 

## SVF Operation 17 (Line: 149) - reg_constant.  Status: accepted
## Operation Id: 17
guide_reg_constant \
  -design { vending_top } \
  -replaced { svfTrue } \
  { u_memory/mem_reg[0][14] } \
  { 0 } 

## SVF Operation 18 (Line: 156) - reg_constant.  Status: accepted
## Operation Id: 18
guide_reg_constant \
  -design { vending_top } \
  -replaced { svfTrue } \
  { u_memory/mem_reg[0][13] } \
  { 0 } 

## SVF Operation 19 (Line: 163) - reg_constant.  Status: accepted
## Operation Id: 19
guide_reg_constant \
  -design { vending_top } \
  -replaced { svfTrue } \
  { u_memory/mem_reg[0][12] } \
  { 1 } 

## SVF Operation 20 (Line: 170) - reg_constant.  Status: accepted
## Operation Id: 20
guide_reg_constant \
  -design { vending_top } \
  -replaced { svfTrue } \
  { u_memory/mem_reg[0][11] } \
  { 1 } 

## SVF Operation 21 (Line: 177) - reg_constant.  Status: accepted
## Operation Id: 21
guide_reg_constant \
  -design { vending_top } \
  -replaced { svfTrue } \
  { u_memory/mem_reg[0][10] } \
  { 0 } 

## SVF Operation 22 (Line: 184) - reg_constant.  Status: accepted
## Operation Id: 22
guide_reg_constant \
  -design { vending_top } \
  -replaced { svfTrue } \
  { u_memory/mem_reg[0][9] } \
  { 0 } 

## SVF Operation 23 (Line: 191) - reg_constant.  Status: accepted
## Operation Id: 23
guide_reg_constant \
  -design { vending_top } \
  -replaced { svfTrue } \
  { u_memory/mem_reg[0][8] } \
  { 1 } 

## SVF Operation 24 (Line: 198) - reg_constant.  Status: accepted
## Operation Id: 24
guide_reg_constant \
  -design { vending_top } \
  -replaced { svfTrue } \
  { u_memory/mem_reg[1][15] } \
  { 0 } 

## SVF Operation 25 (Line: 205) - reg_constant.  Status: accepted
## Operation Id: 25
guide_reg_constant \
  -design { vending_top } \
  -replaced { svfTrue } \
  { u_memory/mem_reg[1][14] } \
  { 0 } 

## SVF Operation 26 (Line: 212) - reg_constant.  Status: accepted
## Operation Id: 26
guide_reg_constant \
  -design { vending_top } \
  -replaced { svfTrue } \
  { u_memory/mem_reg[1][13] } \
  { 1 } 

## SVF Operation 27 (Line: 219) - reg_constant.  Status: accepted
## Operation Id: 27
guide_reg_constant \
  -design { vending_top } \
  -replaced { svfTrue } \
  { u_memory/mem_reg[1][12] } \
  { 1 } 

## SVF Operation 28 (Line: 226) - reg_constant.  Status: accepted
## Operation Id: 28
guide_reg_constant \
  -design { vending_top } \
  -replaced { svfTrue } \
  { u_memory/mem_reg[1][11] } \
  { 0 } 

## SVF Operation 29 (Line: 233) - reg_constant.  Status: accepted
## Operation Id: 29
guide_reg_constant \
  -design { vending_top } \
  -replaced { svfTrue } \
  { u_memory/mem_reg[1][10] } \
  { 0 } 

## SVF Operation 30 (Line: 240) - reg_constant.  Status: accepted
## Operation Id: 30
guide_reg_constant \
  -design { vending_top } \
  -replaced { svfTrue } \
  { u_memory/mem_reg[1][9] } \
  { 1 } 

## SVF Operation 31 (Line: 247) - reg_constant.  Status: accepted
## Operation Id: 31
guide_reg_constant \
  -design { vending_top } \
  -replaced { svfTrue } \
  { u_memory/mem_reg[1][8] } \
  { 0 } 

## SVF Operation 32 (Line: 254) - reg_constant.  Status: accepted
## Operation Id: 32
guide_reg_constant \
  -design { vending_top } \
  -replaced { svfTrue } \
  { u_memory/mem_reg[2][15] } \
  { 0 } 

## SVF Operation 33 (Line: 261) - reg_constant.  Status: accepted
## Operation Id: 33
guide_reg_constant \
  -design { vending_top } \
  -replaced { svfTrue } \
  { u_memory/mem_reg[2][14] } \
  { 1 } 

## SVF Operation 34 (Line: 268) - reg_constant.  Status: accepted
## Operation Id: 34
guide_reg_constant \
  -design { vending_top } \
  -replaced { svfTrue } \
  { u_memory/mem_reg[2][13] } \
  { 0 } 

## SVF Operation 35 (Line: 275) - reg_constant.  Status: accepted
## Operation Id: 35
guide_reg_constant \
  -design { vending_top } \
  -replaced { svfTrue } \
  { u_memory/mem_reg[2][12] } \
  { 0 } 

## SVF Operation 36 (Line: 282) - reg_constant.  Status: accepted
## Operation Id: 36
guide_reg_constant \
  -design { vending_top } \
  -replaced { svfTrue } \
  { u_memory/mem_reg[2][11] } \
  { 1 } 

## SVF Operation 37 (Line: 289) - reg_constant.  Status: accepted
## Operation Id: 37
guide_reg_constant \
  -design { vending_top } \
  -replaced { svfTrue } \
  { u_memory/mem_reg[2][10] } \
  { 0 } 

## SVF Operation 38 (Line: 296) - reg_constant.  Status: accepted
## Operation Id: 38
guide_reg_constant \
  -design { vending_top } \
  -replaced { svfTrue } \
  { u_memory/mem_reg[2][9] } \
  { 1 } 

## SVF Operation 39 (Line: 303) - reg_constant.  Status: accepted
## Operation Id: 39
guide_reg_constant \
  -design { vending_top } \
  -replaced { svfTrue } \
  { u_memory/mem_reg[2][8] } \
  { 1 } 

## SVF Operation 40 (Line: 310) - reg_constant.  Status: accepted
## Operation Id: 40
guide_reg_constant \
  -design { vending_top } \
  -replaced { svfTrue } \
  { u_memory/mem_reg[3][15] } \
  { 0 } 

## SVF Operation 41 (Line: 317) - reg_constant.  Status: accepted
## Operation Id: 41
guide_reg_constant \
  -design { vending_top } \
  -replaced { svfTrue } \
  { u_memory/mem_reg[3][14] } \
  { 1 } 

## SVF Operation 42 (Line: 324) - reg_constant.  Status: accepted
## Operation Id: 42
guide_reg_constant \
  -design { vending_top } \
  -replaced { svfTrue } \
  { u_memory/mem_reg[3][13] } \
  { 1 } 

## SVF Operation 43 (Line: 331) - reg_constant.  Status: accepted
## Operation Id: 43
guide_reg_constant \
  -design { vending_top } \
  -replaced { svfTrue } \
  { u_memory/mem_reg[3][12] } \
  { 0 } 

## SVF Operation 44 (Line: 338) - reg_constant.  Status: accepted
## Operation Id: 44
guide_reg_constant \
  -design { vending_top } \
  -replaced { svfTrue } \
  { u_memory/mem_reg[3][11] } \
  { 0 } 

## SVF Operation 45 (Line: 345) - reg_constant.  Status: accepted
## Operation Id: 45
guide_reg_constant \
  -design { vending_top } \
  -replaced { svfTrue } \
  { u_memory/mem_reg[3][10] } \
  { 1 } 

## SVF Operation 46 (Line: 352) - reg_constant.  Status: accepted
## Operation Id: 46
guide_reg_constant \
  -design { vending_top } \
  -replaced { svfTrue } \
  { u_memory/mem_reg[3][9] } \
  { 0 } 

## SVF Operation 47 (Line: 359) - reg_constant.  Status: accepted
## Operation Id: 47
guide_reg_constant \
  -design { vending_top } \
  -replaced { svfTrue } \
  { u_memory/mem_reg[3][8] } \
  { 0 } 

## SVF Operation 48 (Line: 366) - reg_constant.  Status: accepted
## Operation Id: 48
guide_reg_constant \
  -design { vending_top } \
  -replaced { svfTrue } \
  { u_memory/price_reg[7] } \
  { 0 } 

## SVF Operation 49 (Line: 373) - reg_constant.  Status: accepted
## Operation Id: 49
guide_reg_constant \
  -design { vending_top } \
  -replaced { svfTrue } \
  { u_memory/stock_reg[7] } \
  { 0 } 

## SVF Operation 50 (Line: 380) - reg_constant.  Status: accepted
## Operation Id: 50
guide_reg_constant \
  -design { vending_top } \
  -replaced { svfTrue } \
  { u_memory/mem_reg[0][7] } \
  { 0 } 

## SVF Operation 51 (Line: 387) - reg_constant.  Status: accepted
## Operation Id: 51
guide_reg_constant \
  -design { vending_top } \
  -replaced { svfTrue } \
  { u_memory/mem_reg[3][7] } \
  { 0 } 

## SVF Operation 52 (Line: 394) - reg_constant.  Status: accepted
## Operation Id: 52
guide_reg_constant \
  -design { vending_top } \
  -replaced { svfTrue } \
  { u_memory/mem_reg[2][7] } \
  { 0 } 

## SVF Operation 53 (Line: 401) - reg_constant.  Status: accepted
## Operation Id: 53
guide_reg_constant \
  -design { vending_top } \
  -replaced { svfTrue } \
  { u_memory/mem_reg[1][7] } \
  { 0 } 

## SVF Operation 54 (Line: 408) - reg_constant.  Status: accepted
## Operation Id: 54
guide_reg_constant \
  -design { vending_top } \
  -replaced { svfTrue } \
  { u_memory/stock_reg[6] } \
  { 0 } 

## SVF Operation 55 (Line: 415) - reg_constant.  Status: accepted
## Operation Id: 55
guide_reg_constant \
  -design { vending_top } \
  -replaced { svfTrue } \
  { u_memory/mem_reg[0][6] } \
  { 0 } 

## SVF Operation 56 (Line: 422) - reg_constant.  Status: accepted
## Operation Id: 56
guide_reg_constant \
  -design { vending_top } \
  -replaced { svfTrue } \
  { u_memory/mem_reg[3][6] } \
  { 0 } 

## SVF Operation 57 (Line: 429) - reg_constant.  Status: accepted
## Operation Id: 57
guide_reg_constant \
  -design { vending_top } \
  -replaced { svfTrue } \
  { u_memory/mem_reg[2][6] } \
  { 0 } 

## SVF Operation 58 (Line: 436) - reg_constant.  Status: accepted
## Operation Id: 58
guide_reg_constant \
  -design { vending_top } \
  -replaced { svfTrue } \
  { u_memory/mem_reg[1][6] } \
  { 0 } 

## SVF Operation 59 (Line: 443) - reg_constant.  Status: accepted
## Operation Id: 59
guide_reg_constant \
  -design { vending_top } \
  -replaced { svfTrue } \
  { u_memory/stock_reg[5] } \
  { 0 } 

## SVF Operation 60 (Line: 450) - reg_constant.  Status: accepted
## Operation Id: 60
guide_reg_constant \
  -design { vending_top } \
  -replaced { svfTrue } \
  { u_memory/mem_reg[0][5] } \
  { 0 } 

## SVF Operation 61 (Line: 457) - reg_constant.  Status: accepted
## Operation Id: 61
guide_reg_constant \
  -design { vending_top } \
  -replaced { svfTrue } \
  { u_memory/mem_reg[3][5] } \
  { 0 } 

## SVF Operation 62 (Line: 464) - reg_constant.  Status: accepted
## Operation Id: 62
guide_reg_constant \
  -design { vending_top } \
  -replaced { svfTrue } \
  { u_memory/mem_reg[2][5] } \
  { 0 } 

## SVF Operation 63 (Line: 471) - reg_constant.  Status: accepted
## Operation Id: 63
guide_reg_constant \
  -design { vending_top } \
  -replaced { svfTrue } \
  { u_memory/mem_reg[1][5] } \
  { 0 } 

## SVF Operation 64 (Line: 478) - environment.  Status: accepted
## Operation Id: 64
guide_environment \
  { { postcompile_db_list /home/xmen-aluno/Desktop/Vending_machine_formality/VendingMachine-10of10/synth/libs/saed32rvt_tt1p05v25c.db } } 

## SVF Operation 65 (Line: 482) - change_names.  Status: accepted
## Operation Id: 65
guide_change_names \
  -design { vending_top } \
  { { cell u_control_unit/check_wait_reg u_control_unit_check_wait_reg } \
    { cell u_control_unit/current_state_reg[2] u_control_unit_current_state_reg_2_ } \
    { cell u_control_unit/current_state_reg[0] u_control_unit_current_state_reg_0_ } \
    { cell u_control_unit/current_state_reg[1] u_control_unit_current_state_reg_1_ } \
    { cell u_memory/mem_reg[3][1] u_memory_mem_reg_3__1_ } \
    { cell u_memory/mem_reg[3][0] u_memory_mem_reg_3__0_ } \
    { cell u_memory/mem_reg[3][2] u_memory_mem_reg_3__2_ } \
    { cell u_memory/mem_reg[3][3] u_memory_mem_reg_3__3_ } \
    { cell u_memory/mem_reg[3][4] u_memory_mem_reg_3__4_ } \
    { cell u_memory/mem_reg[2][0] u_memory_mem_reg_2__0_ } \
    { cell u_memory/mem_reg[2][1] u_memory_mem_reg_2__1_ } \
    { cell u_memory/mem_reg[2][2] u_memory_mem_reg_2__2_ } \
    { cell u_memory/mem_reg[2][3] u_memory_mem_reg_2__3_ } \
    { cell u_memory/mem_reg[2][4] u_memory_mem_reg_2__4_ } \
    { cell u_memory/mem_reg[1][0] u_memory_mem_reg_1__0_ } \
    { cell u_memory/mem_reg[1][2] u_memory_mem_reg_1__2_ } \
    { cell u_memory/mem_reg[1][1] u_memory_mem_reg_1__1_ } \
    { cell u_memory/mem_reg[1][3] u_memory_mem_reg_1__3_ } \
    { cell u_memory/mem_reg[1][4] u_memory_mem_reg_1__4_ } \
    { cell u_memory/mem_reg[0][0] u_memory_mem_reg_0__0_ } \
    { cell u_memory/mem_reg[0][2] u_memory_mem_reg_0__2_ } \
    { cell u_memory/mem_reg[0][1] u_memory_mem_reg_0__1_ } \
    { cell u_memory/mem_reg[0][3] u_memory_mem_reg_0__3_ } \
    { cell u_memory/mem_reg[0][4] u_memory_mem_reg_0__4_ } \
    { cell u_credit_reg/credit_reg[1] u_credit_reg_credit_reg_1_ } \
    { cell u_credit_reg/credit_reg[0] u_credit_reg_credit_reg_0_ } \
    { cell u_credit_reg/credit_reg[2] u_credit_reg_credit_reg_2_ } \
    { cell u_credit_reg/credit_reg[3] u_credit_reg_credit_reg_3_ } \
    { cell u_credit_reg/credit_reg[4] u_credit_reg_credit_reg_4_ } \
    { cell u_credit_reg/credit_reg[5] u_credit_reg_credit_reg_5_ } \
    { cell u_credit_reg/credit_reg[6] u_credit_reg_credit_reg_6_ } \
    { cell u_credit_reg/credit_reg[7] u_credit_reg_credit_reg_7_ } \
    { cell change_out_reg[0] change_out_reg_0_ } \
    { cell change_out_reg[1] change_out_reg_1_ } \
    { cell change_out_reg[2] change_out_reg_2_ } \
    { cell change_out_reg[3] change_out_reg_3_ } \
    { cell change_out_reg[4] change_out_reg_4_ } \
    { cell change_out_reg[5] change_out_reg_5_ } \
    { cell change_out_reg[6] change_out_reg_6_ } \
    { cell change_out_reg[7] change_out_reg_7_ } \
    { cell u_memory/price_reg[0] u_memory_price_reg_0_ } \
    { cell u_memory/price_reg[1] u_memory_price_reg_1_ } \
    { cell u_memory/price_reg[2] u_memory_price_reg_2_ } \
    { cell u_memory/price_reg[3] u_memory_price_reg_3_ } \
    { cell u_memory/price_reg[4] u_memory_price_reg_4_ } \
    { cell u_memory/price_reg[5] u_memory_price_reg_5_ } \
    { cell u_memory/price_reg[6] u_memory_price_reg_6_ } \
    { cell u_memory/stock_reg[0] u_memory_stock_reg_0_ } \
    { cell u_memory/stock_reg[1] u_memory_stock_reg_1_ } \
    { cell u_memory/stock_reg[2] u_memory_stock_reg_2_ } \
    { cell u_memory/stock_reg[3] u_memory_stock_reg_3_ } \
    { cell u_memory/stock_reg[4] u_memory_stock_reg_4_ } } 

## SVF Operation 66 (Line: 538) - environment.  Status: accepted
## Operation Id: 66
guide_environment \
  { { write_file { -format verilog -hierarchy -output /home/xmen-aluno/Desktop/Vending_machine_formality/VendingMachine-10of10/synth/vending_top_netlist_ungrouped.v } } \
    { compile_seqmap_propagate_high_effort true } } 

1
