 
****************************************
Report : power
        -analysis_effort low
Design : vending_top
Version: X-2025.06-SP2
Date   : Fri Aug 21 14:55:28 2026
****************************************


Library(s) Used:

    saed32rvt_tt1p05v25c (File: /home/xmen-aluno/Desktop/VendingMachine-10of10/synth/libs/saed32rvt_tt1p05v25c.db)


Operating Conditions: tt1p05v25c   Library: saed32rvt_tt1p05v25c
Wire Load Model Mode: enclosed

Design        Wire Load Model            Library
------------------------------------------------
vending_top            8000              saed32rvt_tt1p05v25c


Global Operating Voltage = 1.05 
Power-specific unit information :
    Voltage Units = 1V
    Capacitance Units = 1.000000ff
    Time Units = 1ns
    Dynamic Power Units = 1uW    (derived from V,C,T units)
    Leakage Power Units = 1pW


Attributes
----------
i - Including register clock pin internal power


  Cell Internal Power  =  37.1728 uW   (98%)
  Net Switching Power  = 795.2734 nW    (2%)
                         ---------
Total Dynamic Power    =  37.9681 uW  (100%)

Cell Leakage Power     =  75.0674 uW


                 Internal         Switching           Leakage            Total
Power Group      Power            Power               Power              Power   (   %    )  Attrs
--------------------------------------------------------------------------------------------------
io_pad             0.0000            0.0000            0.0000            0.0000  (   0.00%)
memory             0.0000            0.0000            0.0000            0.0000  (   0.00%)
black_box          0.0000            0.0000            0.0000            0.0000  (   0.00%)
clock_network     35.9493            0.0000            0.0000           35.9493  (  31.80%)  i
register       7.9239e-02            0.1693        4.9455e+07           49.7037  (  43.97%)
sequential         0.0000            0.0000            0.0000            0.0000  (   0.00%)
combinational      1.1442            0.6260        2.5612e+07           27.3824  (  24.22%)
--------------------------------------------------------------------------------------------------
Total             37.1728 uW         0.7953 uW     7.5067e+07 pW       113.0355 uW
1
