 
****************************************
Report : qor
Design : vending_top
Version: X-2025.06-SP2
Date   : Fri Aug 21 14:55:28 2026
****************************************


  Timing Path Group 'clk'
  -----------------------------------
  Levels of Logic:              12.00
  Critical Path Length:          0.85
  Critical Path Slack:          13.58
  Critical Path Clk Period:     18.00
  Total Negative Slack:          0.00
  No. of Violating Paths:        0.00
  Worst Hold Violation:         -0.33
  Total Hold Violation:        -16.03
  No. of Hold Violations:       52.00
  -----------------------------------


  Cell Count
  -----------------------------------
  Hierarchical Cell Count:          0
  Hierarchical Port Count:          0
  Leaf Cell Count:                210
  Buf/Inv Cell Count:              25
  Buf Cell Count:                   0
  Inv Cell Count:                  25
  CT Buf/Inv Cell Count:            0
  Combinational Cell Count:       158
  Sequential Cell Count:           52
  Macro Count:                      0
  -----------------------------------


  Area
  -----------------------------------
  Combinational Area:      394.177344
  Noncombinational Area:   370.033670
  Buf/Inv Area:             32.022144
  Total Buffer Area:             0.00
  Total Inverter Area:          32.02
  Macro/Black Box Area:      0.000000
  Net Area:                151.956012
  -----------------------------------
  Cell Area:               764.211015
  Design Area:             916.167027


  Design Rules
  -----------------------------------
  Total Number of Nets:           293
  Nets With Violations:             0
  Max Trans Violations:             0
  Max Cap Violations:               0
  -----------------------------------


  Hostname: xmen29

  Compile CPU Statistics
  -----------------------------------------
  Resource Sharing:                    0.00
  Logic Optimization:                  0.00
  Mapping Optimization:                0.11
  -----------------------------------------
  Overall Compile Time:                0.76
  Overall Compile Wall Clock Time:     1.07

  --------------------------------------------------------------------

  Design  WNS: 0.00  TNS: 0.00  Number of Violating Paths: 0


  Design (Hold)  WNS: 0.33  TNS: 16.03  Number of Violating Paths: 52

  --------------------------------------------------------------------


1
