 
****************************************
Report : reference
Design : vending_top
Version: X-2025.06-SP2
Date   : Fri Aug 21 14:55:28 2026
****************************************

Attributes:
    b - black box (unknown)
   bo - allows boundary optimization
    d - dont_touch
   mo - map_only
    h - hierarchical
    n - noncombinational
    r - removable
    s - synthetic operator
    u - contains unmapped logic

Reference          Library       Unit Area   Count    Total Area   Attributes
-----------------------------------------------------------------------------
AND2X1_RVT         saed32rvt_tt1p05v25c
                                  2.033152       8     16.265217  
AND3X1_RVT         saed32rvt_tt1p05v25c
                                  2.287296       3      6.861888  
AND4X1_RVT         saed32rvt_tt1p05v25c
                                  2.541440       3      7.624320  
AO21X1_RVT         saed32rvt_tt1p05v25c
                                  2.541440       8     20.331520  
AO22X1_RVT         saed32rvt_tt1p05v25c
                                  2.541440      39     99.116160  
AO221X1_RVT        saed32rvt_tt1p05v25c
                                  3.049728       4     12.198912  
AO222X1_RVT        saed32rvt_tt1p05v25c
                                  3.303872      10     33.038721  
DFFSSRX1_RVT       saed32rvt_tt1p05v25c
                                  7.116032      52    370.033670  n
FADDX1_RVT         saed32rvt_tt1p05v25c
                                  4.828736      10     48.287358  r
HADDX1_RVT         saed32rvt_tt1p05v25c
                                  3.303872       2      6.607744  r
INVX0_RVT          saed32rvt_tt1p05v25c
                                  1.270720      24     30.497280  
INVX2_RVT          saed32rvt_tt1p05v25c
                                  1.524864       1      1.524864  
MUX41X1_RVT        saed32rvt_tt1p05v25c
                                  5.591168       5     27.955840  
NAND2X0_RVT        saed32rvt_tt1p05v25c
                                  1.524864      19     28.972415  
NAND3X0_RVT        saed32rvt_tt1p05v25c
                                  1.779008       2      3.558016  
NOR2X0_RVT         saed32rvt_tt1p05v25c
                                  2.541440       1      2.541440  
NOR3X0_RVT         saed32rvt_tt1p05v25c
                                  2.795584       1      2.795584  
NOR4X1_RVT         saed32rvt_tt1p05v25c
                                  3.049728       1      3.049728  
OA21X1_RVT         saed32rvt_tt1p05v25c
                                  2.541440       8     20.331520  
OA221X1_RVT        saed32rvt_tt1p05v25c
                                  3.049728       2      6.099456  
OA222X1_RVT        saed32rvt_tt1p05v25c
                                  3.303872       1      3.303872  
OAI21X1_RVT        saed32rvt_tt1p05v25c
                                  3.049728       1      3.049728  
OR2X1_RVT          saed32rvt_tt1p05v25c
                                  2.033152       5     10.165761  
-----------------------------------------------------------------------------
Total 23 references                                   764.211015
1
