 
****************************************
Report : area
Design : vending_top
Version: X-2025.06-SP2
Date   : Fri Aug 21 14:56:05 2026
****************************************

Information: Updating design information... (UID-85)
Library(s) Used:

    saed32rvt_tt1p05v25c (File: /home/xmen-aluno/Desktop/VendingMachine-10of10/synth/libs/saed32rvt_tt1p05v25c.db)

Number of ports:                           29
Number of nets:                           402
Number of cells:                          367
Number of combinational cells:            310
Number of sequential cells:                57
Number of macros/black boxes:               0
Number of buf/inv:                         60
Number of references:                      34

Combinational area:                723.293830
Buf/Inv area:                       81.071937
Noncombinational area:             376.641420
Macro/Black Box area:                0.000000
Net Interconnect area:             190.207674

Total cell area:                  1099.935250
Total area:                       1290.142924

Hierarchical area distribution
------------------------------

                                  Global cell area          Local cell area
                                  ------------------  --------------------------- 
Hierarchical cell                 Absolute   Percent  Combi-    Noncombi-  Black-
                                  Total      Total    national  national   boxes   Design
--------------------------------  ---------  -------  --------  ---------  ------  ---------
vending_top                       1099.9353    100.0  723.2938   376.6414  0.0000  vending_top
--------------------------------  ---------  -------  --------  ---------  ------  ---------
Total                                                 723.2938   376.6414  0.0000

1
