Warning: There are infeasible paths detected in your design that were ignored during optimization. Please run 'report_timing -attributes' and/or 'create_qor_snapshot/query_qor_snapshot -infeasible_paths' to identify these paths.  (OPT-1721)
 
****************************************
Report : constraint
        -all_violators
Design : vending_top
Version: X-2025.06-SP2
Date   : Fri Aug 21 14:56:05 2026
****************************************


   max_delay/setup ('clk' group)

                             Required        Actual
   Endpoint                 Path Delay     Path Delay        Slack
   -----------------------------------------------------------------
   u_memory/mem_reg[0][0]/D     1.47           3.58 r        -2.10  (VIOLATED)
   u_memory/mem_reg[0][2]/D     1.47           3.58 r        -2.10  (VIOLATED)
   u_memory/mem_reg[1][2]/D     1.47           3.58 r        -2.10  (VIOLATED)
   u_memory/mem_reg[3][0]/D     1.47           3.57 r        -2.10  (VIOLATED)
   u_memory/mem_reg[3][2]/D     1.47           3.57 r        -2.10  (VIOLATED)
   u_memory/mem_reg[3][3]/D     1.47           3.57 r        -2.10  (VIOLATED)
   u_memory/mem_reg[3][4]/D     1.47           3.57 r        -2.10  (VIOLATED)
   u_memory/mem_reg[3][5]/D     1.47           3.57 r        -2.10  (VIOLATED)
   u_memory/mem_reg[1][0]/D     1.47           3.57 r        -2.10  (VIOLATED)
   u_memory/mem_reg[1][5]/D     1.47           3.57 r        -2.09  (VIOLATED)
   u_memory/mem_reg[2][5]/D     1.47           3.57 r        -2.09  (VIOLATED)
   u_memory/mem_reg[3][1]/D     1.47           3.57 r        -2.09  (VIOLATED)
   u_memory/mem_reg[1][1]/D     1.48           3.56 r        -2.09  (VIOLATED)
   u_memory/mem_reg[1][3]/D     1.47           3.56 r        -2.09  (VIOLATED)
   u_memory/mem_reg[0][5]/D     1.47           3.56 r        -2.09  (VIOLATED)
   u_memory/mem_reg[1][4]/D     1.47           3.56 r        -2.08  (VIOLATED)
   u_memory/mem_reg[2][4]/D     1.47           3.56 r        -2.08  (VIOLATED)
   u_memory/mem_reg[2][3]/D     1.47           3.56 r        -2.08  (VIOLATED)
   u_memory/mem_reg[0][1]/D     1.47           3.55 r        -2.07  (VIOLATED)
   u_memory/mem_reg[0][3]/D     1.47           3.55 r        -2.07  (VIOLATED)
   u_memory/mem_reg[0][4]/D     1.47           3.55 r        -2.07  (VIOLATED)
   u_memory/mem_reg[2][1]/D     1.47           3.54 r        -2.07  (VIOLATED)
   u_memory/mem_reg[2][0]/D     1.47           3.54 r        -2.07  (VIOLATED)
   u_memory/mem_reg[2][2]/D     1.48           3.53 r        -2.05  (VIOLATED)
   u_credit_reg/credit_reg[5]/D
                                1.47           3.44 r        -1.97  (VIOLATED)
   u_credit_reg/credit_reg[7]/D
                                1.48           3.44 f        -1.96  (VIOLATED)
   u_credit_reg/credit_reg[6]/D
                                1.48           3.42 r        -1.95  (VIOLATED)
   u_credit_reg/credit_reg[4]/D
                                1.47           3.41 r        -1.94  (VIOLATED)
   u_credit_reg/credit_reg[3]/D
                                1.47           3.36 r        -1.89  (VIOLATED)
   u_credit_reg/credit_reg[1]/D
                                1.47           3.36 r        -1.89  (VIOLATED)
   u_credit_reg/credit_reg[2]/D
                                1.47           3.36 r        -1.89  (VIOLATED)
   u_credit_reg/credit_reg[0]/D
                                1.47           3.36 r        -1.89  (VIOLATED)
   u_memory/stock_reg[2]/D      1.47           3.34 r        -1.87  (VIOLATED)
   u_memory/stock_reg[5]/D      1.47           3.33 r        -1.86  (VIOLATED)
   u_memory/stock_reg[3]/D      1.47           3.30 r        -1.83  (VIOLATED)
   u_memory/stock_reg[0]/D      1.47           3.30 r        -1.82  (VIOLATED)
   u_memory/stock_reg[1]/D      1.47           3.29 r        -1.82  (VIOLATED)
   u_memory/stock_reg[4]/D      1.47           3.29 r        -1.82  (VIOLATED)
   u_memory/price_reg[3]/D      1.48           3.28 r        -1.80  (VIOLATED)
   u_memory/price_reg[0]/D      1.47           3.27 r        -1.80  (VIOLATED)
   change_out_reg[1]/D          1.47           3.26 r        -1.79  (VIOLATED)
   change_out_reg[2]/D          1.47           3.26 r        -1.79  (VIOLATED)
   change_out_reg[3]/D          1.47           3.26 r        -1.79  (VIOLATED)
   change_out_reg[4]/D          1.47           3.26 r        -1.79  (VIOLATED)
   change_out_reg[5]/D          1.47           3.26 r        -1.79  (VIOLATED)
   change_out_reg[6]/D          1.47           3.26 r        -1.79  (VIOLATED)
   change_out_reg[0]/D          1.47           3.26 r        -1.79  (VIOLATED)
   change_out_reg[7]/D          1.47           3.26 r        -1.79  (VIOLATED)
   error                       -1.50           0.28 f        -1.78  (VIOLATED)
   u_memory/price_reg[1]/D      1.48           3.26 r        -1.78  (VIOLATED)
   u_memory/price_reg[5]/D      1.47           3.25 r        -1.78  (VIOLATED)
   u_memory/price_reg[6]/D      1.47           3.25 r        -1.78  (VIOLATED)
   u_control_unit/current_state_reg[0]/D
                                1.47           3.25 r        -1.77  (VIOLATED)
   u_memory/price_reg[2]/D      1.48           3.23 r        -1.76  (VIOLATED)
   u_memory/price_reg[4]/D      1.48           3.23 r        -1.76  (VIOLATED)
   dispense                    -1.50           0.22 f        -1.72  (VIOLATED)
   u_control_unit/check_wait_reg/D
                                1.48           3.15 r        -1.68  (VIOLATED)
   u_control_unit/current_state_reg[2]/D
                                1.48           3.15 r        -1.68  (VIOLATED)
   u_control_unit/current_state_reg[1]/D
                                1.48           3.15 r        -1.67  (VIOLATED)
   state_out[2]                -1.50           0.12 f        -1.62  (VIOLATED)
   display[5]                  -1.50           0.12 f        -1.62  (VIOLATED)
   display[2]                  -1.50           0.12 f        -1.62  (VIOLATED)
   display[3]                  -1.50           0.12 f        -1.62  (VIOLATED)
   display[6]                  -1.50           0.12 f        -1.62  (VIOLATED)
   display[1]                  -1.50           0.12 f        -1.62  (VIOLATED)
   display[7]                  -1.50           0.11 f        -1.61  (VIOLATED)
   display[4]                  -1.50           0.11 f        -1.61  (VIOLATED)
   display[0]                  -1.50           0.11 f        -1.61  (VIOLATED)
   state_out[1]                -1.50           0.11 f        -1.61  (VIOLATED)
   state_out[0]                -1.50           0.11 f        -1.61  (VIOLATED)
   change_out[0]               -1.50           0.10 f        -1.60  (VIOLATED)
   change_out[7]               -1.50           0.10 f        -1.60  (VIOLATED)
   change_out[1]               -1.50           0.10 f        -1.60  (VIOLATED)
   change_out[2]               -1.50           0.10 f        -1.60  (VIOLATED)
   change_out[3]               -1.50           0.10 f        -1.60  (VIOLATED)
   change_out[4]               -1.50           0.10 f        -1.60  (VIOLATED)
   change_out[5]               -1.50           0.10 f        -1.60  (VIOLATED)
   change_out[6]               -1.50           0.10 f        -1.60  (VIOLATED)


   min_delay/hold ('clk' group)

                             Required        Actual
   Endpoint                 Path Delay     Path Delay        Slack
   -----------------------------------------------------------------
   u_memory/stock_reg[0]/D      0.50           0.14 f        -0.36  (VIOLATED)
   u_memory/stock_reg[1]/D      0.50           0.14 f        -0.36  (VIOLATED)
   u_memory/price_reg[5]/D      0.50           0.15 f        -0.36  (VIOLATED)
   u_memory/price_reg[6]/D      0.50           0.15 f        -0.36  (VIOLATED)
   u_memory/stock_reg[2]/D      0.50           0.15 f        -0.36  (VIOLATED)
   u_memory/stock_reg[4]/D      0.50           0.15 f        -0.36  (VIOLATED)
   u_memory/stock_reg[3]/D      0.50           0.15 f        -0.36  (VIOLATED)
   u_memory/stock_reg[5]/D      0.50           0.15 f        -0.36  (VIOLATED)
   u_memory/mem_reg[2][3]/D     0.50           0.15 f        -0.35  (VIOLATED)
   u_memory/mem_reg[2][4]/D     0.50           0.15 f        -0.35  (VIOLATED)
   u_memory/mem_reg[2][5]/D     0.50           0.15 f        -0.35  (VIOLATED)
   u_memory/mem_reg[1][3]/D     0.50           0.15 f        -0.35  (VIOLATED)
   u_memory/mem_reg[1][4]/D     0.50           0.15 f        -0.35  (VIOLATED)
   u_memory/mem_reg[1][5]/D     0.50           0.15 f        -0.35  (VIOLATED)
   u_memory/price_reg[1]/D      0.50           0.15 f        -0.35  (VIOLATED)
   u_control_unit/current_state_reg[0]/D
                                0.50           0.15 f        -0.35  (VIOLATED)
   change_out_reg[0]/D          0.50           0.15 f        -0.35  (VIOLATED)
   change_out_reg[7]/D          0.50           0.15 f        -0.35  (VIOLATED)
   u_memory/mem_reg[1][1]/D     0.50           0.15 f        -0.35  (VIOLATED)
   u_memory/mem_reg[2][2]/D     0.50           0.15 f        -0.35  (VIOLATED)
   u_credit_reg/credit_reg[6]/D
                                0.50           0.15 f        -0.35  (VIOLATED)
   u_memory/price_reg[0]/D      0.50           0.15 f        -0.35  (VIOLATED)
   u_memory/mem_reg[3][4]/D     0.50           0.15 f        -0.35  (VIOLATED)
   u_memory/mem_reg[3][2]/D     0.50           0.15 f        -0.35  (VIOLATED)
   u_memory/mem_reg[3][5]/D     0.50           0.15 f        -0.35  (VIOLATED)
   u_memory/price_reg[2]/D      0.50           0.16 f        -0.35  (VIOLATED)
   u_memory/mem_reg[0][1]/D     0.50           0.16 f        -0.35  (VIOLATED)
   u_memory/mem_reg[0][3]/D     0.50           0.16 f        -0.35  (VIOLATED)
   u_memory/mem_reg[0][5]/D     0.50           0.16 f        -0.35  (VIOLATED)
   u_memory/mem_reg[0][4]/D     0.50           0.16 f        -0.35  (VIOLATED)
   u_memory/mem_reg[3][0]/D     0.50           0.16 f        -0.35  (VIOLATED)
   u_memory/mem_reg[3][3]/D     0.50           0.16 f        -0.35  (VIOLATED)
   u_memory/price_reg[4]/D      0.50           0.16 f        -0.34  (VIOLATED)
   u_memory/mem_reg[3][1]/D     0.50           0.16 f        -0.34  (VIOLATED)
   u_memory/mem_reg[0][0]/D     0.50           0.16 f        -0.34  (VIOLATED)
   u_memory/mem_reg[0][2]/D     0.50           0.16 f        -0.34  (VIOLATED)
   u_memory/mem_reg[1][0]/D     0.50           0.16 f        -0.34  (VIOLATED)
   u_memory/mem_reg[2][1]/D     0.50           0.16 f        -0.34  (VIOLATED)
   u_memory/mem_reg[1][2]/D     0.50           0.16 f        -0.34  (VIOLATED)
   u_memory/mem_reg[2][0]/D     0.50           0.16 f        -0.34  (VIOLATED)
   change_out_reg[1]/D          0.50           0.17 f        -0.33  (VIOLATED)
   change_out_reg[2]/D          0.50           0.17 f        -0.33  (VIOLATED)
   change_out_reg[3]/D          0.50           0.17 f        -0.33  (VIOLATED)
   change_out_reg[4]/D          0.50           0.17 f        -0.33  (VIOLATED)
   change_out_reg[5]/D          0.50           0.17 f        -0.33  (VIOLATED)
   change_out_reg[6]/D          0.50           0.17 f        -0.33  (VIOLATED)
   u_credit_reg/credit_reg[1]/D
                                0.50           0.17 f        -0.33  (VIOLATED)
   u_credit_reg/credit_reg[0]/D
                                0.50           0.17 f        -0.33  (VIOLATED)
   u_credit_reg/credit_reg[4]/D
                                0.50           0.17 f        -0.33  (VIOLATED)
   u_credit_reg/credit_reg[7]/D
                                0.49           0.16 r        -0.33  (VIOLATED)
   u_credit_reg/credit_reg[5]/D
                                0.50           0.18 f        -0.32  (VIOLATED)
   u_credit_reg/credit_reg[2]/D
                                0.50           0.18 f        -0.32  (VIOLATED)
   u_credit_reg/credit_reg[3]/D
                                0.50           0.18 f        -0.32  (VIOLATED)
   u_memory/price_reg[3]/D      0.50           0.20 f        -0.30  (VIOLATED)
   u_control_unit/check_wait_reg/D
                                0.50           0.23 f        -0.28  (VIOLATED)
   u_control_unit/current_state_reg[2]/D
                                0.50           0.24 f        -0.26  (VIOLATED)
   u_control_unit/current_state_reg[1]/D
                                0.50           0.27 f        -0.23  (VIOLATED)


1
