 
****************************************
Report : power
        -analysis_effort low
Design : vending_top
Version: X-2025.06-SP2
Date   : Fri Aug 21 14:56:05 2026
****************************************


Library(s) Used:

    saed32rvt_tt1p05v25c (File: /home/xmen-aluno/Desktop/VendingMachine-10of10/synth/libs/saed32rvt_tt1p05v25c.db)


Operating Conditions: tt1p05v25c   Library: saed32rvt_tt1p05v25c
Wire Load Model Mode: enclosed

Design        Wire Load Model            Library
------------------------------------------------
vending_top            8000              saed32rvt_tt1p05v25c


Global Operating Voltage = 1.05 
Power-specific unit information :
    Voltage Units = 1V
    Capacitance Units = 1.000000ff
    Time Units = 1ns
    Dynamic Power Units = 1uW    (derived from V,C,T units)
    Leakage Power Units = 1pW


Attributes
----------
i - Including register clock pin internal power


  Cell Internal Power  = 249.7589 uW   (96%)
  Net Switching Power  =   9.6178 uW    (4%)
                         ---------
Total Dynamic Power    = 259.3767 uW  (100%)

Cell Leakage Power     = 117.6445 uW


                 Internal         Switching           Leakage            Total
Power Group      Power            Power               Power              Power   (   %    )  Attrs
--------------------------------------------------------------------------------------------------
io_pad             0.0000            0.0000            0.0000            0.0000  (   0.00%)
memory             0.0000            0.0000            0.0000            0.0000  (   0.00%)
black_box          0.0000            0.0000            0.0000            0.0000  (   0.00%)
clock_network    226.6751            0.0000            0.0000          226.6751  (  60.12%)  i
register           3.8889            1.2085        5.9502e+07           64.5999  (  17.13%)
sequential         0.0000            0.0000            0.0000            0.0000  (   0.00%)
combinational     19.1949            8.4092        5.8142e+07           85.7463  (  22.74%)
--------------------------------------------------------------------------------------------------
Total            249.7589 uW         9.6178 uW     1.1764e+08 pW       377.0213 uW
1
