 
****************************************
Report : area
Design : vending_top
Version: X-2025.06-SP2
Date   : Thu Jul  9 13:24:14 2026
****************************************

Information: Updating design information... (UID-85)
Library(s) Used:

    saed32rvt_tt1p05v25c (File: /home/xmen-aluno/Downloads/grupo_NN_vending/synth/libs/saed32rvt_tt1p05v25c.db)

Number of ports:                          138
Number of nets:                           399
Number of cells:                          285
Number of combinational cells:            214
Number of sequential cells:                52
Number of macros/black boxes:               0
Number of buf/inv:                         57
Number of references:                      18

Combinational area:                500.917829
Buf/Inv area:                       73.447616
Noncombinational area:             347.160715
Macro/Black Box area:                0.000000
Net Interconnect area:             154.432614

Total cell area:                   848.078543
Total area:                       1002.511157

Hierarchical area distribution
------------------------------

                                  Global cell area          Local cell area
                                  ------------------  --------------------------- 
Hierarchical cell                 Absolute   Percent  Combi-    Noncombi-  Black-
                                  Total      Total    national  national   boxes   Design
--------------------------------  ---------  -------  --------  ---------  ------  ------------
vending_top                        848.0785    100.0   57.6907    53.3702  0.0000  vending_top
u_comparator                        40.4089      4.8   40.4089     0.0000  0.0000  comparator
u_control_unit                      84.3758      9.9   55.9117    28.4641  0.0000  control_unit
u_credit_reg                       158.5859     18.7  104.7073    53.8785  0.0000  credit_reg
u_memory                           398.7519     47.0  187.3041   211.4478  0.0000  memory
u_subtractor                        54.8951      6.5   54.8951     0.0000  0.0000  subtractor
--------------------------------  ---------  -------  --------  ---------  ------  ------------
Total                                                 500.9178   347.1607  0.0000

1
