 
****************************************
Report : power
        -analysis_effort low
Design : vending_top
Version: X-2025.06-SP2
Date   : Thu Jul  9 13:24:37 2026
****************************************


Library(s) Used:

    saed32rvt_tt1p05v25c (File: /home/xmen-aluno/Downloads/grupo_NN_vending/synth/libs/saed32rvt_tt1p05v25c.db)


Operating Conditions: tt1p05v25c   Library: saed32rvt_tt1p05v25c
Wire Load Model Mode: enclosed

Design        Wire Load Model            Library
------------------------------------------------
vending_top            8000              saed32rvt_tt1p05v25c


Global Operating Voltage = 1.05 
Power-specific unit information :
    Voltage Units = 1V
    Capacitance Units = 1.000000ff
    Time Units = 1ns
    Dynamic Power Units = 1uW    (derived from V,C,T units)
    Leakage Power Units = 1pW


Attributes
----------
i - Including register clock pin internal power


  Cell Internal Power  =  21.1223 uW   (97%)
  Net Switching Power  = 604.6745 nW    (3%)
                         ---------
Total Dynamic Power    =  21.7270 uW  (100%)

Cell Leakage Power     =  77.7752 uW


                 Internal         Switching           Leakage            Total
Power Group      Power            Power               Power              Power   (   %    )  Attrs
--------------------------------------------------------------------------------------------------
io_pad             0.0000            0.0000            0.0000            0.0000  (   0.00%)
memory             0.0000            0.0000            0.0000            0.0000  (   0.00%)
black_box          0.0000            0.0000            0.0000            0.0000  (   0.00%)
clock_network     20.0783            0.0000            0.0000           20.0783  (  20.18%)  i
register           0.2048            0.1370        5.2403e+07           52.7444  (  53.01%)
sequential         0.0000            0.0000            0.0000            0.0000  (   0.00%)
combinational      0.8392            0.4676        2.5373e+07           26.6795  (  26.81%)
--------------------------------------------------------------------------------------------------
Total             21.1223 uW         0.6047 uW     7.7775e+07 pW        99.5021 uW
1
