 
****************************************
Report : qor
Design : vending_top
Version: X-2025.06-SP2
Date   : Thu Jul  9 13:24:45 2026
****************************************


  Timing Path Group 'clk'
  -----------------------------------
  Levels of Logic:              13.00
  Critical Path Length:          0.91
  Critical Path Slack:           9.56
  Critical Path Clk Period:     14.00
  Total Negative Slack:          0.00
  No. of Violating Paths:        0.00
  Worst Hold Violation:         -0.38
  Total Hold Violation:        -17.83
  No. of Hold Violations:       52.00
  -----------------------------------


  Cell Count
  -----------------------------------
  Hierarchical Cell Count:          0
  Hierarchical Port Count:          0
  Leaf Cell Count:                213
  Buf/Inv Cell Count:              25
  Buf Cell Count:                   0
  Inv Cell Count:                  25
  CT Buf/Inv Cell Count:            0
  Combinational Cell Count:       161
  Sequential Cell Count:           52
  Macro Count:                      0
  -----------------------------------


  Area
  -----------------------------------
  Combinational Area:      404.088960
  Noncombinational Area:   351.227018
  Buf/Inv Area:             32.276288
  Total Buffer Area:             0.00
  Total Inverter Area:          32.28
  Macro/Black Box Area:      0.000000
  Net Area:                147.915232
  -----------------------------------
  Cell Area:               755.315978
  Design Area:             903.231210


  Design Rules
  -----------------------------------
  Total Number of Nets:           264
  Nets With Violations:             0
  Max Trans Violations:             0
  Max Cap Violations:               0
  -----------------------------------


  Hostname: xmen25

  Compile CPU Statistics
  -----------------------------------------
  Resource Sharing:                    0.06
  Logic Optimization:                  0.03
  Mapping Optimization:                0.13
  -----------------------------------------
  Overall Compile Time:                1.93
  Overall Compile Wall Clock Time:     2.26

  --------------------------------------------------------------------

  Design  WNS: 0.00  TNS: 0.00  Number of Violating Paths: 0


  Design (Hold)  WNS: 0.38  TNS: 17.83  Number of Violating Paths: 52

  --------------------------------------------------------------------


1
