 
****************************************
Report : area
Design : vending_top
Version: X-2025.06-SP2
Date   : Fri Aug 21 14:44:32 2026
****************************************

Information: Updating design information... (UID-85)
Library(s) Used:

    saed32rvt_tt1p05v25c (File: /home/xmen-aluno/Desktop/VendingMachine-10of10/synth/libs/saed32rvt_tt1p05v25c.db)

Number of ports:                          138
Number of nets:                           392
Number of cells:                          278
Number of combinational cells:            215
Number of sequential cells:                52
Number of macros/black boxes:               0
Number of buf/inv:                         58
Number of references:                      17

Combinational area:                503.459269
Buf/Inv area:                       75.480768
Noncombinational area:             344.110987
Macro/Black Box area:                0.000000
Net Interconnect area:             154.297669

Total cell area:                   847.570256
Total area:                       1001.867925

Hierarchical area distribution
------------------------------

                                  Global cell area          Local cell area
                                  ------------------  --------------------------- 
Hierarchical cell                 Absolute   Percent  Combi-    Noncombi-  Black-
                                  Total      Total    national  national   boxes   Design
--------------------------------  ---------  -------  --------  ---------  ------  ------------
vending_top                        847.5703    100.0   57.6907    52.8620  0.0000  vending_top
u_comparator                        40.4089      4.8   40.4089     0.0000  0.0000  comparator
u_control_unit                      84.1217      9.9   57.1824    26.9393  0.0000  control_unit
u_credit_reg                       157.5693     18.6  104.7073    52.8620  0.0000  credit_reg
u_memory                           400.0227     47.2  188.5748   211.4478  0.0000  memory
u_subtractor                        54.8951      6.5   54.8951     0.0000  0.0000  subtractor
--------------------------------  ---------  -------  --------  ---------  ------  ------------
Total                                                 503.4593   344.1110  0.0000

1
