 
****************************************
Report : area
Design : vending_top
Version: X-2025.06-SP2
Date   : Thu Jul  9 13:03:41 2026
****************************************

Information: Updating design information... (UID-85)
Library(s) Used:

    saed32rvt_tt1p05v25c (File: /home/xmen-aluno/Downloads/grupo_NN_vending/synth/libs/saed32rvt_tt1p05v25c.db)

Number of ports:                          138
Number of nets:                           386
Number of cells:                          272
Number of combinational cells:            209
Number of sequential cells:                52
Number of macros/black boxes:               0
Number of buf/inv:                         52
Number of references:                      15

Combinational area:                494.055941
Buf/Inv area:                       66.077440
Noncombinational area:             344.110987
Macro/Black Box area:                0.000000
Net Interconnect area:             153.461248

Total cell area:                   838.166928
Total area:                        991.628175

Hierarchical area distribution
------------------------------

                                  Global cell area          Local cell area
                                  ------------------  --------------------------- 
Hierarchical cell                 Absolute   Percent  Combi-    Noncombi-  Black-
                                  Total      Total    national  national   boxes   Design
--------------------------------  ---------  -------  --------  ---------  ------  ------------
vending_top                        838.1669    100.0   51.5912    52.8620  0.0000  vending_top
u_comparator                        40.4089      4.8   40.4089     0.0000  0.0000  comparator
u_control_unit                      82.0885      9.8   55.1492    26.9393  0.0000  control_unit
u_credit_reg                       157.5693     18.8  104.7073    52.8620  0.0000  credit_reg
u_memory                           398.7519     47.6  187.3041   211.4478  0.0000  memory
u_subtractor                        54.8951      6.5   54.8951     0.0000  0.0000  subtractor
--------------------------------  ---------  -------  --------  ---------  ------  ------------
Total                                                 494.0559   344.1110  0.0000

1
