 
****************************************
Report : qor
Design : vending_top
Version: X-2025.06-SP2
Date   : Fri Aug 21 14:44:32 2026
****************************************


  Timing Path Group 'clk'
  -----------------------------------
  Levels of Logic:              13.00
  Critical Path Length:          0.96
  Critical Path Slack:          15.52
  Critical Path Clk Period:     20.00
  Total Negative Slack:          0.00
  No. of Violating Paths:        0.00
  Worst Hold Violation:         -0.36
  Total Hold Violation:        -17.78
  No. of Hold Violations:       52.00
  -----------------------------------


  Cell Count
  -----------------------------------
  Hierarchical Cell Count:          5
  Hierarchical Port Count:        109
  Leaf Cell Count:                267
  Buf/Inv Cell Count:              58
  Buf Cell Count:                   1
  Inv Cell Count:                  57
  CT Buf/Inv Cell Count:            0
  Combinational Cell Count:       215
  Sequential Cell Count:           52
  Macro Count:                      0
  -----------------------------------


  Area
  -----------------------------------
  Combinational Area:      503.459269
  Noncombinational Area:   344.110987
  Buf/Inv Area:             75.480768
  Total Buffer Area:             2.03
  Total Inverter Area:          73.45
  Macro/Black Box Area:      0.000000
  Net Area:                154.297669
  -----------------------------------
  Cell Area:               847.570256
  Design Area:            1001.867925


  Design Rules
  -----------------------------------
  Total Number of Nets:           300
  Nets With Violations:             0
  Max Trans Violations:             0
  Max Cap Violations:               0
  -----------------------------------


  Hostname: xmen29

  Compile CPU Statistics
  -----------------------------------------
  Resource Sharing:                    0.06
  Logic Optimization:                  0.03
  Mapping Optimization:                0.15
  -----------------------------------------
  Overall Compile Time:                2.00
  Overall Compile Wall Clock Time:     2.33

  --------------------------------------------------------------------

  Design  WNS: 0.00  TNS: 0.00  Number of Violating Paths: 0


  Design (Hold)  WNS: 0.36  TNS: 17.78  Number of Violating Paths: 52

  --------------------------------------------------------------------


1
