 
****************************************
Report : timing
        -path full
        -delay min
        -max_paths 10
Design : vending_top
Version: X-2025.06-SP2
Date   : Fri Aug 21 14:44:32 2026
****************************************

Operating Conditions: tt1p05v25c   Library: saed32rvt_tt1p05v25c
Wire Load Model Mode: enclosed

  Startpoint: change_out_reg[6]
              (rising edge-triggered flip-flop clocked by clk)
  Endpoint: change_out_reg[6]
            (rising edge-triggered flip-flop clocked by clk)
  Path Group: clk
  Path Type: min

  Des/Clust/Port     Wire Load Model       Library
  ------------------------------------------------
  vending_top        8000                  saed32rvt_tt1p05v25c

  Point                                    Incr       Path
  -----------------------------------------------------------
  clock clk (rise edge)                    0.00       0.00
  clock network delay (ideal)              0.00       0.00
  change_out_reg[6]/CLK (DFFX1_RVT)        0.00       0.00 r
  change_out_reg[6]/Q (DFFX1_RVT)          0.08       0.08 f
  U48/Y (AO222X1_RVT)                      0.04       0.12 f
  change_out_reg[6]/D (DFFX1_RVT)          0.01       0.13 f
  data arrival time                                   0.13

  clock clk (rise edge)                    0.00       0.00
  clock network delay (ideal)              0.00       0.00
  clock uncertainty                        0.50       0.50
  change_out_reg[6]/CLK (DFFX1_RVT)        0.00       0.50 r
  library hold time                       -0.01       0.49
  data required time                                  0.49
  -----------------------------------------------------------
  data required time                                  0.49
  data arrival time                                  -0.13
  -----------------------------------------------------------
  slack (VIOLATED)                                   -0.36


  Startpoint: change_out_reg[5]
              (rising edge-triggered flip-flop clocked by clk)
  Endpoint: change_out_reg[5]
            (rising edge-triggered flip-flop clocked by clk)
  Path Group: clk
  Path Type: min

  Des/Clust/Port     Wire Load Model       Library
  ------------------------------------------------
  vending_top        8000                  saed32rvt_tt1p05v25c

  Point                                    Incr       Path
  -----------------------------------------------------------
  clock clk (rise edge)                    0.00       0.00
  clock network delay (ideal)              0.00       0.00
  change_out_reg[5]/CLK (DFFX1_RVT)        0.00       0.00 r
  change_out_reg[5]/Q (DFFX1_RVT)          0.08       0.08 f
  U49/Y (AO222X1_RVT)                      0.04       0.12 f
  change_out_reg[5]/D (DFFX1_RVT)          0.01       0.13 f
  data arrival time                                   0.13

  clock clk (rise edge)                    0.00       0.00
  clock network delay (ideal)              0.00       0.00
  clock uncertainty                        0.50       0.50
  change_out_reg[5]/CLK (DFFX1_RVT)        0.00       0.50 r
  library hold time                       -0.01       0.49
  data required time                                  0.49
  -----------------------------------------------------------
  data required time                                  0.49
  data arrival time                                  -0.13
  -----------------------------------------------------------
  slack (VIOLATED)                                   -0.36


  Startpoint: change_out_reg[4]
              (rising edge-triggered flip-flop clocked by clk)
  Endpoint: change_out_reg[4]
            (rising edge-triggered flip-flop clocked by clk)
  Path Group: clk
  Path Type: min

  Des/Clust/Port     Wire Load Model       Library
  ------------------------------------------------
  vending_top        8000                  saed32rvt_tt1p05v25c

  Point                                    Incr       Path
  -----------------------------------------------------------
  clock clk (rise edge)                    0.00       0.00
  clock network delay (ideal)              0.00       0.00
  change_out_reg[4]/CLK (DFFX1_RVT)        0.00       0.00 r
  change_out_reg[4]/Q (DFFX1_RVT)          0.08       0.08 f
  U50/Y (AO222X1_RVT)                      0.04       0.12 f
  change_out_reg[4]/D (DFFX1_RVT)          0.01       0.13 f
  data arrival time                                   0.13

  clock clk (rise edge)                    0.00       0.00
  clock network delay (ideal)              0.00       0.00
  clock uncertainty                        0.50       0.50
  change_out_reg[4]/CLK (DFFX1_RVT)        0.00       0.50 r
  library hold time                       -0.01       0.49
  data required time                                  0.49
  -----------------------------------------------------------
  data required time                                  0.49
  data arrival time                                  -0.13
  -----------------------------------------------------------
  slack (VIOLATED)                                   -0.36


  Startpoint: change_out_reg[3]
              (rising edge-triggered flip-flop clocked by clk)
  Endpoint: change_out_reg[3]
            (rising edge-triggered flip-flop clocked by clk)
  Path Group: clk
  Path Type: min

  Des/Clust/Port     Wire Load Model       Library
  ------------------------------------------------
  vending_top        8000                  saed32rvt_tt1p05v25c

  Point                                    Incr       Path
  -----------------------------------------------------------
  clock clk (rise edge)                    0.00       0.00
  clock network delay (ideal)              0.00       0.00
  change_out_reg[3]/CLK (DFFX1_RVT)        0.00       0.00 r
  change_out_reg[3]/Q (DFFX1_RVT)          0.08       0.08 f
  U51/Y (AO222X1_RVT)                      0.04       0.12 f
  change_out_reg[3]/D (DFFX1_RVT)          0.01       0.13 f
  data arrival time                                   0.13

  clock clk (rise edge)                    0.00       0.00
  clock network delay (ideal)              0.00       0.00
  clock uncertainty                        0.50       0.50
  change_out_reg[3]/CLK (DFFX1_RVT)        0.00       0.50 r
  library hold time                       -0.01       0.49
  data required time                                  0.49
  -----------------------------------------------------------
  data required time                                  0.49
  data arrival time                                  -0.13
  -----------------------------------------------------------
  slack (VIOLATED)                                   -0.36


  Startpoint: change_out_reg[2]
              (rising edge-triggered flip-flop clocked by clk)
  Endpoint: change_out_reg[2]
            (rising edge-triggered flip-flop clocked by clk)
  Path Group: clk
  Path Type: min

  Des/Clust/Port     Wire Load Model       Library
  ------------------------------------------------
  vending_top        8000                  saed32rvt_tt1p05v25c

  Point                                    Incr       Path
  -----------------------------------------------------------
  clock clk (rise edge)                    0.00       0.00
  clock network delay (ideal)              0.00       0.00
  change_out_reg[2]/CLK (DFFX1_RVT)        0.00       0.00 r
  change_out_reg[2]/Q (DFFX1_RVT)          0.08       0.08 f
  U52/Y (AO222X1_RVT)                      0.04       0.12 f
  change_out_reg[2]/D (DFFX1_RVT)          0.01       0.13 f
  data arrival time                                   0.13

  clock clk (rise edge)                    0.00       0.00
  clock network delay (ideal)              0.00       0.00
  clock uncertainty                        0.50       0.50
  change_out_reg[2]/CLK (DFFX1_RVT)        0.00       0.50 r
  library hold time                       -0.01       0.49
  data required time                                  0.49
  -----------------------------------------------------------
  data required time                                  0.49
  data arrival time                                  -0.13
  -----------------------------------------------------------
  slack (VIOLATED)                                   -0.36


  Startpoint: change_out_reg[1]
              (rising edge-triggered flip-flop clocked by clk)
  Endpoint: change_out_reg[1]
            (rising edge-triggered flip-flop clocked by clk)
  Path Group: clk
  Path Type: min

  Des/Clust/Port     Wire Load Model       Library
  ------------------------------------------------
  vending_top        8000                  saed32rvt_tt1p05v25c

  Point                                    Incr       Path
  -----------------------------------------------------------
  clock clk (rise edge)                    0.00       0.00
  clock network delay (ideal)              0.00       0.00
  change_out_reg[1]/CLK (DFFX1_RVT)        0.00       0.00 r
  change_out_reg[1]/Q (DFFX1_RVT)          0.08       0.08 f
  U53/Y (AO222X1_RVT)                      0.04       0.12 f
  change_out_reg[1]/D (DFFX1_RVT)          0.01       0.13 f
  data arrival time                                   0.13

  clock clk (rise edge)                    0.00       0.00
  clock network delay (ideal)              0.00       0.00
  clock uncertainty                        0.50       0.50
  change_out_reg[1]/CLK (DFFX1_RVT)        0.00       0.50 r
  library hold time                       -0.01       0.49
  data required time                                  0.49
  -----------------------------------------------------------
  data required time                                  0.49
  data arrival time                                  -0.13
  -----------------------------------------------------------
  slack (VIOLATED)                                   -0.36


  Startpoint: change_out_reg[0]
              (rising edge-triggered flip-flop clocked by clk)
  Endpoint: change_out_reg[0]
            (rising edge-triggered flip-flop clocked by clk)
  Path Group: clk
  Path Type: min

  Des/Clust/Port     Wire Load Model       Library
  ------------------------------------------------
  vending_top        8000                  saed32rvt_tt1p05v25c

  Point                                    Incr       Path
  -----------------------------------------------------------
  clock clk (rise edge)                    0.00       0.00
  clock network delay (ideal)              0.00       0.00
  change_out_reg[0]/CLK (DFFX1_RVT)        0.00       0.00 r
  change_out_reg[0]/Q (DFFX1_RVT)          0.08       0.08 f
  U54/Y (AO222X1_RVT)                      0.04       0.12 f
  change_out_reg[0]/D (DFFX1_RVT)          0.01       0.13 f
  data arrival time                                   0.13

  clock clk (rise edge)                    0.00       0.00
  clock network delay (ideal)              0.00       0.00
  clock uncertainty                        0.50       0.50
  change_out_reg[0]/CLK (DFFX1_RVT)        0.00       0.50 r
  library hold time                       -0.01       0.49
  data required time                                  0.49
  -----------------------------------------------------------
  data required time                                  0.49
  data arrival time                                  -0.13
  -----------------------------------------------------------
  slack (VIOLATED)                                   -0.36


  Startpoint: u_credit_reg/credit_reg[0]
              (rising edge-triggered flip-flop clocked by clk)
  Endpoint: u_credit_reg/credit_reg[0]
            (rising edge-triggered flip-flop clocked by clk)
  Path Group: clk
  Path Type: min

  Des/Clust/Port     Wire Load Model       Library
  ------------------------------------------------
  vending_top        8000                  saed32rvt_tt1p05v25c
  credit_reg         ForQA                 saed32rvt_tt1p05v25c

  Point                                                   Incr       Path
  --------------------------------------------------------------------------
  clock clk (rise edge)                                   0.00       0.00
  clock network delay (ideal)                             0.00       0.00
  u_credit_reg/credit_reg[0]/CLK (DFFX1_RVT)              0.00       0.00 r
  u_credit_reg/credit_reg[0]/QN (DFFX1_RVT)               0.06       0.06 f
  u_credit_reg/U9/Y (OA221X1_RVT)                         0.06       0.12 f
  u_credit_reg/credit_reg[0]/D (DFFX1_RVT)                0.01       0.13 f
  data arrival time                                                  0.13

  clock clk (rise edge)                                   0.00       0.00
  clock network delay (ideal)                             0.00       0.00
  clock uncertainty                                       0.50       0.50
  u_credit_reg/credit_reg[0]/CLK (DFFX1_RVT)              0.00       0.50 r
  library hold time                                      -0.01       0.49
  data required time                                                 0.49
  --------------------------------------------------------------------------
  data required time                                                 0.49
  data arrival time                                                 -0.13
  --------------------------------------------------------------------------
  slack (VIOLATED)                                                  -0.36


  Startpoint: u_memory/mem_reg[1][1]
              (rising edge-triggered flip-flop clocked by clk)
  Endpoint: u_memory/mem_reg[1][1]
            (rising edge-triggered flip-flop clocked by clk)
  Path Group: clk
  Path Type: min

  Des/Clust/Port     Wire Load Model       Library
  ------------------------------------------------
  vending_top        8000                  saed32rvt_tt1p05v25c
  memory             8000                  saed32rvt_tt1p05v25c

  Point                                                   Incr       Path
  --------------------------------------------------------------------------
  clock clk (rise edge)                                   0.00       0.00
  clock network delay (ideal)                             0.00       0.00
  u_memory/mem_reg[1][1]/CLK (DFFX1_RVT)                  0.00       0.00 r
  u_memory/mem_reg[1][1]/Q (DFFX1_RVT)                    0.08       0.08 f
  u_memory/U58/Y (AO22X1_RVT)                             0.05       0.13 f
  u_memory/mem_reg[1][1]/D (DFFX1_RVT)                    0.01       0.14 f
  data arrival time                                                  0.14

  clock clk (rise edge)                                   0.00       0.00
  clock network delay (ideal)                             0.00       0.00
  clock uncertainty                                       0.50       0.50
  u_memory/mem_reg[1][1]/CLK (DFFX1_RVT)                  0.00       0.50 r
  library hold time                                      -0.01       0.49
  data required time                                                 0.49
  --------------------------------------------------------------------------
  data required time                                                 0.49
  data arrival time                                                 -0.14
  --------------------------------------------------------------------------
  slack (VIOLATED)                                                  -0.35


  Startpoint: u_memory/mem_reg[1][3]
              (rising edge-triggered flip-flop clocked by clk)
  Endpoint: u_memory/mem_reg[1][3]
            (rising edge-triggered flip-flop clocked by clk)
  Path Group: clk
  Path Type: min

  Des/Clust/Port     Wire Load Model       Library
  ------------------------------------------------
  vending_top        8000                  saed32rvt_tt1p05v25c
  memory             8000                  saed32rvt_tt1p05v25c

  Point                                                   Incr       Path
  --------------------------------------------------------------------------
  clock clk (rise edge)                                   0.00       0.00
  clock network delay (ideal)                             0.00       0.00
  u_memory/mem_reg[1][3]/CLK (DFFX1_RVT)                  0.00       0.00 r
  u_memory/mem_reg[1][3]/Q (DFFX1_RVT)                    0.08       0.08 f
  u_memory/U60/Y (AO22X1_RVT)                             0.05       0.13 f
  u_memory/mem_reg[1][3]/D (DFFX1_RVT)                    0.01       0.14 f
  data arrival time                                                  0.14

  clock clk (rise edge)                                   0.00       0.00
  clock network delay (ideal)                             0.00       0.00
  clock uncertainty                                       0.50       0.50
  u_memory/mem_reg[1][3]/CLK (DFFX1_RVT)                  0.00       0.50 r
  library hold time                                      -0.01       0.49
  data required time                                                 0.49
  --------------------------------------------------------------------------
  data required time                                                 0.49
  data arrival time                                                 -0.14
  --------------------------------------------------------------------------
  slack (VIOLATED)                                                  -0.35


1
