vlogan -full64 -sverilog -kdb \
	rtl/vending_pkg.sv \
	rtl/credit_reg.sv rtl/memory.sv rtl/comparator.sv rtl/subtractor.sv rtl/control_unit.sv rtl/vending_top.sv \
	sim/tb_vending.sv
                         Chronologic VCS (TM)
       Version X-2025.06-SP2_Full64 -- Thu Jul  9 17:56:39 2026

                    Copyright (c) 1991 - 2025 Synopsys, Inc.
   This software and the associated documentation are proprietary to Synopsys,
 Inc. This software may only be used in accordance with the terms and conditions
 of a written license agreement with Synopsys, Inc. All other use, reproduction,
   or distribution of this software is strictly prohibited.  Licensed Products
     communicate with Synopsys servers for the purpose of providing software
    updates, detecting software piracy and verifying that customers are using
    Licensed Products in conformity with the applicable License Key for such
  Licensed Products. Synopsys will use information gathered in connection with
    this process to deliver software updates and pursue software pirates and
                                   infringers.

 Inclusivity & Diversity - Visit SolvNetPlus to read the "Synopsys Statement on
            Inclusivity and Diversity" (Refer to article 000036315 at
                        https://solvnetplus.synopsys.com)

Parsing design file 'rtl/vending_pkg.sv'
Parsing design file 'rtl/credit_reg.sv'
Parsing design file 'rtl/memory.sv'
Parsing design file 'rtl/comparator.sv'
Parsing design file 'rtl/subtractor.sv'
Parsing design file 'rtl/control_unit.sv'
Parsing design file 'rtl/vending_top.sv'
Parsing design file 'sim/tb_vending.sv'
CPU time: .048 seconds to compile
vcs -full64 -timescale=1ns/1ps -debug_access+all -kdb -top tb_vending -o simv
Doing common elaboration 
                         Chronologic VCS (TM)
       Version X-2025.06-SP2_Full64 -- Thu Jul  9 17:56:39 2026

                    Copyright (c) 1991 - 2025 Synopsys, Inc.
   This software and the associated documentation are proprietary to Synopsys,
 Inc. This software may only be used in accordance with the terms and conditions
 of a written license agreement with Synopsys, Inc. All other use, reproduction,
   or distribution of this software is strictly prohibited.  Licensed Products
     communicate with Synopsys servers for the purpose of providing software
    updates, detecting software piracy and verifying that customers are using
    Licensed Products in conformity with the applicable License Key for such
  Licensed Products. Synopsys will use information gathered in connection with
    this process to deliver software updates and pursue software pirates and
                                   infringers.

 Inclusivity & Diversity - Visit SolvNetPlus to read the "Synopsys Statement on
            Inclusivity and Diversity" (Refer to article 000036315 at
                        https://solvnetplus.synopsys.com)

Top Level Modules:
       tb_vending
TimeScale is 1 ns / 1 ps
Starting vcs inline pass...
2 modules and 0 UDP read.
	However, due to incremental compilation, no re-compilation is necessary.
make[1]: Entering directory '/home/xmen-aluno/Downloads/grupo_NN_vending/csrc'
make[1]: Leaving directory '/home/xmen-aluno/Downloads/grupo_NN_vending/csrc'
make[1]: Entering directory '/home/xmen-aluno/Downloads/grupo_NN_vending/csrc'
rm -f _cuarc*.so _csrc*.so pre_vcsobj_*.so share_vcsobj_*.so
if [ -x ../simv ]; then chmod a-x ../simv; fi
g++  -o ../simv      -rdynamic -Wl,-rpath='$ORIGIN'/simv.daidir -Wl,-rpath=./simv.daidir -Wl,-rpath=/Tools/synopsys/vcs/X-2025.06-SP2/linux64/lib -L/Tools/synopsys/vcs/X-2025.06-SP2/linux64/lib -Wl,-rpath-link=./  /usr/lib64/libnuma.so.1   objs/amcQw_d.o   _9879_archive_1.so _prev_archive_1.so   SIM_l.o      rmapats_mop.o rmapats.o rmar.o rmar_nd.o  rmar_llvm_0_1.o rmar_llvm_0_0.o            -lerrorinf -lsnpsmalloc -lvfs      -lvcsnew -ldistsimclient -lsimprofile -lvirsim -luclinative /Tools/synopsys/vcs/X-2025.06-SP2/linux64/lib/vcs_tls.o   -Wl,-whole-archive  -lvcsucli    -Wl,-no-whole-archive        _vcs_pli_stub_.o   /Tools/synopsys/vcs/X-2025.06-SP2/linux64/lib/vcs_save_restore_new.o /Tools/synopsys/verdi/X-2025.06-SP2/share/PLI/VCS/LINUX64/pli.a -ldl  -lc -lm -lpthread -ldl 
../simv up to date
make[1]: Leaving directory '/home/xmen-aluno/Downloads/grupo_NN_vending/csrc'
CPU time: .165 seconds to compile + .115 seconds to elab + .101 seconds to link
Verdi KDB elaboration done and the database successfully generated
./simv
Info: [VCS_SAVE_RESTORE_INFO] ASLR (Address Space Layout Randomization) is detected on the machine. To enable $save functionality, ASLR will be switched off and simv re-executed.
Please use '-no_save' simv switch to avoid re-execution or '-suppress=ASLR_DETECTED_INFO' to suppress this message.
Chronologic VCS simulator copyright 1991-2025
Contains Synopsys proprietary information.
Compiler version X-2025.06-SP2_Full64; Runtime version X-2025.06-SP2_Full64;  Jul  9 17:56 2026
*Verdi* Loading libsscore_vcs202506.so
FSDB Dumper for VCS, Release Verdi_X-2025.06-SP2, Linux x86_64/64bit, 11/27/2025
(C) 1996 - 2025 by Synopsys, Inc.
*Verdi* FSDB WARNING: The FSDB file already exists. Overwriting the FSDB file may crash the programs that are using this file.
*Verdi* : Create FSDB file 'waves.fsdb'
*Verdi* : Begin traversing the scope (tb_vending), layer (0).
*Verdi* : End of traversing.

CENARIO 1: compra bem-sucedida com troco
PASS: dispense no estado DISPENSE esperado=1 atual=1
PASS: troco do cafe esperado=75 atual=75
PASS: credito zerado ao final esperado=0 atual=0

CENARIO 2: credito insuficiente
PASS: error ativo esperado=1 atual=1
PASS: FSM em ERROR esperado=5 atual=5

CENARIO 3: cancelamento
PASS: credito zerado apos cancel esperado=0 atual=0
PASS: FSM retorna para IDLE esperado=0 atual=0
PASS: devolucao por cancelamento esperado=200 atual=200

CENARIO 4: estoque zerado
PASS: 6a compra de cafe com estoque zerado esperado=1 atual=1
PASS: FSM em ERROR por estoque zero esperado=5 atual=5

RESULTADO: PASS=10 FAIL=0
TODOS OS TESTES PASSARAM
$finish called from file "sim/tb_vending.sv", line 165.
$finish at simulation time               706000
           V C S   S i m u l a t i o n   R e p o r t 
Time: 706000 ps
CPU Time:      0.090 seconds;       Data structure size:   0.0Mb
Thu Jul  9 17:56:40 2026
