 
****************************************
Report : area
Design : vending_top
Version: X-2025.06-SP2
Date   : Thu Jul  9 13:25:06 2026
****************************************

Information: Updating design information... (UID-85)
Library(s) Used:

    saed32rvt_tt1p05v25c (File: /home/xmen-aluno/Downloads/grupo_NN_vending/synth/libs/saed32rvt_tt1p05v25c.db)

Number of ports:                           29
Number of nets:                           382
Number of cells:                          339
Number of combinational cells:            281
Number of sequential cells:                57
Number of macros/black boxes:               0
Number of buf/inv:                         53
Number of references:                      32

Combinational area:                659.249542
Buf/Inv area:                       75.734913
Noncombinational area:             379.691148
Macro/Black Box area:                0.000000
Net Interconnect area:             174.658398

Total cell area:                  1038.940689
Total area:                       1213.599087

Hierarchical area distribution
------------------------------

                                  Global cell area          Local cell area
                                  ------------------  --------------------------- 
Hierarchical cell                 Absolute   Percent  Combi-    Noncombi-  Black-
                                  Total      Total    national  national   boxes   Design
--------------------------------  ---------  -------  --------  ---------  ------  ---------
vending_top                       1038.9407    100.0  659.2495   379.6911  0.0000  vending_top
--------------------------------  ---------  -------  --------  ---------  ------  ---------
Total                                                 659.2495   379.6911  0.0000

1
