Warning: There are infeasible paths detected in your design that were ignored during optimization. Please run 'report_timing -attributes' and/or 'create_qor_snapshot/query_qor_snapshot -infeasible_paths' to identify these paths.  (OPT-1721)
 
****************************************
Report : constraint
        -all_violators
Design : vending_top
Version: X-2025.06-SP2
Date   : Thu Jul  9 13:25:06 2026
****************************************


   max_delay/setup ('clk' group)

                             Required        Actual
   Endpoint                 Path Delay     Path Delay        Slack
   -----------------------------------------------------------------
   u_memory/mem_reg[2][5]/D     1.47           3.91 r        -2.45  (VIOLATED)
   u_memory/mem_reg[1][5]/D     1.47           3.91 r        -2.45  (VIOLATED)
   u_memory/mem_reg[2][3]/D     1.47           3.91 r        -2.45  (VIOLATED)
   u_memory/mem_reg[2][4]/D     1.47           3.91 r        -2.45  (VIOLATED)
   u_memory/mem_reg[1][3]/D     1.47           3.91 r        -2.45  (VIOLATED)
   u_memory/mem_reg[1][4]/D     1.47           3.91 r        -2.45  (VIOLATED)
   u_memory/mem_reg[2][0]/D     1.47           3.90 r        -2.43  (VIOLATED)
   u_memory/mem_reg[2][1]/D     1.47           3.90 r        -2.43  (VIOLATED)
   u_memory/mem_reg[1][2]/D     1.47           3.90 r        -2.43  (VIOLATED)
   u_memory/mem_reg[1][0]/D     1.47           3.90 r        -2.43  (VIOLATED)
   u_memory/mem_reg[1][1]/D     1.47           3.89 r        -2.42  (VIOLATED)
   u_memory/mem_reg[2][2]/D     1.47           3.89 r        -2.42  (VIOLATED)
   u_memory/mem_reg[3][0]/D     1.47           3.88 r        -2.41  (VIOLATED)
   u_memory/mem_reg[3][2]/D     1.47           3.88 r        -2.41  (VIOLATED)
   u_memory/mem_reg[3][3]/D     1.47           3.88 r        -2.41  (VIOLATED)
   u_memory/mem_reg[3][4]/D     1.47           3.88 r        -2.41  (VIOLATED)
   u_memory/mem_reg[3][5]/D     1.47           3.88 r        -2.41  (VIOLATED)
   u_memory/mem_reg[0][1]/D     1.47           3.87 r        -2.40  (VIOLATED)
   u_memory/mem_reg[0][3]/D     1.47           3.87 r        -2.40  (VIOLATED)
   u_memory/mem_reg[0][4]/D     1.47           3.87 r        -2.40  (VIOLATED)
   u_memory/mem_reg[0][5]/D     1.47           3.87 r        -2.40  (VIOLATED)
   u_memory/mem_reg[0][0]/D     1.47           3.87 r        -2.40  (VIOLATED)
   u_memory/mem_reg[0][2]/D     1.47           3.87 r        -2.40  (VIOLATED)
   u_memory/mem_reg[3][1]/D     1.47           3.87 r        -2.40  (VIOLATED)
   u_credit_reg/credit_reg[7]/D
                                1.47           3.48 r        -2.01  (VIOLATED)
   u_credit_reg/credit_reg[5]/D
                                1.47           3.48 r        -2.01  (VIOLATED)
   u_credit_reg/credit_reg[6]/D
                                1.47           3.48 r        -2.01  (VIOLATED)
   u_credit_reg/credit_reg[3]/D
                                1.47           3.47 r        -2.00  (VIOLATED)
   u_credit_reg/credit_reg[4]/D
                                1.47           3.45 r        -1.98  (VIOLATED)
   u_credit_reg/credit_reg[2]/D
                                1.47           3.41 r        -1.94  (VIOLATED)
   u_credit_reg/credit_reg[0]/D
                                1.47           3.40 r        -1.92  (VIOLATED)
   u_credit_reg/credit_reg[1]/D
                                1.47           3.38 r        -1.91  (VIOLATED)
   u_memory/stock_reg[2]/D      1.47           3.35 r        -1.89  (VIOLATED)
   u_memory/stock_reg[0]/D      1.47           3.33 r        -1.86  (VIOLATED)
   u_memory/stock_reg[4]/D      1.47           3.33 r        -1.86  (VIOLATED)
   u_memory/stock_reg[3]/D      1.47           3.33 r        -1.86  (VIOLATED)
   u_memory/stock_reg[1]/D      1.47           3.32 r        -1.86  (VIOLATED)
   u_memory/stock_reg[5]/D      1.47           3.32 r        -1.85  (VIOLATED)
   u_memory/price_reg[1]/D      1.47           3.30 r        -1.84  (VIOLATED)
   u_memory/price_reg[2]/D      1.47           3.30 r        -1.84  (VIOLATED)
   u_memory/price_reg[4]/D      1.47           3.30 r        -1.84  (VIOLATED)
   u_memory/price_reg[5]/D      1.47           3.30 r        -1.84  (VIOLATED)
   u_memory/price_reg[6]/D      1.47           3.30 r        -1.84  (VIOLATED)
   u_memory/price_reg[3]/D      1.47           3.29 r        -1.82  (VIOLATED)
   u_memory/price_reg[0]/D      1.47           3.28 r        -1.81  (VIOLATED)
   u_control_unit/current_state_reg[0]/D
                                1.47           3.28 r        -1.81  (VIOLATED)
   change_out_reg[0]/D          1.47           3.27 r        -1.81  (VIOLATED)
   change_out_reg[7]/D          1.47           3.27 r        -1.81  (VIOLATED)
   change_out_reg[1]/D          1.47           3.26 r        -1.80  (VIOLATED)
   change_out_reg[2]/D          1.47           3.26 r        -1.80  (VIOLATED)
   change_out_reg[3]/D          1.47           3.26 r        -1.80  (VIOLATED)
   change_out_reg[4]/D          1.47           3.26 r        -1.80  (VIOLATED)
   change_out_reg[5]/D          1.47           3.26 r        -1.80  (VIOLATED)
   change_out_reg[6]/D          1.47           3.26 r        -1.80  (VIOLATED)
   error                       -1.50           0.23 f        -1.73  (VIOLATED)
   u_control_unit/current_state_reg[1]/D
                                1.47           3.19 r        -1.72  (VIOLATED)
   dispense                    -1.50           0.22 f        -1.72  (VIOLATED)
   u_control_unit/check_wait_reg/D
                                1.47           3.15 r        -1.68  (VIOLATED)
   u_control_unit/current_state_reg[2]/D
                                1.47           3.15 r        -1.68  (VIOLATED)
   state_out[1]                -1.50           0.10 r        -1.60  (VIOLATED)
   display[2]                  -1.50           0.10 f        -1.60  (VIOLATED)
   display[0]                  -1.50           0.10 f        -1.60  (VIOLATED)
   display[6]                  -1.50           0.10 f        -1.60  (VIOLATED)
   display[5]                  -1.50           0.10 f        -1.60  (VIOLATED)
   display[4]                  -1.50           0.10 f        -1.60  (VIOLATED)
   display[1]                  -1.50           0.10 f        -1.60  (VIOLATED)
   state_out[2]                -1.50           0.10 f        -1.60  (VIOLATED)
   display[3]                  -1.50           0.10 f        -1.60  (VIOLATED)
   display[7]                  -1.50           0.10 f        -1.60  (VIOLATED)
   state_out[0]                -1.50           0.10 f        -1.60  (VIOLATED)
   change_out[0]               -1.50           0.08 f        -1.58  (VIOLATED)
   change_out[7]               -1.50           0.08 f        -1.58  (VIOLATED)
   change_out[1]               -1.50           0.08 f        -1.58  (VIOLATED)
   change_out[2]               -1.50           0.08 f        -1.58  (VIOLATED)
   change_out[3]               -1.50           0.08 f        -1.58  (VIOLATED)
   change_out[4]               -1.50           0.08 f        -1.58  (VIOLATED)
   change_out[5]               -1.50           0.08 f        -1.58  (VIOLATED)
   change_out[6]               -1.50           0.08 f        -1.58  (VIOLATED)


   min_delay/hold ('clk' group)

                             Required        Actual
   Endpoint                 Path Delay     Path Delay        Slack
   -----------------------------------------------------------------
   u_control_unit/current_state_reg[0]/D
                                0.49           0.12 f        -0.37  (VIOLATED)
   u_memory/price_reg[4]/D      0.49           0.13 f        -0.37  (VIOLATED)
   u_memory/stock_reg[0]/D      0.49           0.13 f        -0.37  (VIOLATED)
   u_memory/stock_reg[1]/D      0.49           0.13 f        -0.37  (VIOLATED)
   u_memory/price_reg[2]/D      0.49           0.13 f        -0.37  (VIOLATED)
   u_memory/price_reg[5]/D      0.49           0.13 f        -0.37  (VIOLATED)
   u_memory/price_reg[6]/D      0.49           0.13 f        -0.37  (VIOLATED)
   u_memory/stock_reg[2]/D      0.49           0.13 f        -0.36  (VIOLATED)
   u_memory/stock_reg[4]/D      0.49           0.13 f        -0.36  (VIOLATED)
   u_memory/stock_reg[3]/D      0.49           0.13 f        -0.36  (VIOLATED)
   u_memory/stock_reg[5]/D      0.49           0.13 f        -0.36  (VIOLATED)
   u_memory/mem_reg[2][3]/D     0.49           0.13 f        -0.36  (VIOLATED)
   u_memory/mem_reg[2][4]/D     0.49           0.13 f        -0.36  (VIOLATED)
   u_memory/mem_reg[2][5]/D     0.49           0.13 f        -0.36  (VIOLATED)
   u_memory/mem_reg[1][3]/D     0.49           0.13 f        -0.36  (VIOLATED)
   u_memory/mem_reg[1][4]/D     0.49           0.13 f        -0.36  (VIOLATED)
   u_memory/mem_reg[1][5]/D     0.49           0.13 f        -0.36  (VIOLATED)
   change_out_reg[0]/D          0.49           0.13 f        -0.36  (VIOLATED)
   change_out_reg[7]/D          0.49           0.13 f        -0.36  (VIOLATED)
   u_memory/mem_reg[1][1]/D     0.49           0.14 f        -0.36  (VIOLATED)
   u_memory/mem_reg[2][2]/D     0.49           0.14 f        -0.36  (VIOLATED)
   u_memory/price_reg[0]/D      0.49           0.14 f        -0.36  (VIOLATED)
   u_memory/mem_reg[3][2]/D     0.49           0.14 f        -0.36  (VIOLATED)
   u_memory/mem_reg[3][3]/D     0.49           0.14 f        -0.36  (VIOLATED)
   u_memory/mem_reg[3][4]/D     0.49           0.14 f        -0.36  (VIOLATED)
   u_memory/mem_reg[3][5]/D     0.49           0.14 f        -0.36  (VIOLATED)
   u_memory/mem_reg[0][1]/D     0.49           0.14 f        -0.36  (VIOLATED)
   u_memory/mem_reg[0][3]/D     0.49           0.14 f        -0.36  (VIOLATED)
   u_memory/mem_reg[0][4]/D     0.49           0.14 f        -0.36  (VIOLATED)
   u_memory/mem_reg[0][5]/D     0.49           0.14 f        -0.36  (VIOLATED)
   u_memory/mem_reg[3][0]/D     0.49           0.14 f        -0.36  (VIOLATED)
   u_memory/price_reg[1]/D      0.49           0.14 f        -0.36  (VIOLATED)
   u_memory/mem_reg[3][1]/D     0.49           0.14 f        -0.35  (VIOLATED)
   u_memory/mem_reg[0][0]/D     0.49           0.14 f        -0.35  (VIOLATED)
   u_memory/mem_reg[0][2]/D     0.49           0.14 f        -0.35  (VIOLATED)
   u_memory/mem_reg[1][2]/D     0.49           0.15 f        -0.35  (VIOLATED)
   u_memory/mem_reg[2][0]/D     0.49           0.15 f        -0.35  (VIOLATED)
   u_memory/mem_reg[2][1]/D     0.49           0.15 f        -0.35  (VIOLATED)
   change_out_reg[1]/D          0.49           0.15 f        -0.34  (VIOLATED)
   change_out_reg[2]/D          0.49           0.15 f        -0.34  (VIOLATED)
   change_out_reg[3]/D          0.49           0.15 f        -0.34  (VIOLATED)
   change_out_reg[4]/D          0.49           0.15 f        -0.34  (VIOLATED)
   change_out_reg[5]/D          0.49           0.15 f        -0.34  (VIOLATED)
   change_out_reg[6]/D          0.49           0.15 f        -0.34  (VIOLATED)
   u_memory/mem_reg[1][0]/D     0.49           0.15 r        -0.34  (VIOLATED)
   u_credit_reg/credit_reg[7]/D
                                0.49           0.16 r        -0.34  (VIOLATED)
   u_credit_reg/credit_reg[3]/D
                                0.49           0.16 f        -0.33  (VIOLATED)
   u_credit_reg/credit_reg[4]/D
                                0.49           0.16 f        -0.33  (VIOLATED)
   u_credit_reg/credit_reg[0]/D
                                0.49           0.16 f        -0.33  (VIOLATED)
   u_credit_reg/credit_reg[6]/D
                                0.49           0.16 f        -0.33  (VIOLATED)
   u_credit_reg/credit_reg[5]/D
                                0.49           0.16 f        -0.33  (VIOLATED)
   u_credit_reg/credit_reg[2]/D
                                0.49           0.16 f        -0.33  (VIOLATED)
   u_credit_reg/credit_reg[1]/D
                                0.49           0.17 f        -0.33  (VIOLATED)
   u_control_unit/check_wait_reg/D
                                0.49           0.17 r        -0.31  (VIOLATED)
   u_memory/price_reg[3]/D      0.49           0.19 f        -0.31  (VIOLATED)
   u_control_unit/current_state_reg[1]/D
                                0.49           0.22 f        -0.27  (VIOLATED)
   u_control_unit/current_state_reg[2]/D
                                0.49           0.22 r        -0.27  (VIOLATED)


1
