 
****************************************
Report : power
        -analysis_effort low
Design : vending_top
Version: X-2025.06-SP2
Date   : Thu Jul  9 13:25:06 2026
****************************************


Library(s) Used:

    saed32rvt_tt1p05v25c (File: /home/xmen-aluno/Downloads/grupo_NN_vending/synth/libs/saed32rvt_tt1p05v25c.db)


Operating Conditions: tt1p05v25c   Library: saed32rvt_tt1p05v25c
Wire Load Model Mode: enclosed

Design        Wire Load Model            Library
------------------------------------------------
vending_top            8000              saed32rvt_tt1p05v25c


Global Operating Voltage = 1.05 
Power-specific unit information :
    Voltage Units = 1V
    Capacitance Units = 1.000000ff
    Time Units = 1ns
    Dynamic Power Units = 1uW    (derived from V,C,T units)
    Leakage Power Units = 1pW


Attributes
----------
i - Including register clock pin internal power


  Cell Internal Power  = 204.4742 uW   (96%)
  Net Switching Power  =   7.5604 uW    (4%)
                         ---------
Total Dynamic Power    = 212.0346 uW  (100%)

Cell Leakage Power     = 111.1709 uW


                 Internal         Switching           Leakage            Total
Power Group      Power            Power               Power              Power   (   %    )  Attrs
--------------------------------------------------------------------------------------------------
io_pad             0.0000            0.0000            0.0000            0.0000  (   0.00%)
memory             0.0000            0.0000            0.0000            0.0000  (   0.00%)
black_box          0.0000            0.0000            0.0000            0.0000  (   0.00%)
clock_network    185.7747            0.0000            0.0000          185.7747  (  57.48%)  i
register           3.2045            1.1988        6.0724e+07           65.1277  (  20.15%)
sequential         0.0000            0.0000            0.0000            0.0000  (   0.00%)
combinational     15.4950            6.3616        5.0446e+07           72.3030  (  22.37%)
--------------------------------------------------------------------------------------------------
Total            204.4742 uW         7.5604 uW     1.1117e+08 pW       323.2054 uW
1
