Warning: There are infeasible paths detected in your design that were ignored during optimization. Please run 'report_timing -attributes' and/or 'create_qor_snapshot/query_qor_snapshot -infeasible_paths' to identify these paths.  (OPT-1721)
 
****************************************
Report : qor
Design : vending_top
Version: X-2025.06-SP2
Date   : Thu Jul  9 13:25:06 2026
****************************************


  Timing Path Group 'clk'
  -----------------------------------
  Levels of Logic:              17.00
  Critical Path Length:          0.91
  Critical Path Slack:          -2.45
  Critical Path Clk Period:      2.00
  Total Negative Slack:       -152.88
  No. of Violating Paths:       78.00
  Worst Hold Violation:         -0.37
  Total Hold Violation:        -19.86
  No. of Hold Violations:       57.00
  -----------------------------------


  Cell Count
  -----------------------------------
  Hierarchical Cell Count:          0
  Hierarchical Port Count:          0
  Leaf Cell Count:                338
  Buf/Inv Cell Count:              53
  Buf Cell Count:                   3
  Inv Cell Count:                  50
  CT Buf/Inv Cell Count:            0
  Combinational Cell Count:       281
  Sequential Cell Count:           57
  Macro Count:                      0
  -----------------------------------


  Area
  -----------------------------------
  Combinational Area:      659.249542
  Noncombinational Area:   379.691148
  Buf/Inv Area:             75.734913
  Total Buffer Area:             6.10
  Total Inverter Area:          69.64
  Macro/Black Box Area:      0.000000
  Net Area:                174.658398
  -----------------------------------
  Cell Area:              1038.940689
  Design Area:            1213.599087


  Design Rules
  -----------------------------------
  Total Number of Nets:           382
  Nets With Violations:             0
  Max Trans Violations:             0
  Max Cap Violations:               0
  -----------------------------------


  Hostname: xmen25

  Compile CPU Statistics
  -----------------------------------------
  Resource Sharing:                    0.06
  Logic Optimization:                  0.15
  Mapping Optimization:                1.37
  -----------------------------------------
  Overall Compile Time:                3.37
  Overall Compile Wall Clock Time:     3.69

  --------------------------------------------------------------------

  Design  WNS: 2.45  TNS: 152.88  Number of Violating Paths: 78


  Design (Hold)  WNS: 0.37  TNS: 19.86  Number of Violating Paths: 57

  --------------------------------------------------------------------


1
