 
****************************************
Report : area
Design : vending_top
Version: X-2025.06-SP2
Date   : Fri Aug 21 14:49:29 2026
****************************************

Information: Updating design information... (UID-85)
Library(s) Used:

    saed32rvt_tt1p05v25c (File: /home/xmen-aluno/Desktop/VendingMachine-10of10/synth/libs/saed32rvt_tt1p05v25c.db)

Number of ports:                          138
Number of nets:                           426
Number of cells:                          314
Number of combinational cells:            205
Number of sequential cells:                52
Number of macros/black boxes:               0
Number of buf/inv:                         55
Number of references:                      16

Combinational area:                481.857028
Buf/Inv area:                       71.160320
Noncombinational area:             370.033670
Macro/Black Box area:                0.000000
Net Interconnect area:             158.497075

Total cell area:                   851.890699
Total area:                       1010.387774

Hierarchical area distribution
------------------------------

                                  Global cell area          Local cell area
                                  ------------------  --------------------------- 
Hierarchical cell                 Absolute   Percent  Combi-    Noncombi-  Black-
                                  Total      Total    national  national   boxes   Design
--------------------------------  ---------  -------  --------  ---------  ------  ------------
vending_top                        851.8907    100.0   57.1824    56.9283  0.0000  vending_top
u_comparator                        36.3426      4.3   36.3426     0.0000  0.0000  comparator
u_control_unit                      77.5139      9.1   49.0498    28.4641  0.0000  control_unit
u_credit_reg                       161.6356     19.0  104.7073    56.9283  0.0000  credit_reg
u_memory                           407.3928     47.8  179.6798   227.7130  0.0000  memory
u_subtractor                        54.8951      6.4   54.8951     0.0000  0.0000  subtractor
--------------------------------  ---------  -------  --------  ---------  ------  ------------
Total                                                 481.8570   370.0337  0.0000

1
