 
****************************************
Report : area
Design : vending_top
Version: X-2025.06-SP2
Date   : Thu Jul  9 13:24:51 2026
****************************************

Information: Updating design information... (UID-85)
Library(s) Used:

    saed32rvt_tt1p05v25c (File: /home/xmen-aluno/Downloads/grupo_NN_vending/synth/libs/saed32rvt_tt1p05v25c.db)

Number of ports:                           29
Number of nets:                           264
Number of cells:                          235
Number of combinational cells:            161
Number of sequential cells:                52
Number of macros/black boxes:               0
Number of buf/inv:                         25
Number of references:                      24

Combinational area:                404.088960
Buf/Inv area:                       32.276288
Noncombinational area:             351.227018
Macro/Black Box area:                0.000000
Net Interconnect area:             147.915232

Total cell area:                   755.315978
Total area:                        903.231210

Hierarchical area distribution
------------------------------

                                  Global cell area          Local cell area
                                  ------------------  --------------------------- 
Hierarchical cell                 Absolute   Percent  Combi-    Noncombi-  Black-
                                  Total      Total    national  national   boxes   Design
--------------------------------  ---------  -------  --------  ---------  ------  ---------
vending_top                        755.3160    100.0  404.0890   351.2270  0.0000  vending_top
--------------------------------  ---------  -------  --------  ---------  ------  ---------
Total                                                 404.0890   351.2270  0.0000

1
