 
****************************************
Report : constraint
        -all_violators
Design : vending_top
Version: X-2025.06-SP2
Date   : Fri Aug 21 14:55:51 2026
****************************************


   min_delay/hold ('clk' group)

                             Required        Actual
   Endpoint                 Path Delay     Path Delay        Slack
   -----------------------------------------------------------------
   u_control_unit/current_state_reg[0]/RSTB
                                0.48           0.15 f        -0.33  (VIOLATED)
   u_memory/price_reg[6]/RSTB
                                0.48           0.16 f        -0.32  (VIOLATED)
   u_memory/price_reg[2]/RSTB
                                0.48           0.16 f        -0.32  (VIOLATED)
   u_memory/price_reg[5]/RSTB
                                0.48           0.16 f        -0.32  (VIOLATED)
   u_credit_reg/credit_reg[0]/RSTB
                                0.48           0.16 f        -0.32  (VIOLATED)
   u_control_unit/check_wait_reg/RSTB
                                0.48           0.16 f        -0.32  (VIOLATED)
   change_out_reg[6]/SETB       0.49           0.17 r        -0.32  (VIOLATED)
   change_out_reg[0]/RSTB       0.48           0.16 f        -0.32  (VIOLATED)
   u_memory/price_reg[3]/RSTB
                                0.48           0.16 f        -0.32  (VIOLATED)
   u_memory/price_reg[4]/RSTB
                                0.48           0.16 f        -0.32  (VIOLATED)
   u_memory/stock_reg[4]/RSTB
                                0.48           0.17 f        -0.32  (VIOLATED)
   change_out_reg[7]/RSTB       0.48           0.17 f        -0.31  (VIOLATED)
   u_memory/price_reg[0]/RSTB
                                0.48           0.17 f        -0.31  (VIOLATED)
   u_memory/mem_reg[1][1]/RSTB
                                0.48           0.17 f        -0.31  (VIOLATED)
   u_memory/mem_reg[1][3]/RSTB
                                0.48           0.17 f        -0.31  (VIOLATED)
   u_memory/mem_reg[1][4]/RSTB
                                0.48           0.17 f        -0.31  (VIOLATED)
   u_memory/mem_reg[2][2]/RSTB
                                0.48           0.17 f        -0.31  (VIOLATED)
   u_memory/mem_reg[2][3]/RSTB
                                0.48           0.17 f        -0.31  (VIOLATED)
   u_memory/mem_reg[2][4]/RSTB
                                0.48           0.17 f        -0.31  (VIOLATED)
   u_memory/mem_reg[3][0]/RSTB
                                0.48           0.17 f        -0.31  (VIOLATED)
   u_memory/mem_reg[0][1]/RSTB
                                0.48           0.17 f        -0.31  (VIOLATED)
   u_memory/mem_reg[0][3]/RSTB
                                0.48           0.17 f        -0.31  (VIOLATED)
   u_memory/mem_reg[0][4]/RSTB
                                0.48           0.17 f        -0.31  (VIOLATED)
   u_memory/mem_reg[3][2]/RSTB
                                0.48           0.17 f        -0.31  (VIOLATED)
   u_memory/mem_reg[3][3]/RSTB
                                0.48           0.17 f        -0.31  (VIOLATED)
   u_memory/mem_reg[3][4]/RSTB
                                0.48           0.17 f        -0.31  (VIOLATED)
   u_memory/mem_reg[2][0]/RSTB
                                0.48           0.17 f        -0.31  (VIOLATED)
   u_memory/mem_reg[0][0]/RSTB
                                0.48           0.17 f        -0.31  (VIOLATED)
   u_memory/mem_reg[1][0]/RSTB
                                0.48           0.17 f        -0.31  (VIOLATED)
   u_memory/stock_reg[0]/RSTB
                                0.48           0.17 f        -0.31  (VIOLATED)
   u_memory/stock_reg[2]/RSTB
                                0.48           0.17 f        -0.31  (VIOLATED)
   u_memory/stock_reg[3]/RSTB
                                0.48           0.17 f        -0.31  (VIOLATED)
   u_memory/stock_reg[1]/RSTB
                                0.48           0.17 f        -0.31  (VIOLATED)
   change_out_reg[2]/RSTB       0.48           0.17 f        -0.31  (VIOLATED)
   u_credit_reg/credit_reg[2]/RSTB
                                0.48           0.18 f        -0.30  (VIOLATED)
   u_memory/mem_reg[3][1]/RSTB
                                0.48           0.18 f        -0.30  (VIOLATED)
   u_memory/mem_reg[1][2]/RSTB
                                0.48           0.18 f        -0.30  (VIOLATED)
   u_memory/mem_reg[2][1]/RSTB
                                0.48           0.18 f        -0.30  (VIOLATED)
   u_memory/mem_reg[0][2]/RSTB
                                0.48           0.18 f        -0.30  (VIOLATED)
   u_memory/price_reg[1]/RSTB
                                0.48           0.18 f        -0.30  (VIOLATED)
   change_out_reg[5]/RSTB       0.48           0.18 f        -0.30  (VIOLATED)
   change_out_reg[4]/RSTB       0.48           0.18 f        -0.30  (VIOLATED)
   change_out_reg[3]/RSTB       0.48           0.18 f        -0.30  (VIOLATED)
   u_credit_reg/credit_reg[7]/RSTB
                                0.48           0.18 f        -0.30  (VIOLATED)
   u_credit_reg/credit_reg[1]/RSTB
                                0.48           0.19 f        -0.30  (VIOLATED)
   u_credit_reg/credit_reg[3]/RSTB
                                0.48           0.19 f        -0.29  (VIOLATED)
   u_credit_reg/credit_reg[6]/RSTB
                                0.48           0.19 f        -0.29  (VIOLATED)
   u_control_unit/current_state_reg[1]/SETB
                                0.50           0.20 r        -0.29  (VIOLATED)
   u_credit_reg/credit_reg[5]/RSTB
                                0.48           0.19 f        -0.29  (VIOLATED)
   change_out_reg[1]/RSTB       0.48           0.20 f        -0.29  (VIOLATED)
   u_credit_reg/credit_reg[4]/RSTB
                                0.48           0.20 f        -0.28  (VIOLATED)
   u_control_unit/current_state_reg[2]/RSTB
                                0.48           0.20 f        -0.28  (VIOLATED)


1
