 
****************************************
Report : power
        -analysis_effort low
Design : vending_top
Version: X-2025.06-SP2
Date   : Fri Aug 21 14:55:51 2026
****************************************


Library(s) Used:

    saed32rvt_tt1p05v25c (File: /home/xmen-aluno/Desktop/VendingMachine-10of10/synth/libs/saed32rvt_tt1p05v25c.db)


Operating Conditions: tt1p05v25c   Library: saed32rvt_tt1p05v25c
Wire Load Model Mode: enclosed

Design        Wire Load Model            Library
------------------------------------------------
vending_top            8000              saed32rvt_tt1p05v25c


Global Operating Voltage = 1.05 
Power-specific unit information :
    Voltage Units = 1V
    Capacitance Units = 1.000000ff
    Time Units = 1ns
    Dynamic Power Units = 1uW    (derived from V,C,T units)
    Leakage Power Units = 1pW


Attributes
----------
i - Including register clock pin internal power


  Cell Internal Power  = 111.5185 uW   (98%)
  Net Switching Power  =   2.3858 uW    (2%)
                         ---------
Total Dynamic Power    = 113.9043 uW  (100%)

Cell Leakage Power     =  75.0674 uW


                 Internal         Switching           Leakage            Total
Power Group      Power            Power               Power              Power   (   %    )  Attrs
--------------------------------------------------------------------------------------------------
io_pad             0.0000            0.0000            0.0000            0.0000  (   0.00%)
memory             0.0000            0.0000            0.0000            0.0000  (   0.00%)
black_box          0.0000            0.0000            0.0000            0.0000  (   0.00%)
clock_network    107.8479            0.0000            0.0000          107.8479  (  57.07%)  i
register           0.2378            0.5079        4.9455e+07           50.2009  (  26.57%)
sequential         0.0000            0.0000            0.0000            0.0000  (   0.00%)
combinational      3.4327            1.8780        2.5612e+07           30.9229  (  16.36%)
--------------------------------------------------------------------------------------------------
Total            111.5185 uW         2.3858 uW     7.5067e+07 pW       188.9717 uW
1
