 
****************************************
Report : area
Design : vending_top
Version: X-2025.06-SP2
Date   : Fri Aug 21 14:55:36 2026
****************************************

Information: Updating design information... (UID-85)
Library(s) Used:

    saed32rvt_tt1p05v25c (File: /home/xmen-aluno/Desktop/VendingMachine-10of10/synth/libs/saed32rvt_tt1p05v25c.db)

Number of ports:                           29
Number of nets:                           293
Number of cells:                          264
Number of combinational cells:            158
Number of sequential cells:                52
Number of macros/black boxes:               0
Number of buf/inv:                         25
Number of references:                      23

Combinational area:                394.177344
Buf/Inv area:                       32.022144
Noncombinational area:             370.033670
Macro/Black Box area:                0.000000
Net Interconnect area:             151.956012

Total cell area:                   764.211015
Total area:                        916.167027

Hierarchical area distribution
------------------------------

                                  Global cell area          Local cell area
                                  ------------------  --------------------------- 
Hierarchical cell                 Absolute   Percent  Combi-    Noncombi-  Black-
                                  Total      Total    national  national   boxes   Design
--------------------------------  ---------  -------  --------  ---------  ------  ---------
vending_top                        764.2110    100.0  394.1773   370.0337  0.0000  vending_top
--------------------------------  ---------  -------  --------  ---------  ------  ---------
Total                                                 394.1773   370.0337  0.0000

1
