 
****************************************
Report : timing
        -path full
        -delay max
        -max_paths 10
Design : vending_top
Version: X-2025.06-SP2
Date   : Thu Jul  9 13:24:20 2026
****************************************

Operating Conditions: tt1p05v25c   Library: saed32rvt_tt1p05v25c
Wire Load Model Mode: enclosed

  Startpoint: coin_in[1] (input port clocked by clk)
  Endpoint: u_credit_reg/credit_reg[6]
            (rising edge-triggered flip-flop clocked by clk)
  Path Group: clk
  Path Type: max

  Des/Clust/Port     Wire Load Model       Library
  ------------------------------------------------
  vending_top        8000                  saed32rvt_tt1p05v25c
  credit_reg         ForQA                 saed32rvt_tt1p05v25c

  Point                                                   Incr       Path
  --------------------------------------------------------------------------
  clock clk (rise edge)                                   0.00       0.00
  clock network delay (ideal)                             0.00       0.00
  input external delay                                    3.00       3.00 f
  coin_in[1] (in)                                         0.02       3.02 f
  U33/Y (INVX0_RVT)                                       0.04       3.06 r
  U35/Y (AND2X1_RVT)                                      0.06       3.12 r
  u_credit_reg/coin_value[3] (credit_reg)                 0.00       3.12 r
  u_credit_reg/U15/Y (AND2X1_RVT)                         0.06       3.18 r
  u_credit_reg/U20/Y (AO222X1_RVT)                        0.11       3.29 r
  u_credit_reg/U26/Y (AO222X1_RVT)                        0.10       3.39 r
  u_credit_reg/U32/Y (AO222X1_RVT)                        0.10       3.49 r
  u_credit_reg/U38/Y (AO222X1_RVT)                        0.10       3.59 r
  u_credit_reg/U44/Y (AO222X1_RVT)                        0.09       3.68 r
  u_credit_reg/U45/Y (OR2X1_RVT)                          0.06       3.73 r
  u_credit_reg/U47/Y (NAND3X0_RVT)                        0.06       3.79 f
  u_credit_reg/U48/Y (INVX0_RVT)                          0.04       3.83 r
  u_credit_reg/U49/Y (OA221X1_RVT)                        0.06       3.89 r
  u_credit_reg/credit_reg[6]/SETB (DFFSSRX1_RVT)          0.01       3.91 r
  data arrival time                                                  3.91

  clock clk (rise edge)                                   6.00       6.00
  clock network delay (ideal)                             0.00       6.00
  clock uncertainty                                      -0.50       5.50
  u_credit_reg/credit_reg[6]/CLK (DFFSSRX1_RVT)           0.00       5.50 r
  library setup time                                     -0.10       5.40
  data required time                                                 5.40
  --------------------------------------------------------------------------
  data required time                                                 5.40
  data arrival time                                                 -3.91
  --------------------------------------------------------------------------
  slack (MET)                                                        1.50


  Startpoint: coin_in[1] (input port clocked by clk)
  Endpoint: u_credit_reg/credit_reg[7]
            (rising edge-triggered flip-flop clocked by clk)
  Path Group: clk
  Path Type: max

  Des/Clust/Port     Wire Load Model       Library
  ------------------------------------------------
  vending_top        8000                  saed32rvt_tt1p05v25c
  credit_reg         ForQA                 saed32rvt_tt1p05v25c

  Point                                                   Incr       Path
  --------------------------------------------------------------------------
  clock clk (rise edge)                                   0.00       0.00
  clock network delay (ideal)                             0.00       0.00
  input external delay                                    3.00       3.00 f
  coin_in[1] (in)                                         0.02       3.02 f
  U33/Y (INVX0_RVT)                                       0.04       3.06 r
  U35/Y (AND2X1_RVT)                                      0.06       3.12 r
  u_credit_reg/coin_value[3] (credit_reg)                 0.00       3.12 r
  u_credit_reg/U15/Y (AND2X1_RVT)                         0.06       3.18 r
  u_credit_reg/U20/Y (AO222X1_RVT)                        0.11       3.29 r
  u_credit_reg/U26/Y (AO222X1_RVT)                        0.10       3.39 r
  u_credit_reg/U32/Y (AO222X1_RVT)                        0.10       3.49 r
  u_credit_reg/U38/Y (AO222X1_RVT)                        0.10       3.59 r
  u_credit_reg/U44/Y (AO222X1_RVT)                        0.09       3.68 r
  u_credit_reg/U45/Y (OR2X1_RVT)                          0.06       3.73 r
  u_credit_reg/U4/Y (AND2X1_RVT)                          0.05       3.78 r
  u_credit_reg/U3/Y (AND2X1_RVT)                          0.04       3.82 r
  u_credit_reg/U50/SO (HADDX1_RVT)                        0.08       3.90 f
  u_credit_reg/U51/Y (AND2X1_RVT)                         0.04       3.95 f
  u_credit_reg/credit_reg[7]/D (DFFX1_RVT)                0.01       3.96 f
  data arrival time                                                  3.96

  clock clk (rise edge)                                   6.00       6.00
  clock network delay (ideal)                             0.00       6.00
  clock uncertainty                                      -0.50       5.50
  u_credit_reg/credit_reg[7]/CLK (DFFX1_RVT)              0.00       5.50 r
  library setup time                                     -0.02       5.48
  data required time                                                 5.48
  --------------------------------------------------------------------------
  data required time                                                 5.48
  data arrival time                                                 -3.96
  --------------------------------------------------------------------------
  slack (MET)                                                        1.52


  Startpoint: sel_item[0]
              (input port clocked by clk)
  Endpoint: u_memory/mem_reg[3][0]
            (rising edge-triggered flip-flop clocked by clk)
  Path Group: clk
  Path Type: max

  Des/Clust/Port     Wire Load Model       Library
  ------------------------------------------------
  vending_top        8000                  saed32rvt_tt1p05v25c
  memory             8000                  saed32rvt_tt1p05v25c

  Point                                                   Incr       Path
  --------------------------------------------------------------------------
  clock clk (rise edge)                                   0.00       0.00
  clock network delay (ideal)                             0.00       0.00
  input external delay                                    3.00       3.00 r
  sel_item[0] (in)                                        0.00       3.00 r
  U27/Y (INVX0_RVT)                                       0.04       3.04 f
  U28/Y (INVX4_RVT)                                       0.09       3.13 r
  u_memory/addr[0] (memory)                               0.00       3.13 r
  u_memory/U13/Y (MUX41X1_RVT)                            0.21       3.34 r
  u_memory/U15/Y (OR2X1_RVT)                              0.06       3.40 r
  u_memory/U16/Y (OR2X1_RVT)                              0.05       3.46 r
  u_memory/U17/Y (OR2X1_RVT)                              0.05       3.51 r
  u_memory/U18/Y (OR2X1_RVT)                              0.05       3.56 r
  u_memory/U19/Y (OR2X1_RVT)                              0.05       3.61 r
  u_memory/U20/Y (NAND2X0_RVT)                            0.05       3.66 f
  u_memory/U22/Y (OA21X1_RVT)                             0.07       3.73 f
  u_memory/U24/Y (INVX0_RVT)                              0.04       3.77 r
  u_memory/U25/Y (AND2X1_RVT)                             0.05       3.82 r
  u_memory/U26/Y (AO22X1_RVT)                             0.05       3.88 r
  u_memory/mem_reg[3][0]/D (DFFX1_RVT)                    0.01       3.89 r
  data arrival time                                                  3.89

  clock clk (rise edge)                                   6.00       6.00
  clock network delay (ideal)                             0.00       6.00
  clock uncertainty                                      -0.50       5.50
  u_memory/mem_reg[3][0]/CLK (DFFX1_RVT)                  0.00       5.50 r
  library setup time                                     -0.03       5.47
  data required time                                                 5.47
  --------------------------------------------------------------------------
  data required time                                                 5.47
  data arrival time                                                 -3.89
  --------------------------------------------------------------------------
  slack (MET)                                                        1.58


  Startpoint: sel_item[0]
              (input port clocked by clk)
  Endpoint: u_memory/mem_reg[2][2]
            (rising edge-triggered flip-flop clocked by clk)
  Path Group: clk
  Path Type: max

  Des/Clust/Port     Wire Load Model       Library
  ------------------------------------------------
  vending_top        8000                  saed32rvt_tt1p05v25c
  memory             8000                  saed32rvt_tt1p05v25c

  Point                                                   Incr       Path
  --------------------------------------------------------------------------
  clock clk (rise edge)                                   0.00       0.00
  clock network delay (ideal)                             0.00       0.00
  input external delay                                    3.00       3.00 r
  sel_item[0] (in)                                        0.00       3.00 r
  U27/Y (INVX0_RVT)                                       0.04       3.04 f
  U28/Y (INVX4_RVT)                                       0.09       3.13 r
  u_memory/addr[0] (memory)                               0.00       3.13 r
  u_memory/U13/Y (MUX41X1_RVT)                            0.21       3.34 r
  u_memory/U15/Y (OR2X1_RVT)                              0.06       3.40 r
  u_memory/U16/Y (OR2X1_RVT)                              0.05       3.46 r
  u_memory/U17/Y (OR2X1_RVT)                              0.05       3.51 r
  u_memory/U18/Y (OR2X1_RVT)                              0.05       3.56 r
  u_memory/U19/Y (OR2X1_RVT)                              0.05       3.61 r
  u_memory/U20/Y (NAND2X0_RVT)                            0.05       3.66 f
  u_memory/U41/Y (OA21X1_RVT)                             0.07       3.73 f
  u_memory/U42/Y (INVX0_RVT)                              0.05       3.77 r
  u_memory/U46/Y (AND2X1_RVT)                             0.05       3.82 r
  u_memory/U47/Y (AO22X1_RVT)                             0.05       3.87 r
  u_memory/mem_reg[2][2]/D (DFFX1_RVT)                    0.01       3.89 r
  data arrival time                                                  3.89

  clock clk (rise edge)                                   6.00       6.00
  clock network delay (ideal)                             0.00       6.00
  clock uncertainty                                      -0.50       5.50
  u_memory/mem_reg[2][2]/CLK (DFFX1_RVT)                  0.00       5.50 r
  library setup time                                     -0.03       5.47
  data required time                                                 5.47
  --------------------------------------------------------------------------
  data required time                                                 5.47
  data arrival time                                                 -3.89
  --------------------------------------------------------------------------
  slack (MET)                                                        1.58


  Startpoint: sel_item[0]
              (input port clocked by clk)
  Endpoint: u_memory/mem_reg[1][1]
            (rising edge-triggered flip-flop clocked by clk)
  Path Group: clk
  Path Type: max

  Des/Clust/Port     Wire Load Model       Library
  ------------------------------------------------
  vending_top        8000                  saed32rvt_tt1p05v25c
  memory             8000                  saed32rvt_tt1p05v25c

  Point                                                   Incr       Path
  --------------------------------------------------------------------------
  clock clk (rise edge)                                   0.00       0.00
  clock network delay (ideal)                             0.00       0.00
  input external delay                                    3.00       3.00 r
  sel_item[0] (in)                                        0.00       3.00 r
  U27/Y (INVX0_RVT)                                       0.04       3.04 f
  U28/Y (INVX4_RVT)                                       0.09       3.13 r
  u_memory/addr[0] (memory)                               0.00       3.13 r
  u_memory/U13/Y (MUX41X1_RVT)                            0.21       3.34 r
  u_memory/U15/Y (OR2X1_RVT)                              0.06       3.40 r
  u_memory/U16/Y (OR2X1_RVT)                              0.05       3.46 r
  u_memory/U17/Y (OR2X1_RVT)                              0.05       3.51 r
  u_memory/U18/Y (OR2X1_RVT)                              0.05       3.56 r
  u_memory/U19/Y (OR2X1_RVT)                              0.05       3.61 r
  u_memory/U20/Y (NAND2X0_RVT)                            0.05       3.66 f
  u_memory/U52/Y (OA21X1_RVT)                             0.07       3.73 f
  u_memory/U53/Y (INVX0_RVT)                              0.05       3.77 r
  u_memory/U55/Y (AND2X1_RVT)                             0.05       3.82 r
  u_memory/U56/Y (AO22X1_RVT)                             0.05       3.87 r
  u_memory/mem_reg[1][1]/D (DFFX1_RVT)                    0.01       3.89 r
  data arrival time                                                  3.89

  clock clk (rise edge)                                   6.00       6.00
  clock network delay (ideal)                             0.00       6.00
  clock uncertainty                                      -0.50       5.50
  u_memory/mem_reg[1][1]/CLK (DFFX1_RVT)                  0.00       5.50 r
  library setup time                                     -0.03       5.47
  data required time                                                 5.47
  --------------------------------------------------------------------------
  data required time                                                 5.47
  data arrival time                                                 -3.89
  --------------------------------------------------------------------------
  slack (MET)                                                        1.58


  Startpoint: sel_item[0]
              (input port clocked by clk)
  Endpoint: u_memory/mem_reg[1][3]
            (rising edge-triggered flip-flop clocked by clk)
  Path Group: clk
  Path Type: max

  Des/Clust/Port     Wire Load Model       Library
  ------------------------------------------------
  vending_top        8000                  saed32rvt_tt1p05v25c
  memory             8000                  saed32rvt_tt1p05v25c

  Point                                                   Incr       Path
  --------------------------------------------------------------------------
  clock clk (rise edge)                                   0.00       0.00
  clock network delay (ideal)                             0.00       0.00
  input external delay                                    3.00       3.00 r
  sel_item[0] (in)                                        0.00       3.00 r
  U27/Y (INVX0_RVT)                                       0.04       3.04 f
  U28/Y (INVX4_RVT)                                       0.09       3.13 r
  u_memory/addr[0] (memory)                               0.00       3.13 r
  u_memory/U13/Y (MUX41X1_RVT)                            0.21       3.34 r
  u_memory/U15/Y (OR2X1_RVT)                              0.06       3.40 r
  u_memory/U16/Y (OR2X1_RVT)                              0.05       3.46 r
  u_memory/U17/Y (OR2X1_RVT)                              0.05       3.51 r
  u_memory/U18/Y (OR2X1_RVT)                              0.05       3.56 r
  u_memory/U19/Y (OR2X1_RVT)                              0.05       3.61 r
  u_memory/U20/Y (NAND2X0_RVT)                            0.05       3.66 f
  u_memory/U52/Y (OA21X1_RVT)                             0.07       3.73 f
  u_memory/U53/Y (INVX0_RVT)                              0.05       3.77 r
  u_memory/U55/Y (AND2X1_RVT)                             0.05       3.82 r
  u_memory/U58/Y (AO22X1_RVT)                             0.05       3.87 r
  u_memory/mem_reg[1][3]/D (DFFX1_RVT)                    0.01       3.89 r
  data arrival time                                                  3.89

  clock clk (rise edge)                                   6.00       6.00
  clock network delay (ideal)                             0.00       6.00
  clock uncertainty                                      -0.50       5.50
  u_memory/mem_reg[1][3]/CLK (DFFX1_RVT)                  0.00       5.50 r
  library setup time                                     -0.03       5.47
  data required time                                                 5.47
  --------------------------------------------------------------------------
  data required time                                                 5.47
  data arrival time                                                 -3.89
  --------------------------------------------------------------------------
  slack (MET)                                                        1.58


  Startpoint: sel_item[0]
              (input port clocked by clk)
  Endpoint: u_memory/mem_reg[1][4]
            (rising edge-triggered flip-flop clocked by clk)
  Path Group: clk
  Path Type: max

  Des/Clust/Port     Wire Load Model       Library
  ------------------------------------------------
  vending_top        8000                  saed32rvt_tt1p05v25c
  memory             8000                  saed32rvt_tt1p05v25c

  Point                                                   Incr       Path
  --------------------------------------------------------------------------
  clock clk (rise edge)                                   0.00       0.00
  clock network delay (ideal)                             0.00       0.00
  input external delay                                    3.00       3.00 r
  sel_item[0] (in)                                        0.00       3.00 r
  U27/Y (INVX0_RVT)                                       0.04       3.04 f
  U28/Y (INVX4_RVT)                                       0.09       3.13 r
  u_memory/addr[0] (memory)                               0.00       3.13 r
  u_memory/U13/Y (MUX41X1_RVT)                            0.21       3.34 r
  u_memory/U15/Y (OR2X1_RVT)                              0.06       3.40 r
  u_memory/U16/Y (OR2X1_RVT)                              0.05       3.46 r
  u_memory/U17/Y (OR2X1_RVT)                              0.05       3.51 r
  u_memory/U18/Y (OR2X1_RVT)                              0.05       3.56 r
  u_memory/U19/Y (OR2X1_RVT)                              0.05       3.61 r
  u_memory/U20/Y (NAND2X0_RVT)                            0.05       3.66 f
  u_memory/U52/Y (OA21X1_RVT)                             0.07       3.73 f
  u_memory/U53/Y (INVX0_RVT)                              0.05       3.77 r
  u_memory/U55/Y (AND2X1_RVT)                             0.05       3.82 r
  u_memory/U59/Y (AO22X1_RVT)                             0.05       3.87 r
  u_memory/mem_reg[1][4]/D (DFFX1_RVT)                    0.01       3.89 r
  data arrival time                                                  3.89

  clock clk (rise edge)                                   6.00       6.00
  clock network delay (ideal)                             0.00       6.00
  clock uncertainty                                      -0.50       5.50
  u_memory/mem_reg[1][4]/CLK (DFFX1_RVT)                  0.00       5.50 r
  library setup time                                     -0.03       5.47
  data required time                                                 5.47
  --------------------------------------------------------------------------
  data required time                                                 5.47
  data arrival time                                                 -3.89
  --------------------------------------------------------------------------
  slack (MET)                                                        1.58


  Startpoint: sel_item[0]
              (input port clocked by clk)
  Endpoint: u_memory/mem_reg[0][1]
            (rising edge-triggered flip-flop clocked by clk)
  Path Group: clk
  Path Type: max

  Des/Clust/Port     Wire Load Model       Library
  ------------------------------------------------
  vending_top        8000                  saed32rvt_tt1p05v25c
  memory             8000                  saed32rvt_tt1p05v25c

  Point                                                   Incr       Path
  --------------------------------------------------------------------------
  clock clk (rise edge)                                   0.00       0.00
  clock network delay (ideal)                             0.00       0.00
  input external delay                                    3.00       3.00 r
  sel_item[0] (in)                                        0.00       3.00 r
  U27/Y (INVX0_RVT)                                       0.04       3.04 f
  U28/Y (INVX4_RVT)                                       0.09       3.13 r
  u_memory/addr[0] (memory)                               0.00       3.13 r
  u_memory/U13/Y (MUX41X1_RVT)                            0.21       3.34 r
  u_memory/U15/Y (OR2X1_RVT)                              0.06       3.40 r
  u_memory/U16/Y (OR2X1_RVT)                              0.05       3.46 r
  u_memory/U17/Y (OR2X1_RVT)                              0.05       3.51 r
  u_memory/U18/Y (OR2X1_RVT)                              0.05       3.56 r
  u_memory/U19/Y (OR2X1_RVT)                              0.05       3.61 r
  u_memory/U20/Y (NAND2X0_RVT)                            0.05       3.66 f
  u_memory/U61/Y (OA21X1_RVT)                             0.07       3.73 f
  u_memory/U62/Y (INVX0_RVT)                              0.05       3.77 r
  u_memory/U64/Y (AND2X1_RVT)                             0.05       3.82 r
  u_memory/U65/Y (AO22X1_RVT)                             0.05       3.87 r
  u_memory/mem_reg[0][1]/D (DFFX1_RVT)                    0.01       3.89 r
  data arrival time                                                  3.89

  clock clk (rise edge)                                   6.00       6.00
  clock network delay (ideal)                             0.00       6.00
  clock uncertainty                                      -0.50       5.50
  u_memory/mem_reg[0][1]/CLK (DFFX1_RVT)                  0.00       5.50 r
  library setup time                                     -0.03       5.47
  data required time                                                 5.47
  --------------------------------------------------------------------------
  data required time                                                 5.47
  data arrival time                                                 -3.89
  --------------------------------------------------------------------------
  slack (MET)                                                        1.58


  Startpoint: sel_item[0]
              (input port clocked by clk)
  Endpoint: u_memory/mem_reg[0][3]
            (rising edge-triggered flip-flop clocked by clk)
  Path Group: clk
  Path Type: max

  Des/Clust/Port     Wire Load Model       Library
  ------------------------------------------------
  vending_top        8000                  saed32rvt_tt1p05v25c
  memory             8000                  saed32rvt_tt1p05v25c

  Point                                                   Incr       Path
  --------------------------------------------------------------------------
  clock clk (rise edge)                                   0.00       0.00
  clock network delay (ideal)                             0.00       0.00
  input external delay                                    3.00       3.00 r
  sel_item[0] (in)                                        0.00       3.00 r
  U27/Y (INVX0_RVT)                                       0.04       3.04 f
  U28/Y (INVX4_RVT)                                       0.09       3.13 r
  u_memory/addr[0] (memory)                               0.00       3.13 r
  u_memory/U13/Y (MUX41X1_RVT)                            0.21       3.34 r
  u_memory/U15/Y (OR2X1_RVT)                              0.06       3.40 r
  u_memory/U16/Y (OR2X1_RVT)                              0.05       3.46 r
  u_memory/U17/Y (OR2X1_RVT)                              0.05       3.51 r
  u_memory/U18/Y (OR2X1_RVT)                              0.05       3.56 r
  u_memory/U19/Y (OR2X1_RVT)                              0.05       3.61 r
  u_memory/U20/Y (NAND2X0_RVT)                            0.05       3.66 f
  u_memory/U61/Y (OA21X1_RVT)                             0.07       3.73 f
  u_memory/U62/Y (INVX0_RVT)                              0.05       3.77 r
  u_memory/U64/Y (AND2X1_RVT)                             0.05       3.82 r
  u_memory/U67/Y (AO22X1_RVT)                             0.05       3.87 r
  u_memory/mem_reg[0][3]/D (DFFX1_RVT)                    0.01       3.89 r
  data arrival time                                                  3.89

  clock clk (rise edge)                                   6.00       6.00
  clock network delay (ideal)                             0.00       6.00
  clock uncertainty                                      -0.50       5.50
  u_memory/mem_reg[0][3]/CLK (DFFX1_RVT)                  0.00       5.50 r
  library setup time                                     -0.03       5.47
  data required time                                                 5.47
  --------------------------------------------------------------------------
  data required time                                                 5.47
  data arrival time                                                 -3.89
  --------------------------------------------------------------------------
  slack (MET)                                                        1.58


  Startpoint: sel_item[0]
              (input port clocked by clk)
  Endpoint: u_memory/mem_reg[0][4]
            (rising edge-triggered flip-flop clocked by clk)
  Path Group: clk
  Path Type: max

  Des/Clust/Port     Wire Load Model       Library
  ------------------------------------------------
  vending_top        8000                  saed32rvt_tt1p05v25c
  memory             8000                  saed32rvt_tt1p05v25c

  Point                                                   Incr       Path
  --------------------------------------------------------------------------
  clock clk (rise edge)                                   0.00       0.00
  clock network delay (ideal)                             0.00       0.00
  input external delay                                    3.00       3.00 r
  sel_item[0] (in)                                        0.00       3.00 r
  U27/Y (INVX0_RVT)                                       0.04       3.04 f
  U28/Y (INVX4_RVT)                                       0.09       3.13 r
  u_memory/addr[0] (memory)                               0.00       3.13 r
  u_memory/U13/Y (MUX41X1_RVT)                            0.21       3.34 r
  u_memory/U15/Y (OR2X1_RVT)                              0.06       3.40 r
  u_memory/U16/Y (OR2X1_RVT)                              0.05       3.46 r
  u_memory/U17/Y (OR2X1_RVT)                              0.05       3.51 r
  u_memory/U18/Y (OR2X1_RVT)                              0.05       3.56 r
  u_memory/U19/Y (OR2X1_RVT)                              0.05       3.61 r
  u_memory/U20/Y (NAND2X0_RVT)                            0.05       3.66 f
  u_memory/U61/Y (OA21X1_RVT)                             0.07       3.73 f
  u_memory/U62/Y (INVX0_RVT)                              0.05       3.77 r
  u_memory/U64/Y (AND2X1_RVT)                             0.05       3.82 r
  u_memory/U68/Y (AO22X1_RVT)                             0.05       3.87 r
  u_memory/mem_reg[0][4]/D (DFFX1_RVT)                    0.01       3.89 r
  data arrival time                                                  3.89

  clock clk (rise edge)                                   6.00       6.00
  clock network delay (ideal)                             0.00       6.00
  clock uncertainty                                      -0.50       5.50
  u_memory/mem_reg[0][4]/CLK (DFFX1_RVT)                  0.00       5.50 r
  library setup time                                     -0.03       5.47
  data required time                                                 5.47
  --------------------------------------------------------------------------
  data required time                                                 5.47
  data arrival time                                                 -3.89
  --------------------------------------------------------------------------
  slack (MET)                                                        1.58


1
