 
****************************************
Report : power
        -analysis_effort low
Design : vending_top
Version: X-2025.06-SP2
Date   : Thu Jul  9 13:24:12 2026
****************************************


Library(s) Used:

    saed32rvt_tt1p05v25c (File: /home/xmen-aluno/Downloads/grupo_NN_vending/synth/libs/saed32rvt_tt1p05v25c.db)


Operating Conditions: tt1p05v25c   Library: saed32rvt_tt1p05v25c
Wire Load Model Mode: enclosed

Design        Wire Load Model            Library
------------------------------------------------
vending_top            8000              saed32rvt_tt1p05v25c
credit_reg             ForQA             saed32rvt_tt1p05v25c
memory                 8000              saed32rvt_tt1p05v25c
comparator             ForQA             saed32rvt_tt1p05v25c
subtractor             ForQA             saed32rvt_tt1p05v25c
control_unit           ForQA             saed32rvt_tt1p05v25c


Global Operating Voltage = 1.05 
Power-specific unit information :
    Voltage Units = 1V
    Capacitance Units = 1.000000ff
    Time Units = 1ns
    Dynamic Power Units = 1uW    (derived from V,C,T units)
    Leakage Power Units = 1pW


Attributes
----------
i - Including register clock pin internal power


  Cell Internal Power  =  33.0541 uW   (96%)
  Net Switching Power  =   1.4888 uW    (4%)
                         ---------
Total Dynamic Power    =  34.5430 uW  (100%)

Cell Leakage Power     =  87.0447 uW


                 Internal         Switching           Leakage            Total
Power Group      Power            Power               Power              Power   (   %    )  Attrs
--------------------------------------------------------------------------------------------------
io_pad             0.0000            0.0000            0.0000            0.0000  (   0.00%)
memory             0.0000            0.0000            0.0000            0.0000  (   0.00%)
black_box          0.0000            0.0000            0.0000            0.0000  (   0.00%)
clock_network     30.6718            0.0000            0.0000           30.6718  (  25.23%)  i
register           0.3909            0.2488        5.3274e+07           53.9138  (  44.34%)
sequential         0.0000            0.0000            0.0000            0.0000  (   0.00%)
combinational      1.9915            1.2400        3.3771e+07           37.0020  (  30.43%)
--------------------------------------------------------------------------------------------------
Total             33.0541 uW         1.4888 uW     8.7045e+07 pW       121.5876 uW
1
