 
****************************************
Report : area
Design : vending_top
Version: X-2025.06-SP2
Date   : Fri Aug 21 14:55:58 2026
****************************************

Information: Updating design information... (UID-85)
Library(s) Used:

    saed32rvt_tt1p05v25c (File: /home/xmen-aluno/Desktop/VendingMachine-10of10/synth/libs/saed32rvt_tt1p05v25c.db)

Number of ports:                           29
Number of nets:                           434
Number of cells:                          393
Number of combinational cells:            319
Number of sequential cells:                57
Number of macros/black boxes:               0
Number of buf/inv:                         65
Number of references:                      39

Combinational area:                729.901574
Buf/Inv area:                       90.983553
Noncombinational area:             384.774027
Macro/Black Box area:                0.000000
Net Interconnect area:             188.237683

Total cell area:                  1114.675601
Total area:                       1302.913284

Hierarchical area distribution
------------------------------

                                  Global cell area          Local cell area
                                  ------------------  --------------------------- 
Hierarchical cell                 Absolute   Percent  Combi-    Noncombi-  Black-
                                  Total      Total    national  national   boxes   Design
--------------------------------  ---------  -------  --------  ---------  ------  ---------
vending_top                       1114.6756    100.0  729.9016   384.7740  0.0000  vending_top
--------------------------------  ---------  -------  --------  ---------  ------  ---------
Total                                                 729.9016   384.7740  0.0000

1
