 
****************************************
Report : constraint
        -all_violators
Design : vending_top
Version: X-2025.06-SP2
Date   : Fri Aug 21 14:55:58 2026
****************************************


   max_delay/setup ('clk' group)

                             Required        Actual
   Endpoint                 Path Delay     Path Delay        Slack
   -----------------------------------------------------------------
   u_credit_reg/credit_reg[7]/D
                                3.47           3.53 r        -0.06  (VIOLATED)
   u_memory/mem_reg[1][5]/D     3.47           3.53 r        -0.06  (VIOLATED)
   u_memory/mem_reg[3][5]/D     3.47           3.53 r        -0.06  (VIOLATED)
   u_memory/mem_reg[0][0]/D     3.47           3.53 r        -0.06  (VIOLATED)
   u_memory/mem_reg[0][2]/D     3.47           3.53 r        -0.06  (VIOLATED)
   u_memory/mem_reg[1][2]/D     3.47           3.53 r        -0.06  (VIOLATED)
   u_memory/mem_reg[0][1]/D     3.48           3.53 r        -0.06  (VIOLATED)
   u_memory/mem_reg[0][4]/D     3.48           3.53 r        -0.06  (VIOLATED)
   u_memory/mem_reg[2][5]/D     3.47           3.53 r        -0.06  (VIOLATED)
   u_memory/mem_reg[2][0]/D     3.47           3.53 r        -0.05  (VIOLATED)
   u_memory/mem_reg[0][3]/D     3.48           3.53 r        -0.05  (VIOLATED)
   u_memory/mem_reg[0][5]/D     3.48           3.53 r        -0.05  (VIOLATED)
   u_memory/mem_reg[3][3]/D     3.48           3.53 r        -0.05  (VIOLATED)
   u_memory/mem_reg[1][0]/D     3.47           3.52 r        -0.05  (VIOLATED)
   u_memory/mem_reg[3][0]/D     3.48           3.53 r        -0.05  (VIOLATED)
   u_memory/mem_reg[1][4]/D     3.48           3.52 r        -0.05  (VIOLATED)
   u_memory/mem_reg[2][4]/D     3.48           3.52 r        -0.05  (VIOLATED)
   u_memory/mem_reg[2][1]/D     3.47           3.52 r        -0.04  (VIOLATED)
   u_memory/mem_reg[3][1]/D     3.47           3.52 r        -0.04  (VIOLATED)
   u_memory/mem_reg[2][3]/D     3.48           3.52 r        -0.04  (VIOLATED)
   u_memory/mem_reg[1][3]/D     3.48           3.52 r        -0.04  (VIOLATED)
   u_memory/mem_reg[1][1]/D     3.48           3.51 r        -0.04  (VIOLATED)
   u_memory/mem_reg[3][2]/D     3.47           3.51 r        -0.04  (VIOLATED)
   u_credit_reg/credit_reg[6]/D
                                3.47           3.51 r        -0.03  (VIOLATED)
   u_memory/mem_reg[2][2]/D     3.47           3.51 r        -0.03  (VIOLATED)
   u_memory/mem_reg[3][4]/D     3.47           3.50 r        -0.02  (VIOLATED)
   u_credit_reg/credit_reg[5]/D
                                3.47           3.49 r        -0.02  (VIOLATED)


   min_delay/hold ('clk' group)

                             Required        Actual
   Endpoint                 Path Delay     Path Delay        Slack
   -----------------------------------------------------------------
   u_memory/mem_reg[3][2]/D     0.50           0.15 f        -0.36  (VIOLATED)
   u_memory/mem_reg[0][5]/D     0.50           0.15 f        -0.36  (VIOLATED)
   u_memory/mem_reg[0][4]/D     0.50           0.15 f        -0.36  (VIOLATED)
   u_memory/mem_reg[1][1]/D     0.50           0.15 f        -0.36  (VIOLATED)
   u_control_unit/check_wait_reg/D
                                0.50           0.15 f        -0.36  (VIOLATED)
   u_memory/mem_reg[0][3]/D     0.50           0.15 f        -0.35  (VIOLATED)
   u_memory/stock_reg[3]/SETB
                                0.50           0.15 r        -0.35  (VIOLATED)
   u_memory/price_reg[6]/D      0.50           0.15 f        -0.35  (VIOLATED)
   u_memory/price_reg[5]/D      0.50           0.15 f        -0.35  (VIOLATED)
   u_memory/price_reg[2]/D      0.50           0.15 f        -0.35  (VIOLATED)
   change_out_reg[7]/D          0.50           0.16 f        -0.35  (VIOLATED)
   u_memory/mem_reg[0][1]/D     0.50           0.16 f        -0.35  (VIOLATED)
   u_memory/stock_reg[2]/D      0.50           0.16 f        -0.34  (VIOLATED)
   u_memory/price_reg[4]/D      0.50           0.16 f        -0.34  (VIOLATED)
   u_memory/mem_reg[2][1]/D     0.50           0.16 f        -0.34  (VIOLATED)
   u_memory/mem_reg[2][0]/D     0.50           0.16 f        -0.34  (VIOLATED)
   u_memory/mem_reg[1][2]/D     0.50           0.16 f        -0.34  (VIOLATED)
   u_memory/mem_reg[0][0]/D     0.50           0.16 f        -0.34  (VIOLATED)
   u_memory/mem_reg[0][2]/D     0.50           0.16 f        -0.34  (VIOLATED)
   u_memory/stock_reg[0]/D      0.50           0.16 f        -0.34  (VIOLATED)
   change_out_reg[2]/D          0.50           0.16 f        -0.34  (VIOLATED)
   change_out_reg[3]/D          0.50           0.16 f        -0.34  (VIOLATED)
   change_out_reg[4]/D          0.50           0.16 f        -0.34  (VIOLATED)
   change_out_reg[5]/D          0.50           0.16 f        -0.34  (VIOLATED)
   change_out_reg[0]/D          0.50           0.16 f        -0.34  (VIOLATED)
   u_memory/stock_reg[1]/D      0.50           0.16 f        -0.34  (VIOLATED)
   u_memory/stock_reg[5]/D      0.50           0.16 f        -0.34  (VIOLATED)
   u_memory/stock_reg[4]/D      0.50           0.16 f        -0.34  (VIOLATED)
   u_memory/mem_reg[2][2]/D     0.50           0.16 f        -0.34  (VIOLATED)
   u_memory/mem_reg[2][5]/D     0.50           0.16 f        -0.34  (VIOLATED)
   u_memory/mem_reg[3][1]/D     0.50           0.16 f        -0.34  (VIOLATED)
   u_memory/mem_reg[3][4]/D     0.50           0.17 f        -0.34  (VIOLATED)
   u_credit_reg/credit_reg[6]/D
                                0.50           0.17 f        -0.34  (VIOLATED)
   u_memory/mem_reg[1][0]/D     0.50           0.17 f        -0.33  (VIOLATED)
   u_credit_reg/credit_reg[0]/D
                                0.50           0.17 f        -0.33  (VIOLATED)
   u_credit_reg/credit_reg[7]/D
                                0.50           0.17 f        -0.33  (VIOLATED)
   u_memory/price_reg[1]/D      0.50           0.18 f        -0.33  (VIOLATED)
   u_memory/mem_reg[1][5]/D     0.50           0.18 f        -0.33  (VIOLATED)
   change_out_reg[1]/D          0.50           0.18 f        -0.32  (VIOLATED)
   u_credit_reg/credit_reg[4]/D
                                0.50           0.18 f        -0.32  (VIOLATED)
   u_credit_reg/credit_reg[3]/D
                                0.50           0.18 f        -0.32  (VIOLATED)
   u_credit_reg/credit_reg[2]/D
                                0.50           0.18 f        -0.32  (VIOLATED)
   u_credit_reg/credit_reg[5]/D
                                0.50           0.18 f        -0.32  (VIOLATED)
   u_memory/mem_reg[2][3]/D     0.50           0.18 f        -0.32  (VIOLATED)
   u_credit_reg/credit_reg[1]/D
                                0.50           0.18 f        -0.32  (VIOLATED)
   u_memory/mem_reg[1][3]/D     0.50           0.19 f        -0.32  (VIOLATED)
   u_memory/mem_reg[3][5]/D     0.50           0.19 f        -0.32  (VIOLATED)
   u_memory/mem_reg[3][0]/D     0.50           0.19 f        -0.32  (VIOLATED)
   u_memory/mem_reg[1][4]/D     0.50           0.19 f        -0.31  (VIOLATED)
   u_memory/mem_reg[2][4]/D     0.50           0.19 f        -0.31  (VIOLATED)
   u_memory/mem_reg[3][3]/D     0.50           0.19 f        -0.31  (VIOLATED)
   u_memory/price_reg[0]/RSTB
                                0.48           0.17 f        -0.31  (VIOLATED)
   u_memory/price_reg[3]/RSTB
                                0.48           0.18 f        -0.31  (VIOLATED)
   u_control_unit/current_state_reg[2]/SETB
                                0.50           0.20 r        -0.30  (VIOLATED)
   u_control_unit/current_state_reg[1]/D
                                0.50           0.20 f        -0.30  (VIOLATED)
   change_out_reg[6]/D          0.50           0.22 f        -0.29  (VIOLATED)
   u_control_unit/current_state_reg[0]/D
                                0.50           0.22 f        -0.28  (VIOLATED)
   u_memory/price_reg[0]/SETB
                                0.50           0.32 r        -0.18  (VIOLATED)
   u_memory/price_reg[3]/SETB
                                0.50           0.32 r        -0.18  (VIOLATED)


1
