 
****************************************
Report : reference
Design : vending_top
Version: X-2025.06-SP2
Date   : Fri Aug 21 14:55:58 2026
****************************************

Attributes:
    b - black box (unknown)
   bo - allows boundary optimization
    d - dont_touch
   mo - map_only
    h - hierarchical
    n - noncombinational
    r - removable
    s - synthetic operator
    u - contains unmapped logic

Reference          Library       Unit Area   Count    Total Area   Attributes
-----------------------------------------------------------------------------
AND2X1_RVT         saed32rvt_tt1p05v25c
                                  2.033152      24     48.795650  
AND2X2_RVT         saed32rvt_tt1p05v25c
                                  2.287296       1      2.287296  
AND3X1_RVT         saed32rvt_tt1p05v25c
                                  2.287296       3      6.861888  
AND4X1_RVT         saed32rvt_tt1p05v25c
                                  2.541440       2      5.082880  
AO21X1_RVT         saed32rvt_tt1p05v25c
                                  2.541440      11     27.955840  
AO22X1_RVT         saed32rvt_tt1p05v25c
                                  2.541440      25     63.536000  
AO222X1_RVT        saed32rvt_tt1p05v25c
                                  3.303872       5     16.519361  
AOI21X1_RVT        saed32rvt_tt1p05v25c
                                  3.049728       4     12.198912  
AOI22X1_RVT        saed32rvt_tt1p05v25c
                                  3.049728       1      3.049728  
DFFARX1_RVT        saed32rvt_tt1p05v25c
                                  7.116032      12     85.392385  n
DFFSSRX1_RVT       saed32rvt_tt1p05v25c
                                  7.116032       4     28.464128  n
DFFX1_RVT          saed32rvt_tt1p05v25c
                                  6.607744      41    270.917513  n
FADDX1_RVT         saed32rvt_tt1p05v25c
                                  4.828736       7     33.801151  r
INVX0_RVT          saed32rvt_tt1p05v25c
                                  1.270720      45     57.182400  
INVX1_RVT          saed32rvt_tt1p05v25c
                                  1.270720       9     11.436480  
MUX21X1_RVT        saed32rvt_tt1p05v25c
                                  3.303872       7     23.127105  
NAND2X0_RVT        saed32rvt_tt1p05v25c
                                  1.524864      28     42.696191  
NAND3X0_RVT        saed32rvt_tt1p05v25c
                                  1.779008       3      5.337024  
NBUFFX2_RVT        saed32rvt_tt1p05v25c
                                  2.033152      11     22.364673  
NOR2X0_RVT         saed32rvt_tt1p05v25c
                                  2.541440      39     99.116160  
NOR2X2_RVT         saed32rvt_tt1p05v25c
                                  2.795584       1      2.795584  
NOR3X0_RVT         saed32rvt_tt1p05v25c
                                  2.795584       3      8.386752  
NOR4X1_RVT         saed32rvt_tt1p05v25c
                                  3.049728       4     12.198912  
OA21X1_RVT         saed32rvt_tt1p05v25c
                                  2.541440       2      5.082880  
OA22X1_RVT         saed32rvt_tt1p05v25c
                                  2.541440       3      7.624320  
OA221X1_RVT        saed32rvt_tt1p05v25c
                                  3.049728       2      6.099456  
OAI21X1_RVT        saed32rvt_tt1p05v25c
                                  3.049728       3      9.149184  
OAI21X2_RVT        saed32rvt_tt1p05v25c
                                  3.303872       1      3.303872  
OAI22X1_RVT        saed32rvt_tt1p05v25c
                                  3.049728       7     21.348095  
OR2X1_RVT          saed32rvt_tt1p05v25c
                                  2.033152      35     71.160324  
OR2X2_RVT          saed32rvt_tt1p05v25c
                                  2.287296       9     20.585665  
OR3X1_RVT          saed32rvt_tt1p05v25c
                                  2.541440      10     25.414400  
OR3X2_RVT          saed32rvt_tt1p05v25c
                                  2.541440       2      5.082880  
OR4X1_RVT          saed32rvt_tt1p05v25c
                                  3.558016       1      3.558016  
OR4X2_RVT          saed32rvt_tt1p05v25c
                                  3.812160       2      7.624320  
OR4X4_RVT          saed32rvt_tt1p05v25c
                                  4.320448       1      4.320448  
XNOR2X1_RVT        saed32rvt_tt1p05v25c
                                  4.320448       2      8.640896  
XNOR2X2_RVT        saed32rvt_tt1p05v25c
                                  4.574592       1      4.574592  
XOR2X1_RVT         saed32rvt_tt1p05v25c
                                  4.320448       5     21.602240  
-----------------------------------------------------------------------------
Total 39 references                                  1114.675601
1
