 
****************************************
Report : area
Design : vending_top
Version: X-2025.06-SP2
Date   : Fri Aug 21 14:49:40 2026
****************************************

Information: Updating design information... (UID-85)
Library(s) Used:

    saed32rvt_tt1p05v25c (File: /home/xmen-aluno/Desktop/VendingMachine-10of10/synth/libs/saed32rvt_tt1p05v25c.db)

Number of ports:                          138
Number of nets:                           490
Number of cells:                          359
Number of combinational cells:            287
Number of sequential cells:                52
Number of macros/black boxes:               0
Number of buf/inv:                         79
Number of references:                      15

Combinational area:                662.807559
Buf/Inv area:                      107.757057
Noncombinational area:             351.735306
Macro/Black Box area:                0.000000
Net Interconnect area:             172.379279

Total cell area:                  1014.542865
Total area:                       1186.922144

Hierarchical area distribution
------------------------------

                                  Global cell area          Local cell area
                                  ------------------  --------------------------- 
Hierarchical cell                 Absolute   Percent  Combi-    Noncombi-  Black-
                                  Total      Total    national  national   boxes   Design
--------------------------------  ---------  -------  --------  ---------  ------  ------------
vending_top                       1014.5429    100.0   58.7073    56.9283  0.0000  vending_top
u_comparator                        36.3426      3.6   36.3426     0.0000  0.0000  comparator
u_control_unit                      78.0222      7.7   49.5581    28.4641  0.0000  control_unit
u_credit_reg                       202.0445     19.9  147.6577    54.3868  0.0000  credit_reg
u_memory                           527.6030     52.0  315.6469   211.9561  0.0000  memory
u_subtractor                        54.8951      5.4   54.8951     0.0000  0.0000  subtractor
--------------------------------  ---------  -------  --------  ---------  ------  ------------
Total                                                 662.8076   351.7353  0.0000

1
