 
****************************************
Report : constraint
        -all_violators
Design : vending_top
Version: X-2025.06-SP2
Date   : Fri Aug 21 14:49:40 2026
****************************************


   max_delay/setup ('clk' group)

                             Required        Actual
   Endpoint                 Path Delay     Path Delay        Slack
   -----------------------------------------------------------------
   u_memory/mem_reg[1][4]/D     3.47           3.54 r        -0.07  (VIOLATED)
   u_memory/mem_reg[3][0]/D     3.47           3.54 r        -0.07  (VIOLATED)
   u_memory/mem_reg[3][4]/D     3.47           3.54 r        -0.07  (VIOLATED)
   u_credit_reg/credit_reg[7]/D
                                3.47           3.53 r        -0.06  (VIOLATED)
   u_memory/mem_reg[2][4]/D     3.47           3.53 r        -0.06  (VIOLATED)
   u_memory/mem_reg[2][2]/D     3.47           3.53 r        -0.05  (VIOLATED)
   u_memory/mem_reg[3][2]/D     3.47           3.53 r        -0.05  (VIOLATED)
   u_memory/mem_reg[2][1]/D     3.47           3.53 r        -0.05  (VIOLATED)
   u_memory/mem_reg[2][3]/D     3.47           3.53 r        -0.05  (VIOLATED)
   u_memory/mem_reg[0][0]/D     3.47           3.52 r        -0.05  (VIOLATED)
   u_memory/mem_reg[1][2]/D     3.47           3.52 r        -0.05  (VIOLATED)
   u_memory/mem_reg[0][2]/D     3.47           3.52 r        -0.05  (VIOLATED)
   u_memory/mem_reg[1][3]/D     3.47           3.52 r        -0.05  (VIOLATED)
   u_memory/mem_reg[3][3]/D     3.47           3.52 r        -0.05  (VIOLATED)
   u_memory/mem_reg[0][4]/D     3.49           3.53 f        -0.04  (VIOLATED)
   u_memory/mem_reg[0][1]/D     3.49           3.53 f        -0.04  (VIOLATED)
   u_memory/mem_reg[0][3]/D     3.47           3.52 r        -0.04  (VIOLATED)
   u_memory/mem_reg[3][1]/D     3.47           3.51 r        -0.04  (VIOLATED)
   u_memory/mem_reg[1][0]/D     3.47           3.51 r        -0.04  (VIOLATED)
   u_memory/mem_reg[1][1]/D     3.47           3.51 r        -0.04  (VIOLATED)
   u_memory/mem_reg[2][0]/D     3.47           3.51 r        -0.03  (VIOLATED)
   u_credit_reg/credit_reg[5]/D
                                3.48           3.50 r        -0.02  (VIOLATED)
   u_credit_reg/credit_reg[6]/D
                                3.48           3.49 r        -0.01  (VIOLATED)
   u_credit_reg/credit_reg[3]/D
                                3.48           3.48 r         0.00  (VIOLATED: increase significant digits)


   min_delay/hold ('clk' group)

                             Required        Actual
   Endpoint                 Path Delay     Path Delay        Slack
   -----------------------------------------------------------------
   u_control_unit/current_state_reg[0]/SETB
                                0.50           0.12 r        -0.37  (VIOLATED)
   u_credit_reg/credit_reg[0]/D
                                0.50           0.15 f        -0.36  (VIOLATED)
   u_credit_reg/credit_reg[1]/D
                                0.50           0.15 f        -0.36  (VIOLATED)
   u_credit_reg/credit_reg[2]/D
                                0.50           0.15 f        -0.36  (VIOLATED)
   u_credit_reg/credit_reg[6]/D
                                0.50           0.15 f        -0.35  (VIOLATED)
   u_credit_reg/credit_reg[4]/D
                                0.50           0.15 f        -0.35  (VIOLATED)
   u_credit_reg/credit_reg[3]/D
                                0.50           0.15 f        -0.35  (VIOLATED)
   u_credit_reg/credit_reg[5]/D
                                0.50           0.15 f        -0.35  (VIOLATED)
   u_memory/stock_reg[4]/D      0.50           0.16 f        -0.35  (VIOLATED)
   u_memory/stock_reg[2]/D      0.50           0.16 f        -0.35  (VIOLATED)
   u_memory/stock_reg[3]/D      0.50           0.16 f        -0.35  (VIOLATED)
   u_memory/stock_reg[0]/D      0.50           0.16 f        -0.35  (VIOLATED)
   u_memory/stock_reg[1]/D      0.50           0.16 f        -0.35  (VIOLATED)
   u_memory/price_reg[0]/D      0.50           0.16 f        -0.34  (VIOLATED)
   u_memory/price_reg[6]/D      0.50           0.16 f        -0.34  (VIOLATED)
   u_memory/price_reg[5]/D      0.50           0.16 f        -0.34  (VIOLATED)
   u_memory/mem_reg[0][0]/D     0.50           0.16 f        -0.34  (VIOLATED)
   u_memory/price_reg[2]/D      0.50           0.16 f        -0.34  (VIOLATED)
   u_memory/mem_reg[3][3]/D     0.50           0.16 f        -0.34  (VIOLATED)
   u_memory/mem_reg[1][1]/D     0.50           0.16 f        -0.34  (VIOLATED)
   u_memory/mem_reg[1][2]/D     0.50           0.16 f        -0.34  (VIOLATED)
   u_memory/mem_reg[1][3]/D     0.50           0.16 f        -0.34  (VIOLATED)
   u_memory/price_reg[1]/D      0.50           0.16 f        -0.34  (VIOLATED)
   u_memory/price_reg[3]/SETB
                                0.50           0.16 r        -0.34  (VIOLATED)
   u_memory/mem_reg[3][0]/D     0.50           0.16 f        -0.34  (VIOLATED)
   u_memory/mem_reg[3][4]/D     0.50           0.16 f        -0.34  (VIOLATED)
   u_memory/mem_reg[1][4]/D     0.50           0.16 f        -0.34  (VIOLATED)
   u_memory/mem_reg[0][2]/D     0.50           0.16 f        -0.34  (VIOLATED)
   u_memory/mem_reg[3][1]/D     0.50           0.16 f        -0.34  (VIOLATED)
   u_memory/mem_reg[2][0]/D     0.50           0.16 f        -0.34  (VIOLATED)
   u_memory/mem_reg[1][0]/D     0.50           0.16 f        -0.34  (VIOLATED)
   u_memory/mem_reg[2][1]/D     0.50           0.16 f        -0.34  (VIOLATED)
   u_credit_reg/credit_reg[7]/D
                                0.50           0.17 f        -0.34  (VIOLATED)
   u_memory/mem_reg[2][3]/D     0.50           0.16 f        -0.34  (VIOLATED)
   u_memory/price_reg[4]/D      0.50           0.17 f        -0.34  (VIOLATED)
   u_memory/mem_reg[2][4]/D     0.50           0.17 f        -0.33  (VIOLATED)
   u_control_unit/current_state_reg[0]/D
                                0.48           0.15 f        -0.33  (VIOLATED)
   change_out_reg[0]/RSTB       0.48           0.16 f        -0.32  (VIOLATED)
   change_out_reg[1]/RSTB       0.48           0.16 f        -0.32  (VIOLATED)
   change_out_reg[2]/RSTB       0.48           0.16 f        -0.32  (VIOLATED)
   change_out_reg[3]/RSTB       0.48           0.16 f        -0.32  (VIOLATED)
   change_out_reg[4]/RSTB       0.48           0.16 f        -0.32  (VIOLATED)
   change_out_reg[5]/RSTB       0.48           0.16 f        -0.32  (VIOLATED)
   change_out_reg[6]/RSTB       0.48           0.16 f        -0.32  (VIOLATED)
   u_memory/mem_reg[0][3]/D     0.50           0.19 f        -0.32  (VIOLATED)
   u_memory/mem_reg[0][4]/D     0.50           0.19 f        -0.32  (VIOLATED)
   u_memory/mem_reg[0][1]/D     0.50           0.19 f        -0.32  (VIOLATED)
   u_memory/mem_reg[3][2]/D     0.50           0.19 f        -0.31  (VIOLATED)
   u_memory/mem_reg[2][2]/D     0.50           0.19 f        -0.31  (VIOLATED)
   u_control_unit/current_state_reg[1]/D
                                0.48           0.17 f        -0.31  (VIOLATED)
   change_out_reg[7]/RSTB       0.48           0.17 f        -0.31  (VIOLATED)
   u_control_unit/current_state_reg[1]/SETB
                                0.50           0.20 r        -0.30  (VIOLATED)
   u_control_unit/current_state_reg[1]/RSTB
                                0.48           0.19 f        -0.29  (VIOLATED)
   u_control_unit/check_wait_reg/RSTB
                                0.48           0.19 f        -0.29  (VIOLATED)
   u_control_unit/current_state_reg[2]/RSTB
                                0.48           0.21 f        -0.27  (VIOLATED)
   u_control_unit/current_state_reg[0]/RSTB
                                0.48           0.22 f        -0.27  (VIOLATED)


1
