 
****************************************
Report : reference
Design : vending_top
Version: X-2025.06-SP2
Date   : Fri Aug 21 14:49:40 2026
****************************************

Attributes:
    b - black box (unknown)
   bo - allows boundary optimization
    d - dont_touch
   mo - map_only
    h - hierarchical
    n - noncombinational
    r - removable
    s - synthetic operator
    u - contains unmapped logic

Reference          Library       Unit Area   Count    Total Area   Attributes
-----------------------------------------------------------------------------
AND2X1_RVT         saed32rvt_tt1p05v25c
                                  2.033152       3      6.099456  
AND4X1_RVT         saed32rvt_tt1p05v25c
                                  2.541440       1      2.541440  
AO222X1_RVT        saed32rvt_tt1p05v25c
                                  3.303872       8     26.430977  
DFFSSRX1_RVT       saed32rvt_tt1p05v25c
                                  7.116032       8     56.928257  n
INVX0_RVT          saed32rvt_tt1p05v25c
                                  1.270720       6      7.624320  
NAND3X0_RVT        saed32rvt_tt1p05v25c
                                  1.779008       1      1.779008  
NBUFFX2_RVT        saed32rvt_tt1p05v25c
                                  2.033152       3      6.099456  
NOR3X0_RVT         saed32rvt_tt1p05v25c
                                  2.795584       1      2.795584  
OA221X1_RVT        saed32rvt_tt1p05v25c
                                  3.049728       1      3.049728  
OR2X2_RVT          saed32rvt_tt1p05v25c
                                  2.287296       1      2.287296  
comparator                       36.342593       1     36.342593  h
control_unit                     78.022210       1     78.022210  h, n
credit_reg                      202.044481       1    202.044481  h, n
memory                          527.602956       1    527.602956  h, n
subtractor                       54.895103       1     54.895103  h
-----------------------------------------------------------------------------
Total 15 references                                  1014.542865

****************************************
Design: comparator 
****************************************
Reference          Library       Unit Area   Count    Total Area   Attributes
-----------------------------------------------------------------------------
AO222X1_RVT        saed32rvt_tt1p05v25c
                                  3.303872       6     19.823233  
INVX0_RVT          saed32rvt_tt1p05v25c
                                  1.270720       7      8.895040  
NAND2X0_RVT        saed32rvt_tt1p05v25c
                                  1.524864       1      1.524864  
OA22X1_RVT         saed32rvt_tt1p05v25c
                                  2.541440       1      2.541440  
OR4X1_RVT          saed32rvt_tt1p05v25c
                                  3.558016       1      3.558016  
-----------------------------------------------------------------------------
Total 5 references                                     36.342593

****************************************
Design: control_unit 
****************************************
Reference          Library       Unit Area   Count    Total Area   Attributes
-----------------------------------------------------------------------------
AND2X1_RVT         saed32rvt_tt1p05v25c
                                  2.033152       7     14.232065  
AND3X1_RVT         saed32rvt_tt1p05v25c
                                  2.287296       1      2.287296  
AND4X1_RVT         saed32rvt_tt1p05v25c
                                  2.541440       1      2.541440  
AO221X1_RVT        saed32rvt_tt1p05v25c
                                  3.049728       1      3.049728  
AO222X1_RVT        saed32rvt_tt1p05v25c
                                  3.303872       2      6.607744  
DFFSSRX1_RVT       saed32rvt_tt1p05v25c
                                  7.116032       4     28.464128  n
INVX0_RVT          saed32rvt_tt1p05v25c
                                  1.270720       4      5.082880  
NAND2X0_RVT        saed32rvt_tt1p05v25c
                                  1.524864       1      1.524864  
NOR2X0_RVT         saed32rvt_tt1p05v25c
                                  2.541440       1      2.541440  
NOR4X1_RVT         saed32rvt_tt1p05v25c
                                  3.049728       1      3.049728  
OA222X1_RVT        saed32rvt_tt1p05v25c
                                  3.303872       2      6.607744  
OR2X1_RVT          saed32rvt_tt1p05v25c
                                  2.033152       1      2.033152  
-----------------------------------------------------------------------------
Total 12 references                                    78.022210

****************************************
Design: credit_reg 
****************************************
Reference          Library       Unit Area   Count    Total Area   Attributes
-----------------------------------------------------------------------------
AND2X1_RVT         saed32rvt_tt1p05v25c
                                  2.033152       1      2.033152  
AO21X1_RVT         saed32rvt_tt1p05v25c
                                  2.541440       4     10.165760  
AO22X1_RVT         saed32rvt_tt1p05v25c
                                  2.541440       2      5.082880  
AOI21X1_RVT        saed32rvt_tt1p05v25c
                                  3.049728       1      3.049728  
DFFARX1_RVT        saed32rvt_tt1p05v25c
                                  7.116032       3     21.348096  n
DFFX1_RVT          saed32rvt_tt1p05v25c
                                  6.607744       5     33.038721  n
IBUFFX2_RVT        saed32rvt_tt1p05v25c
                                  2.541440       1      2.541440  
INVX0_RVT          saed32rvt_tt1p05v25c
                                  1.270720      10     12.707200  
NAND2X0_RVT        saed32rvt_tt1p05v25c
                                  1.524864      12     18.298368  
NBUFFX2_RVT        saed32rvt_tt1p05v25c
                                  2.033152       1      2.033152  
NOR2X0_RVT         saed32rvt_tt1p05v25c
                                  2.541440       5     12.707200  
OAI21X2_RVT        saed32rvt_tt1p05v25c
                                  3.303872       3      9.911616  
OAI22X1_RVT        saed32rvt_tt1p05v25c
                                  3.049728       7     21.348095  
OR2X1_RVT          saed32rvt_tt1p05v25c
                                  2.033152       5     10.165761  
OR3X1_RVT          saed32rvt_tt1p05v25c
                                  2.541440       1      2.541440  
XNOR2X1_RVT        saed32rvt_tt1p05v25c
                                  4.320448       4     17.281792  
XNOR2X2_RVT        saed32rvt_tt1p05v25c
                                  4.574592       1      4.574592  
XOR2X1_RVT         saed32rvt_tt1p05v25c
                                  4.320448       2      8.640896  
XOR2X2_RVT         saed32rvt_tt1p05v25c
                                  4.574592       1      4.574592  
-----------------------------------------------------------------------------
Total 19 references                                   202.044481

****************************************
Design: memory 
****************************************
Reference          Library       Unit Area   Count    Total Area   Attributes
-----------------------------------------------------------------------------
AND2X1_RVT         saed32rvt_tt1p05v25c
                                  2.033152      14     28.464129  
AO21X1_RVT         saed32rvt_tt1p05v25c
                                  2.541440      14     35.580160  
AO22X1_RVT         saed32rvt_tt1p05v25c
                                  2.541440      10     25.414400  
DFFSSRX1_RVT       saed32rvt_tt1p05v25c
                                  7.116032       1      7.116032  n
DFFX1_RVT          saed32rvt_tt1p05v25c
                                  6.607744      31    204.840071  n
INVX0_RVT          saed32rvt_tt1p05v25c
                                  1.270720      27     34.309440  
INVX1_RVT          saed32rvt_tt1p05v25c
                                  1.270720       3      3.812160  
MUX21X1_RVT        saed32rvt_tt1p05v25c
                                  3.303872      15     49.558082  
NAND2X0_RVT        saed32rvt_tt1p05v25c
                                  1.524864       6      9.149184  
NAND3X0_RVT        saed32rvt_tt1p05v25c
                                  1.779008       1      1.779008  
NAND3X1_RVT        saed32rvt_tt1p05v25c
                                  2.795584       1      2.795584  
NBUFFX2_RVT        saed32rvt_tt1p05v25c
                                  2.033152       4      8.132608  
NOR2X0_RVT         saed32rvt_tt1p05v25c
                                  2.541440      15     38.121600  
NOR2X4_RVT         saed32rvt_tt1p05v25c
                                  3.303872       1      3.303872  
NOR3X0_RVT         saed32rvt_tt1p05v25c
                                  2.795584       1      2.795584  
NOR4X1_RVT         saed32rvt_tt1p05v25c
                                  3.049728       1      3.049728  
OA22X1_RVT         saed32rvt_tt1p05v25c
                                  2.541440       2      5.082880  
OAI21X2_RVT        saed32rvt_tt1p05v25c
                                  3.303872       2      6.607744  
OAI22X1_RVT        saed32rvt_tt1p05v25c
                                  3.049728       2      6.099456  
OR2X1_RVT          saed32rvt_tt1p05v25c
                                  2.033152       9     18.298369  
OR2X2_RVT          saed32rvt_tt1p05v25c
                                  2.287296       4      9.149184  
OR3X1_RVT          saed32rvt_tt1p05v25c
                                  2.541440       7     17.790080  
OR3X2_RVT          saed32rvt_tt1p05v25c
                                  2.541440       1      2.541440  
OR4X2_RVT          saed32rvt_tt1p05v25c
                                  3.812160       1      3.812160  
-----------------------------------------------------------------------------
Total 24 references                                   527.602956

****************************************
Design: subtractor 
****************************************
Reference          Library       Unit Area   Count    Total Area   Attributes
-----------------------------------------------------------------------------
AO21X1_RVT         saed32rvt_tt1p05v25c
                                  2.541440       1      2.541440  
FADDX1_RVT         saed32rvt_tt1p05v25c
                                  4.828736       6     28.972415  r
INVX0_RVT          saed32rvt_tt1p05v25c
                                  1.270720      13     16.519360  
NOR2X0_RVT         saed32rvt_tt1p05v25c
                                  2.541440       1      2.541440  
XOR2X1_RVT         saed32rvt_tt1p05v25c
                                  4.320448       1      4.320448  
-----------------------------------------------------------------------------
Total 5 references                                     54.895103
1
