 
****************************************
Report : timing
        -path full
        -delay max
        -max_paths 10
Design : vending_top
Version: X-2025.06-SP2
Date   : Fri Aug 21 14:49:40 2026
****************************************

Operating Conditions: tt1p05v25c   Library: saed32rvt_tt1p05v25c
Wire Load Model Mode: enclosed

  Startpoint: sel_item[1]
              (input port clocked by clk)
  Endpoint: u_memory/mem_reg[1][4]
            (rising edge-triggered flip-flop clocked by clk)
  Path Group: clk
  Path Type: max

  Des/Clust/Port     Wire Load Model       Library
  ------------------------------------------------
  vending_top        8000                  saed32rvt_tt1p05v25c
  memory             8000                  saed32rvt_tt1p05v25c

  Point                                                   Incr       Path
  --------------------------------------------------------------------------
  clock clk (rise edge)                                   0.00       0.00
  clock network delay (ideal)                             0.00       0.00
  input external delay                                    3.00       3.00 f
  sel_item[1] (in)                                        0.01       3.01 f
  u_memory/addr[1] (memory)                               0.00       3.01 f
  u_memory/U96/Y (INVX0_RVT)                              0.03       3.04 r
  u_memory/U97/Y (NAND2X0_RVT)                            0.04       3.08 f
  u_memory/U98/Y (INVX0_RVT)                              0.03       3.12 r
  u_memory/U104/Y (AO21X1_RVT)                            0.05       3.17 r
  u_memory/U18/Y (OR3X1_RVT)                              0.06       3.23 r
  u_memory/U61/Y (OR3X1_RVT)                              0.06       3.28 r
  u_memory/U7/Y (NOR4X1_RVT)                              0.08       3.36 f
  u_memory/U13/Y (OR2X2_RVT)                              0.06       3.42 f
  u_memory/U44/Y (INVX0_RVT)                              0.04       3.46 r
  u_memory/U75/Y (MUX21X1_RVT)                            0.07       3.53 r
  u_memory/mem_reg[1][4]/D (DFFX1_RVT)                    0.01       3.54 r
  data arrival time                                                  3.54

  clock clk (rise edge)                                   4.00       4.00
  clock network delay (ideal)                             0.00       4.00
  clock uncertainty                                      -0.50       3.50
  u_memory/mem_reg[1][4]/CLK (DFFX1_RVT)                  0.00       3.50 r
  library setup time                                     -0.03       3.47
  data required time                                                 3.47
  --------------------------------------------------------------------------
  data required time                                                 3.47
  data arrival time                                                 -3.54
  --------------------------------------------------------------------------
  slack (VIOLATED)                                                  -0.07


  Startpoint: sel_item[1]
              (input port clocked by clk)
  Endpoint: u_memory/mem_reg[3][0]
            (rising edge-triggered flip-flop clocked by clk)
  Path Group: clk
  Path Type: max

  Des/Clust/Port     Wire Load Model       Library
  ------------------------------------------------
  vending_top        8000                  saed32rvt_tt1p05v25c
  memory             8000                  saed32rvt_tt1p05v25c

  Point                                                   Incr       Path
  --------------------------------------------------------------------------
  clock clk (rise edge)                                   0.00       0.00
  clock network delay (ideal)                             0.00       0.00
  input external delay                                    3.00       3.00 f
  sel_item[1] (in)                                        0.01       3.01 f
  u_memory/addr[1] (memory)                               0.00       3.01 f
  u_memory/U96/Y (INVX0_RVT)                              0.03       3.04 r
  u_memory/U97/Y (NAND2X0_RVT)                            0.04       3.08 f
  u_memory/U98/Y (INVX0_RVT)                              0.03       3.12 r
  u_memory/U104/Y (AO21X1_RVT)                            0.05       3.17 r
  u_memory/U18/Y (OR3X1_RVT)                              0.06       3.23 r
  u_memory/U61/Y (OR3X1_RVT)                              0.06       3.28 r
  u_memory/U7/Y (NOR4X1_RVT)                              0.08       3.36 f
  u_memory/U6/Y (OR2X2_RVT)                               0.06       3.42 f
  u_memory/U21/Y (INVX0_RVT)                              0.04       3.46 r
  u_memory/U111/Y (MUX21X1_RVT)                           0.07       3.53 r
  u_memory/mem_reg[3][0]/D (DFFX1_RVT)                    0.01       3.54 r
  data arrival time                                                  3.54

  clock clk (rise edge)                                   4.00       4.00
  clock network delay (ideal)                             0.00       4.00
  clock uncertainty                                      -0.50       3.50
  u_memory/mem_reg[3][0]/CLK (DFFX1_RVT)                  0.00       3.50 r
  library setup time                                     -0.03       3.47
  data required time                                                 3.47
  --------------------------------------------------------------------------
  data required time                                                 3.47
  data arrival time                                                 -3.54
  --------------------------------------------------------------------------
  slack (VIOLATED)                                                  -0.07


  Startpoint: sel_item[1]
              (input port clocked by clk)
  Endpoint: u_memory/mem_reg[3][4]
            (rising edge-triggered flip-flop clocked by clk)
  Path Group: clk
  Path Type: max

  Des/Clust/Port     Wire Load Model       Library
  ------------------------------------------------
  vending_top        8000                  saed32rvt_tt1p05v25c
  memory             8000                  saed32rvt_tt1p05v25c

  Point                                                   Incr       Path
  --------------------------------------------------------------------------
  clock clk (rise edge)                                   0.00       0.00
  clock network delay (ideal)                             0.00       0.00
  input external delay                                    3.00       3.00 f
  sel_item[1] (in)                                        0.01       3.01 f
  u_memory/addr[1] (memory)                               0.00       3.01 f
  u_memory/U96/Y (INVX0_RVT)                              0.03       3.04 r
  u_memory/U97/Y (NAND2X0_RVT)                            0.04       3.08 f
  u_memory/U98/Y (INVX0_RVT)                              0.03       3.12 r
  u_memory/U104/Y (AO21X1_RVT)                            0.05       3.17 r
  u_memory/U18/Y (OR3X1_RVT)                              0.06       3.23 r
  u_memory/U61/Y (OR3X1_RVT)                              0.06       3.28 r
  u_memory/U7/Y (NOR4X1_RVT)                              0.08       3.36 f
  u_memory/U6/Y (OR2X2_RVT)                               0.06       3.42 f
  u_memory/U20/Y (INVX0_RVT)                              0.04       3.46 r
  u_memory/U131/Y (MUX21X1_RVT)                           0.07       3.53 r
  u_memory/mem_reg[3][4]/D (DFFX1_RVT)                    0.01       3.54 r
  data arrival time                                                  3.54

  clock clk (rise edge)                                   4.00       4.00
  clock network delay (ideal)                             0.00       4.00
  clock uncertainty                                      -0.50       3.50
  u_memory/mem_reg[3][4]/CLK (DFFX1_RVT)                  0.00       3.50 r
  library setup time                                     -0.03       3.47
  data required time                                                 3.47
  --------------------------------------------------------------------------
  data required time                                                 3.47
  data arrival time                                                 -3.54
  --------------------------------------------------------------------------
  slack (VIOLATED)                                                  -0.07


  Startpoint: coin_in[0] (input port clocked by clk)
  Endpoint: u_credit_reg/credit_reg[7]
            (rising edge-triggered flip-flop clocked by clk)
  Path Group: clk
  Path Type: max

  Des/Clust/Port     Wire Load Model       Library
  ------------------------------------------------
  vending_top        8000                  saed32rvt_tt1p05v25c
  credit_reg         8000                  saed32rvt_tt1p05v25c

  Point                                                   Incr       Path
  --------------------------------------------------------------------------
  clock clk (rise edge)                                   0.00       0.00
  clock network delay (ideal)                             0.00       0.00
  input external delay                                    3.00       3.00 f
  coin_in[0] (in)                                         0.01       3.01 f
  U33/Y (INVX0_RVT)                                       0.03       3.04 r
  U36/Y (AND2X1_RVT)                                      0.05       3.08 r
  u_credit_reg/coin_value[1] (credit_reg)                 0.00       3.08 r
  u_credit_reg/U25/Y (NOR2X0_RVT)                         0.06       3.14 f
  u_credit_reg/U41/Y (OAI21X2_RVT)                        0.07       3.22 r
  u_credit_reg/U20/Y (AO21X1_RVT)                         0.06       3.27 r
  u_credit_reg/U18/Y (AO21X1_RVT)                         0.06       3.33 r
  u_credit_reg/U26/Y (AO22X1_RVT)                         0.05       3.39 r
  u_credit_reg/U28/Y (XNOR2X1_RVT)                        0.09       3.47 r
  u_credit_reg/U29/Y (AO22X1_RVT)                         0.05       3.52 r
  u_credit_reg/credit_reg[7]/D (DFFX1_RVT)                0.01       3.53 r
  data arrival time                                                  3.53

  clock clk (rise edge)                                   4.00       4.00
  clock network delay (ideal)                             0.00       4.00
  clock uncertainty                                      -0.50       3.50
  u_credit_reg/credit_reg[7]/CLK (DFFX1_RVT)              0.00       3.50 r
  library setup time                                     -0.03       3.47
  data required time                                                 3.47
  --------------------------------------------------------------------------
  data required time                                                 3.47
  data arrival time                                                 -3.53
  --------------------------------------------------------------------------
  slack (VIOLATED)                                                  -0.06


  Startpoint: sel_item[1]
              (input port clocked by clk)
  Endpoint: u_memory/mem_reg[2][4]
            (rising edge-triggered flip-flop clocked by clk)
  Path Group: clk
  Path Type: max

  Des/Clust/Port     Wire Load Model       Library
  ------------------------------------------------
  vending_top        8000                  saed32rvt_tt1p05v25c
  memory             8000                  saed32rvt_tt1p05v25c

  Point                                                   Incr       Path
  --------------------------------------------------------------------------
  clock clk (rise edge)                                   0.00       0.00
  clock network delay (ideal)                             0.00       0.00
  input external delay                                    3.00       3.00 r
  sel_item[1] (in)                                        0.01       3.01 r
  u_memory/addr[1] (memory)                               0.00       3.01 r
  u_memory/U22/Y (OR2X2_RVT)                              0.06       3.07 r
  u_memory/U17/Y (NOR2X0_RVT)                             0.06       3.13 f
  u_memory/U104/Y (AO21X1_RVT)                            0.04       3.17 f
  u_memory/U18/Y (OR3X1_RVT)                              0.05       3.22 f
  u_memory/U61/Y (OR3X1_RVT)                              0.05       3.27 f
  u_memory/U60/Y (OR3X1_RVT)                              0.06       3.34 f
  u_memory/U110/Y (INVX0_RVT)                             0.03       3.37 r
  u_memory/U25/Y (AO21X1_RVT)                             0.04       3.41 r
  u_memory/U24/Y (AND2X1_RVT)                             0.05       3.46 r
  u_memory/U116/Y (MUX21X1_RVT)                           0.06       3.52 r
  u_memory/mem_reg[2][4]/D (DFFX1_RVT)                    0.01       3.53 r
  data arrival time                                                  3.53

  clock clk (rise edge)                                   4.00       4.00
  clock network delay (ideal)                             0.00       4.00
  clock uncertainty                                      -0.50       3.50
  u_memory/mem_reg[2][4]/CLK (DFFX1_RVT)                  0.00       3.50 r
  library setup time                                     -0.03       3.47
  data required time                                                 3.47
  --------------------------------------------------------------------------
  data required time                                                 3.47
  data arrival time                                                 -3.53
  --------------------------------------------------------------------------
  slack (VIOLATED)                                                  -0.06


  Startpoint: sel_item[1]
              (input port clocked by clk)
  Endpoint: u_memory/mem_reg[2][2]
            (rising edge-triggered flip-flop clocked by clk)
  Path Group: clk
  Path Type: max

  Des/Clust/Port     Wire Load Model       Library
  ------------------------------------------------
  vending_top        8000                  saed32rvt_tt1p05v25c
  memory             8000                  saed32rvt_tt1p05v25c

  Point                                                   Incr       Path
  --------------------------------------------------------------------------
  clock clk (rise edge)                                   0.00       0.00
  clock network delay (ideal)                             0.00       0.00
  input external delay                                    3.00       3.00 r
  sel_item[1] (in)                                        0.01       3.01 r
  u_memory/addr[1] (memory)                               0.00       3.01 r
  u_memory/U96/Y (INVX0_RVT)                              0.03       3.04 f
  u_memory/U97/Y (NAND2X0_RVT)                            0.04       3.08 r
  u_memory/U77/Y (NBUFFX2_RVT)                            0.05       3.13 r
  u_memory/U101/Y (OAI22X1_RVT)                           0.07       3.20 f
  u_memory/U5/Y (OR4X2_RVT)                               0.08       3.27 f
  u_memory/U7/Y (NOR4X1_RVT)                              0.08       3.35 r
  u_memory/U62/Y (OR3X2_RVT)                              0.06       3.42 r
  u_memory/U128/Y (NAND2X0_RVT)                           0.03       3.45 f
  u_memory/U23/Y (OAI21X2_RVT)                            0.06       3.52 r
  u_memory/mem_reg[2][2]/D (DFFX1_RVT)                    0.01       3.53 r
  data arrival time                                                  3.53

  clock clk (rise edge)                                   4.00       4.00
  clock network delay (ideal)                             0.00       4.00
  clock uncertainty                                      -0.50       3.50
  u_memory/mem_reg[2][2]/CLK (DFFX1_RVT)                  0.00       3.50 r
  library setup time                                     -0.03       3.47
  data required time                                                 3.47
  --------------------------------------------------------------------------
  data required time                                                 3.47
  data arrival time                                                 -3.53
  --------------------------------------------------------------------------
  slack (VIOLATED)                                                  -0.05


  Startpoint: sel_item[1]
              (input port clocked by clk)
  Endpoint: u_memory/mem_reg[3][2]
            (rising edge-triggered flip-flop clocked by clk)
  Path Group: clk
  Path Type: max

  Des/Clust/Port     Wire Load Model       Library
  ------------------------------------------------
  vending_top        8000                  saed32rvt_tt1p05v25c
  memory             8000                  saed32rvt_tt1p05v25c

  Point                                                   Incr       Path
  --------------------------------------------------------------------------
  clock clk (rise edge)                                   0.00       0.00
  clock network delay (ideal)                             0.00       0.00
  input external delay                                    3.00       3.00 r
  sel_item[1] (in)                                        0.01       3.01 r
  u_memory/addr[1] (memory)                               0.00       3.01 r
  u_memory/U96/Y (INVX0_RVT)                              0.03       3.04 f
  u_memory/U97/Y (NAND2X0_RVT)                            0.04       3.08 r
  u_memory/U77/Y (NBUFFX2_RVT)                            0.05       3.13 r
  u_memory/U101/Y (OAI22X1_RVT)                           0.07       3.20 f
  u_memory/U5/Y (OR4X2_RVT)                               0.08       3.27 f
  u_memory/U7/Y (NOR4X1_RVT)                              0.08       3.35 r
  u_memory/U6/Y (OR2X2_RVT)                               0.06       3.42 r
  u_memory/U125/Y (NAND2X0_RVT)                           0.04       3.45 f
  u_memory/U126/Y (OAI21X2_RVT)                           0.06       3.52 r
  u_memory/mem_reg[3][2]/D (DFFX1_RVT)                    0.01       3.53 r
  data arrival time                                                  3.53

  clock clk (rise edge)                                   4.00       4.00
  clock network delay (ideal)                             0.00       4.00
  clock uncertainty                                      -0.50       3.50
  u_memory/mem_reg[3][2]/CLK (DFFX1_RVT)                  0.00       3.50 r
  library setup time                                     -0.03       3.47
  data required time                                                 3.47
  --------------------------------------------------------------------------
  data required time                                                 3.47
  data arrival time                                                 -3.53
  --------------------------------------------------------------------------
  slack (VIOLATED)                                                  -0.05


  Startpoint: sel_item[1]
              (input port clocked by clk)
  Endpoint: u_memory/mem_reg[2][3]
            (rising edge-triggered flip-flop clocked by clk)
  Path Group: clk
  Path Type: max

  Des/Clust/Port     Wire Load Model       Library
  ------------------------------------------------
  vending_top        8000                  saed32rvt_tt1p05v25c
  memory             8000                  saed32rvt_tt1p05v25c

  Point                                                   Incr       Path
  --------------------------------------------------------------------------
  clock clk (rise edge)                                   0.00       0.00
  clock network delay (ideal)                             0.00       0.00
  input external delay                                    3.00       3.00 f
  sel_item[1] (in)                                        0.01       3.01 f
  u_memory/addr[1] (memory)                               0.00       3.01 f
  u_memory/U96/Y (INVX0_RVT)                              0.03       3.04 r
  u_memory/U97/Y (NAND2X0_RVT)                            0.04       3.08 f
  u_memory/U98/Y (INVX0_RVT)                              0.03       3.12 r
  u_memory/U104/Y (AO21X1_RVT)                            0.05       3.17 r
  u_memory/U18/Y (OR3X1_RVT)                              0.06       3.23 r
  u_memory/U61/Y (OR3X1_RVT)                              0.06       3.28 r
  u_memory/U7/Y (NOR4X1_RVT)                              0.08       3.36 f
  u_memory/U28/Y (NOR3X0_RVT)                             0.08       3.44 r
  u_memory/U114/Y (MUX21X1_RVT)                           0.08       3.51 r
  u_memory/mem_reg[2][3]/D (DFFX1_RVT)                    0.01       3.53 r
  data arrival time                                                  3.53

  clock clk (rise edge)                                   4.00       4.00
  clock network delay (ideal)                             0.00       4.00
  clock uncertainty                                      -0.50       3.50
  u_memory/mem_reg[2][3]/CLK (DFFX1_RVT)                  0.00       3.50 r
  library setup time                                     -0.03       3.47
  data required time                                                 3.47
  --------------------------------------------------------------------------
  data required time                                                 3.47
  data arrival time                                                 -3.53
  --------------------------------------------------------------------------
  slack (VIOLATED)                                                  -0.05


  Startpoint: sel_item[1]
              (input port clocked by clk)
  Endpoint: u_memory/mem_reg[2][1]
            (rising edge-triggered flip-flop clocked by clk)
  Path Group: clk
  Path Type: max

  Des/Clust/Port     Wire Load Model       Library
  ------------------------------------------------
  vending_top        8000                  saed32rvt_tt1p05v25c
  memory             8000                  saed32rvt_tt1p05v25c

  Point                                                   Incr       Path
  --------------------------------------------------------------------------
  clock clk (rise edge)                                   0.00       0.00
  clock network delay (ideal)                             0.00       0.00
  input external delay                                    3.00       3.00 f
  sel_item[1] (in)                                        0.01       3.01 f
  u_memory/addr[1] (memory)                               0.00       3.01 f
  u_memory/U96/Y (INVX0_RVT)                              0.03       3.04 r
  u_memory/U97/Y (NAND2X0_RVT)                            0.04       3.08 f
  u_memory/U98/Y (INVX0_RVT)                              0.03       3.12 r
  u_memory/U104/Y (AO21X1_RVT)                            0.05       3.17 r
  u_memory/U18/Y (OR3X1_RVT)                              0.06       3.23 r
  u_memory/U61/Y (OR3X1_RVT)                              0.06       3.28 r
  u_memory/U7/Y (NOR4X1_RVT)                              0.08       3.36 f
  u_memory/U28/Y (NOR3X0_RVT)                             0.08       3.44 r
  u_memory/U115/Y (MUX21X1_RVT)                           0.08       3.51 r
  u_memory/mem_reg[2][1]/D (DFFX1_RVT)                    0.01       3.53 r
  data arrival time                                                  3.53

  clock clk (rise edge)                                   4.00       4.00
  clock network delay (ideal)                             0.00       4.00
  clock uncertainty                                      -0.50       3.50
  u_memory/mem_reg[2][1]/CLK (DFFX1_RVT)                  0.00       3.50 r
  library setup time                                     -0.03       3.47
  data required time                                                 3.47
  --------------------------------------------------------------------------
  data required time                                                 3.47
  data arrival time                                                 -3.53
  --------------------------------------------------------------------------
  slack (VIOLATED)                                                  -0.05


  Startpoint: sel_item[1]
              (input port clocked by clk)
  Endpoint: u_memory/mem_reg[0][0]
            (rising edge-triggered flip-flop clocked by clk)
  Path Group: clk
  Path Type: max

  Des/Clust/Port     Wire Load Model       Library
  ------------------------------------------------
  vending_top        8000                  saed32rvt_tt1p05v25c
  memory             8000                  saed32rvt_tt1p05v25c

  Point                                                   Incr       Path
  --------------------------------------------------------------------------
  clock clk (rise edge)                                   0.00       0.00
  clock network delay (ideal)                             0.00       0.00
  input external delay                                    3.00       3.00 f
  sel_item[1] (in)                                        0.01       3.01 f
  u_memory/addr[1] (memory)                               0.00       3.01 f
  u_memory/U96/Y (INVX0_RVT)                              0.03       3.04 r
  u_memory/U97/Y (NAND2X0_RVT)                            0.04       3.08 f
  u_memory/U98/Y (INVX0_RVT)                              0.03       3.12 r
  u_memory/U104/Y (AO21X1_RVT)                            0.05       3.17 r
  u_memory/U18/Y (OR3X1_RVT)                              0.06       3.23 r
  u_memory/U61/Y (OR3X1_RVT)                              0.06       3.28 r
  u_memory/U60/Y (OR3X1_RVT)                              0.07       3.35 r
  u_memory/U54/Y (AO21X1_RVT)                             0.06       3.41 r
  u_memory/U80/Y (INVX0_RVT)                              0.03       3.44 f
  u_memory/U118/Y (MUX21X1_RVT)                           0.07       3.51 r
  u_memory/mem_reg[0][0]/D (DFFX1_RVT)                    0.01       3.52 r
  data arrival time                                                  3.52

  clock clk (rise edge)                                   4.00       4.00
  clock network delay (ideal)                             0.00       4.00
  clock uncertainty                                      -0.50       3.50
  u_memory/mem_reg[0][0]/CLK (DFFX1_RVT)                  0.00       3.50 r
  library setup time                                     -0.03       3.47
  data required time                                                 3.47
  --------------------------------------------------------------------------
  data required time                                                 3.47
  data arrival time                                                 -3.52
  --------------------------------------------------------------------------
  slack (VIOLATED)                                                  -0.05


1
