 
****************************************
Report : timing
        -path full
        -delay min
        -max_paths 10
Design : vending_top
Version: X-2025.06-SP2
Date   : Fri Aug 21 14:49:40 2026
****************************************

Operating Conditions: tt1p05v25c   Library: saed32rvt_tt1p05v25c
Wire Load Model Mode: enclosed

  Startpoint: u_control_unit/current_state_reg[2]
              (rising edge-triggered flip-flop clocked by clk)
  Endpoint: u_control_unit/current_state_reg[0]
            (rising edge-triggered flip-flop clocked by clk)
  Path Group: clk
  Path Type: min

  Des/Clust/Port     Wire Load Model       Library
  ------------------------------------------------
  vending_top        8000                  saed32rvt_tt1p05v25c
  control_unit       ForQA                 saed32rvt_tt1p05v25c

  Point                                                   Incr       Path
  --------------------------------------------------------------------------
  clock clk (rise edge)                                   0.00       0.00
  clock network delay (ideal)                             0.00       0.00
  u_control_unit/current_state_reg[2]/CLK (DFFSSRX1_RVT)
                                                          0.00       0.00 r
  u_control_unit/current_state_reg[2]/QN (DFFSSRX1_RVT)
                                                          0.10       0.10 r
  u_control_unit/current_state_reg[0]/SETB (DFFSSRX1_RVT)
                                                          0.02       0.12 r
  data arrival time                                                  0.12

  clock clk (rise edge)                                   0.00       0.00
  clock network delay (ideal)                             0.00       0.00
  clock uncertainty                                       0.50       0.50
  u_control_unit/current_state_reg[0]/CLK (DFFSSRX1_RVT)
                                                          0.00       0.50 r
  library hold time                                       0.00       0.50
  data required time                                                 0.50
  --------------------------------------------------------------------------
  data required time                                                 0.50
  data arrival time                                                 -0.12
  --------------------------------------------------------------------------
  slack (VIOLATED)                                                  -0.37


  Startpoint: u_credit_reg/credit_reg[0]
              (rising edge-triggered flip-flop clocked by clk)
  Endpoint: u_credit_reg/credit_reg[0]
            (rising edge-triggered flip-flop clocked by clk)
  Path Group: clk
  Path Type: min

  Des/Clust/Port     Wire Load Model       Library
  ------------------------------------------------
  vending_top        8000                  saed32rvt_tt1p05v25c
  credit_reg         8000                  saed32rvt_tt1p05v25c

  Point                                                   Incr       Path
  --------------------------------------------------------------------------
  clock clk (rise edge)                                   0.00       0.00
  clock network delay (ideal)                             0.00       0.00
  u_credit_reg/credit_reg[0]/CLK (DFFARX1_RVT)            0.00       0.00 r
  u_credit_reg/credit_reg[0]/QN (DFFARX1_RVT)             0.08       0.08 r
  u_credit_reg/U39/Y (OAI22X1_RVT)                        0.05       0.14 f
  u_credit_reg/credit_reg[0]/D (DFFARX1_RVT)              0.01       0.15 f
  data arrival time                                                  0.15

  clock clk (rise edge)                                   0.00       0.00
  clock network delay (ideal)                             0.00       0.00
  clock uncertainty                                       0.50       0.50
  u_credit_reg/credit_reg[0]/CLK (DFFARX1_RVT)            0.00       0.50 r
  library hold time                                       0.00       0.50
  data required time                                                 0.50
  --------------------------------------------------------------------------
  data required time                                                 0.50
  data arrival time                                                 -0.15
  --------------------------------------------------------------------------
  slack (VIOLATED)                                                  -0.36


  Startpoint: u_credit_reg/credit_reg[2]
              (rising edge-triggered flip-flop clocked by clk)
  Endpoint: u_credit_reg/credit_reg[2]
            (rising edge-triggered flip-flop clocked by clk)
  Path Group: clk
  Path Type: min

  Des/Clust/Port     Wire Load Model       Library
  ------------------------------------------------
  vending_top        8000                  saed32rvt_tt1p05v25c
  credit_reg         8000                  saed32rvt_tt1p05v25c

  Point                                                   Incr       Path
  --------------------------------------------------------------------------
  clock clk (rise edge)                                   0.00       0.00
  clock network delay (ideal)                             0.00       0.00
  u_credit_reg/credit_reg[2]/CLK (DFFARX1_RVT)            0.00       0.00 r
  u_credit_reg/credit_reg[2]/QN (DFFARX1_RVT)             0.08       0.08 r
  u_credit_reg/U30/Y (OAI22X1_RVT)                        0.06       0.14 f
  u_credit_reg/credit_reg[2]/D (DFFARX1_RVT)              0.01       0.15 f
  data arrival time                                                  0.15

  clock clk (rise edge)                                   0.00       0.00
  clock network delay (ideal)                             0.00       0.00
  clock uncertainty                                       0.50       0.50
  u_credit_reg/credit_reg[2]/CLK (DFFARX1_RVT)            0.00       0.50 r
  library hold time                                       0.00       0.50
  data required time                                                 0.50
  --------------------------------------------------------------------------
  data required time                                                 0.50
  data arrival time                                                 -0.15
  --------------------------------------------------------------------------
  slack (VIOLATED)                                                  -0.36


  Startpoint: u_credit_reg/credit_reg[1]
              (rising edge-triggered flip-flop clocked by clk)
  Endpoint: u_credit_reg/credit_reg[1]
            (rising edge-triggered flip-flop clocked by clk)
  Path Group: clk
  Path Type: min

  Des/Clust/Port     Wire Load Model       Library
  ------------------------------------------------
  vending_top        8000                  saed32rvt_tt1p05v25c
  credit_reg         8000                  saed32rvt_tt1p05v25c

  Point                                                   Incr       Path
  --------------------------------------------------------------------------
  clock clk (rise edge)                                   0.00       0.00
  clock network delay (ideal)                             0.00       0.00
  u_credit_reg/credit_reg[1]/CLK (DFFARX1_RVT)            0.00       0.00 r
  u_credit_reg/credit_reg[1]/QN (DFFARX1_RVT)             0.08       0.08 r
  u_credit_reg/U66/Y (OAI22X1_RVT)                        0.06       0.14 f
  u_credit_reg/credit_reg[1]/D (DFFARX1_RVT)              0.01       0.15 f
  data arrival time                                                  0.15

  clock clk (rise edge)                                   0.00       0.00
  clock network delay (ideal)                             0.00       0.00
  clock uncertainty                                       0.50       0.50
  u_credit_reg/credit_reg[1]/CLK (DFFARX1_RVT)            0.00       0.50 r
  library hold time                                       0.00       0.50
  data required time                                                 0.50
  --------------------------------------------------------------------------
  data required time                                                 0.50
  data arrival time                                                 -0.15
  --------------------------------------------------------------------------
  slack (VIOLATED)                                                  -0.36


  Startpoint: u_credit_reg/credit_reg[6]
              (rising edge-triggered flip-flop clocked by clk)
  Endpoint: u_credit_reg/credit_reg[6]
            (rising edge-triggered flip-flop clocked by clk)
  Path Group: clk
  Path Type: min

  Des/Clust/Port     Wire Load Model       Library
  ------------------------------------------------
  vending_top        8000                  saed32rvt_tt1p05v25c
  credit_reg         8000                  saed32rvt_tt1p05v25c

  Point                                                   Incr       Path
  --------------------------------------------------------------------------
  clock clk (rise edge)                                   0.00       0.00
  clock network delay (ideal)                             0.00       0.00
  u_credit_reg/credit_reg[6]/CLK (DFFX1_RVT)              0.00       0.00 r
  u_credit_reg/credit_reg[6]/QN (DFFX1_RVT)               0.08       0.08 r
  u_credit_reg/U50/Y (OAI22X1_RVT)                        0.06       0.14 f
  u_credit_reg/credit_reg[6]/D (DFFX1_RVT)                0.01       0.15 f
  data arrival time                                                  0.15

  clock clk (rise edge)                                   0.00       0.00
  clock network delay (ideal)                             0.00       0.00
  clock uncertainty                                       0.50       0.50
  u_credit_reg/credit_reg[6]/CLK (DFFX1_RVT)              0.00       0.50 r
  library hold time                                       0.00       0.50
  data required time                                                 0.50
  --------------------------------------------------------------------------
  data required time                                                 0.50
  data arrival time                                                 -0.15
  --------------------------------------------------------------------------
  slack (VIOLATED)                                                  -0.35


  Startpoint: u_credit_reg/credit_reg[4]
              (rising edge-triggered flip-flop clocked by clk)
  Endpoint: u_credit_reg/credit_reg[4]
            (rising edge-triggered flip-flop clocked by clk)
  Path Group: clk
  Path Type: min

  Des/Clust/Port     Wire Load Model       Library
  ------------------------------------------------
  vending_top        8000                  saed32rvt_tt1p05v25c
  credit_reg         8000                  saed32rvt_tt1p05v25c

  Point                                                   Incr       Path
  --------------------------------------------------------------------------
  clock clk (rise edge)                                   0.00       0.00
  clock network delay (ideal)                             0.00       0.00
  u_credit_reg/credit_reg[4]/CLK (DFFX1_RVT)              0.00       0.00 r
  u_credit_reg/credit_reg[4]/QN (DFFX1_RVT)               0.08       0.08 r
  u_credit_reg/U56/Y (OAI22X1_RVT)                        0.06       0.14 f
  u_credit_reg/credit_reg[4]/D (DFFX1_RVT)                0.01       0.15 f
  data arrival time                                                  0.15

  clock clk (rise edge)                                   0.00       0.00
  clock network delay (ideal)                             0.00       0.00
  clock uncertainty                                       0.50       0.50
  u_credit_reg/credit_reg[4]/CLK (DFFX1_RVT)              0.00       0.50 r
  library hold time                                       0.00       0.50
  data required time                                                 0.50
  --------------------------------------------------------------------------
  data required time                                                 0.50
  data arrival time                                                 -0.15
  --------------------------------------------------------------------------
  slack (VIOLATED)                                                  -0.35


  Startpoint: u_credit_reg/credit_reg[3]
              (rising edge-triggered flip-flop clocked by clk)
  Endpoint: u_credit_reg/credit_reg[3]
            (rising edge-triggered flip-flop clocked by clk)
  Path Group: clk
  Path Type: min

  Des/Clust/Port     Wire Load Model       Library
  ------------------------------------------------
  vending_top        8000                  saed32rvt_tt1p05v25c
  credit_reg         8000                  saed32rvt_tt1p05v25c

  Point                                                   Incr       Path
  --------------------------------------------------------------------------
  clock clk (rise edge)                                   0.00       0.00
  clock network delay (ideal)                             0.00       0.00
  u_credit_reg/credit_reg[3]/CLK (DFFX1_RVT)              0.00       0.00 r
  u_credit_reg/credit_reg[3]/QN (DFFX1_RVT)               0.08       0.08 r
  u_credit_reg/U60/Y (OAI22X1_RVT)                        0.06       0.14 f
  u_credit_reg/credit_reg[3]/D (DFFX1_RVT)                0.01       0.15 f
  data arrival time                                                  0.15

  clock clk (rise edge)                                   0.00       0.00
  clock network delay (ideal)                             0.00       0.00
  clock uncertainty                                       0.50       0.50
  u_credit_reg/credit_reg[3]/CLK (DFFX1_RVT)              0.00       0.50 r
  library hold time                                       0.00       0.50
  data required time                                                 0.50
  --------------------------------------------------------------------------
  data required time                                                 0.50
  data arrival time                                                 -0.15
  --------------------------------------------------------------------------
  slack (VIOLATED)                                                  -0.35


  Startpoint: u_credit_reg/credit_reg[5]
              (rising edge-triggered flip-flop clocked by clk)
  Endpoint: u_credit_reg/credit_reg[5]
            (rising edge-triggered flip-flop clocked by clk)
  Path Group: clk
  Path Type: min

  Des/Clust/Port     Wire Load Model       Library
  ------------------------------------------------
  vending_top        8000                  saed32rvt_tt1p05v25c
  credit_reg         8000                  saed32rvt_tt1p05v25c

  Point                                                   Incr       Path
  --------------------------------------------------------------------------
  clock clk (rise edge)                                   0.00       0.00
  clock network delay (ideal)                             0.00       0.00
  u_credit_reg/credit_reg[5]/CLK (DFFX1_RVT)              0.00       0.00 r
  u_credit_reg/credit_reg[5]/QN (DFFX1_RVT)               0.08       0.08 r
  u_credit_reg/U53/Y (OAI22X1_RVT)                        0.06       0.14 f
  u_credit_reg/credit_reg[5]/D (DFFX1_RVT)                0.01       0.15 f
  data arrival time                                                  0.15

  clock clk (rise edge)                                   0.00       0.00
  clock network delay (ideal)                             0.00       0.00
  clock uncertainty                                       0.50       0.50
  u_credit_reg/credit_reg[5]/CLK (DFFX1_RVT)              0.00       0.50 r
  library hold time                                       0.00       0.50
  data required time                                                 0.50
  --------------------------------------------------------------------------
  data required time                                                 0.50
  data arrival time                                                 -0.15
  --------------------------------------------------------------------------
  slack (VIOLATED)                                                  -0.35


  Startpoint: u_memory/stock_reg[4]
              (rising edge-triggered flip-flop clocked by clk)
  Endpoint: u_memory/stock_reg[4]
            (rising edge-triggered flip-flop clocked by clk)
  Path Group: clk
  Path Type: min

  Des/Clust/Port     Wire Load Model       Library
  ------------------------------------------------
  vending_top        8000                  saed32rvt_tt1p05v25c
  memory             8000                  saed32rvt_tt1p05v25c

  Point                                                   Incr       Path
  --------------------------------------------------------------------------
  clock clk (rise edge)                                   0.00       0.00
  clock network delay (ideal)                             0.00       0.00
  u_memory/stock_reg[4]/CLK (DFFX1_RVT)                   0.00       0.00 r
  u_memory/stock_reg[4]/Q (DFFX1_RVT)                     0.10       0.10 f
  u_memory/U146/Y (AO22X1_RVT)                            0.05       0.15 f
  u_memory/stock_reg[4]/D (DFFX1_RVT)                     0.01       0.16 f
  data arrival time                                                  0.16

  clock clk (rise edge)                                   0.00       0.00
  clock network delay (ideal)                             0.00       0.00
  clock uncertainty                                       0.50       0.50
  u_memory/stock_reg[4]/CLK (DFFX1_RVT)                   0.00       0.50 r
  library hold time                                       0.00       0.50
  data required time                                                 0.50
  --------------------------------------------------------------------------
  data required time                                                 0.50
  data arrival time                                                 -0.16
  --------------------------------------------------------------------------
  slack (VIOLATED)                                                  -0.35


  Startpoint: u_memory/stock_reg[2]
              (rising edge-triggered flip-flop clocked by clk)
  Endpoint: u_memory/stock_reg[2]
            (rising edge-triggered flip-flop clocked by clk)
  Path Group: clk
  Path Type: min

  Des/Clust/Port     Wire Load Model       Library
  ------------------------------------------------
  vending_top        8000                  saed32rvt_tt1p05v25c
  memory             8000                  saed32rvt_tt1p05v25c

  Point                                                   Incr       Path
  --------------------------------------------------------------------------
  clock clk (rise edge)                                   0.00       0.00
  clock network delay (ideal)                             0.00       0.00
  u_memory/stock_reg[2]/CLK (DFFX1_RVT)                   0.00       0.00 r
  u_memory/stock_reg[2]/Q (DFFX1_RVT)                     0.10       0.10 f
  u_memory/U148/Y (AO22X1_RVT)                            0.05       0.15 f
  u_memory/stock_reg[2]/D (DFFX1_RVT)                     0.01       0.16 f
  data arrival time                                                  0.16

  clock clk (rise edge)                                   0.00       0.00
  clock network delay (ideal)                             0.00       0.00
  clock uncertainty                                       0.50       0.50
  u_memory/stock_reg[2]/CLK (DFFX1_RVT)                   0.00       0.50 r
  library hold time                                       0.00       0.50
  data required time                                                 0.50
  --------------------------------------------------------------------------
  data required time                                                 0.50
  data arrival time                                                 -0.16
  --------------------------------------------------------------------------
  slack (VIOLATED)                                                  -0.35


1
