 
****************************************
Report : timing
        -path full
        -delay max
        -max_paths 10
Design : vending_top
Version: X-2025.06-SP2
Date   : Thu Jul  9 13:24:43 2026
****************************************

Operating Conditions: tt1p05v25c   Library: saed32rvt_tt1p05v25c
Wire Load Model Mode: enclosed

  Startpoint: sel_item[0]
              (input port clocked by clk)
  Endpoint: u_memory/mem_reg[3][0]
            (rising edge-triggered flip-flop clocked by clk)
  Path Group: clk
  Path Type: max

  Des/Clust/Port     Wire Load Model       Library
  ------------------------------------------------
  vending_top        8000                  saed32rvt_tt1p05v25c

  Point                                                   Incr       Path
  --------------------------------------------------------------------------
  clock clk (rise edge)                                   0.00       0.00
  clock network delay (ideal)                             0.00       0.00
  input external delay                                    3.00       3.00 f
  sel_item[0] (in)                                        0.03       3.03 f
  U158/Y (INVX0_RVT)                                      0.07       3.10 r
  U159/Y (INVX0_RVT)                                      0.08       3.18 f
  U210/Y (MUX41X1_RVT)                                    0.17       3.35 r
  U214/Y (OR2X1_RVT)                                      0.06       3.40 r
  U215/Y (OR2X1_RVT)                                      0.05       3.46 r
  U216/Y (OR2X1_RVT)                                      0.05       3.51 r
  U217/Y (NAND2X0_RVT)                                    0.05       3.56 f
  U219/Y (OA21X1_RVT)                                     0.07       3.63 f
  U221/Y (INVX0_RVT)                                      0.04       3.67 r
  U222/Y (AND2X1_RVT)                                     0.05       3.72 r
  U223/Y (AO22X1_RVT)                                     0.05       3.78 r
  u_memory/mem_reg[3][0]/D (DFFX1_RVT)                    0.01       3.79 r
  data arrival time                                                  3.79

  clock clk (rise edge)                                  16.00      16.00
  clock network delay (ideal)                             0.00      16.00
  clock uncertainty                                      -0.50      15.50
  u_memory/mem_reg[3][0]/CLK (DFFX1_RVT)                  0.00      15.50 r
  library setup time                                     -0.03      15.47
  data required time                                                15.47
  --------------------------------------------------------------------------
  data required time                                                15.47
  data arrival time                                                 -3.79
  --------------------------------------------------------------------------
  slack (MET)                                                       11.68


  Startpoint: sel_item[0]
              (input port clocked by clk)
  Endpoint: u_memory/mem_reg[2][2]
            (rising edge-triggered flip-flop clocked by clk)
  Path Group: clk
  Path Type: max

  Des/Clust/Port     Wire Load Model       Library
  ------------------------------------------------
  vending_top        8000                  saed32rvt_tt1p05v25c

  Point                                                   Incr       Path
  --------------------------------------------------------------------------
  clock clk (rise edge)                                   0.00       0.00
  clock network delay (ideal)                             0.00       0.00
  input external delay                                    3.00       3.00 f
  sel_item[0] (in)                                        0.03       3.03 f
  U158/Y (INVX0_RVT)                                      0.07       3.10 r
  U159/Y (INVX0_RVT)                                      0.08       3.18 f
  U210/Y (MUX41X1_RVT)                                    0.17       3.35 r
  U214/Y (OR2X1_RVT)                                      0.06       3.40 r
  U215/Y (OR2X1_RVT)                                      0.05       3.46 r
  U216/Y (OR2X1_RVT)                                      0.05       3.51 r
  U217/Y (NAND2X0_RVT)                                    0.05       3.56 f
  U237/Y (OA21X1_RVT)                                     0.07       3.63 f
  U238/Y (INVX0_RVT)                                      0.05       3.68 r
  U242/Y (AND2X1_RVT)                                     0.05       3.73 r
  U243/Y (AO22X1_RVT)                                     0.05       3.78 r
  u_memory/mem_reg[2][2]/D (DFFX1_RVT)                    0.01       3.79 r
  data arrival time                                                  3.79

  clock clk (rise edge)                                  16.00      16.00
  clock network delay (ideal)                             0.00      16.00
  clock uncertainty                                      -0.50      15.50
  u_memory/mem_reg[2][2]/CLK (DFFX1_RVT)                  0.00      15.50 r
  library setup time                                     -0.03      15.47
  data required time                                                15.47
  --------------------------------------------------------------------------
  data required time                                                15.47
  data arrival time                                                 -3.79
  --------------------------------------------------------------------------
  slack (MET)                                                       11.68


  Startpoint: sel_item[0]
              (input port clocked by clk)
  Endpoint: u_memory/mem_reg[2][3]
            (rising edge-triggered flip-flop clocked by clk)
  Path Group: clk
  Path Type: max

  Des/Clust/Port     Wire Load Model       Library
  ------------------------------------------------
  vending_top        8000                  saed32rvt_tt1p05v25c

  Point                                                   Incr       Path
  --------------------------------------------------------------------------
  clock clk (rise edge)                                   0.00       0.00
  clock network delay (ideal)                             0.00       0.00
  input external delay                                    3.00       3.00 f
  sel_item[0] (in)                                        0.03       3.03 f
  U158/Y (INVX0_RVT)                                      0.07       3.10 r
  U159/Y (INVX0_RVT)                                      0.08       3.18 f
  U210/Y (MUX41X1_RVT)                                    0.17       3.35 r
  U214/Y (OR2X1_RVT)                                      0.06       3.40 r
  U215/Y (OR2X1_RVT)                                      0.05       3.46 r
  U216/Y (OR2X1_RVT)                                      0.05       3.51 r
  U217/Y (NAND2X0_RVT)                                    0.05       3.56 f
  U237/Y (OA21X1_RVT)                                     0.07       3.63 f
  U238/Y (INVX0_RVT)                                      0.05       3.68 r
  U242/Y (AND2X1_RVT)                                     0.05       3.73 r
  U244/Y (AO22X1_RVT)                                     0.05       3.78 r
  u_memory/mem_reg[2][3]/D (DFFX1_RVT)                    0.01       3.79 r
  data arrival time                                                  3.79

  clock clk (rise edge)                                  16.00      16.00
  clock network delay (ideal)                             0.00      16.00
  clock uncertainty                                      -0.50      15.50
  u_memory/mem_reg[2][3]/CLK (DFFX1_RVT)                  0.00      15.50 r
  library setup time                                     -0.03      15.47
  data required time                                                15.47
  --------------------------------------------------------------------------
  data required time                                                15.47
  data arrival time                                                 -3.79
  --------------------------------------------------------------------------
  slack (MET)                                                       11.68


  Startpoint: sel_item[0]
              (input port clocked by clk)
  Endpoint: u_memory/mem_reg[2][4]
            (rising edge-triggered flip-flop clocked by clk)
  Path Group: clk
  Path Type: max

  Des/Clust/Port     Wire Load Model       Library
  ------------------------------------------------
  vending_top        8000                  saed32rvt_tt1p05v25c

  Point                                                   Incr       Path
  --------------------------------------------------------------------------
  clock clk (rise edge)                                   0.00       0.00
  clock network delay (ideal)                             0.00       0.00
  input external delay                                    3.00       3.00 f
  sel_item[0] (in)                                        0.03       3.03 f
  U158/Y (INVX0_RVT)                                      0.07       3.10 r
  U159/Y (INVX0_RVT)                                      0.08       3.18 f
  U210/Y (MUX41X1_RVT)                                    0.17       3.35 r
  U214/Y (OR2X1_RVT)                                      0.06       3.40 r
  U215/Y (OR2X1_RVT)                                      0.05       3.46 r
  U216/Y (OR2X1_RVT)                                      0.05       3.51 r
  U217/Y (NAND2X0_RVT)                                    0.05       3.56 f
  U237/Y (OA21X1_RVT)                                     0.07       3.63 f
  U238/Y (INVX0_RVT)                                      0.05       3.68 r
  U242/Y (AND2X1_RVT)                                     0.05       3.73 r
  U245/Y (AO22X1_RVT)                                     0.05       3.78 r
  u_memory/mem_reg[2][4]/D (DFFX1_RVT)                    0.01       3.79 r
  data arrival time                                                  3.79

  clock clk (rise edge)                                  16.00      16.00
  clock network delay (ideal)                             0.00      16.00
  clock uncertainty                                      -0.50      15.50
  u_memory/mem_reg[2][4]/CLK (DFFX1_RVT)                  0.00      15.50 r
  library setup time                                     -0.03      15.47
  data required time                                                15.47
  --------------------------------------------------------------------------
  data required time                                                15.47
  data arrival time                                                 -3.79
  --------------------------------------------------------------------------
  slack (MET)                                                       11.68


  Startpoint: sel_item[0]
              (input port clocked by clk)
  Endpoint: u_memory/mem_reg[1][1]
            (rising edge-triggered flip-flop clocked by clk)
  Path Group: clk
  Path Type: max

  Des/Clust/Port     Wire Load Model       Library
  ------------------------------------------------
  vending_top        8000                  saed32rvt_tt1p05v25c

  Point                                                   Incr       Path
  --------------------------------------------------------------------------
  clock clk (rise edge)                                   0.00       0.00
  clock network delay (ideal)                             0.00       0.00
  input external delay                                    3.00       3.00 f
  sel_item[0] (in)                                        0.03       3.03 f
  U158/Y (INVX0_RVT)                                      0.07       3.10 r
  U159/Y (INVX0_RVT)                                      0.08       3.18 f
  U210/Y (MUX41X1_RVT)                                    0.17       3.35 r
  U214/Y (OR2X1_RVT)                                      0.06       3.40 r
  U215/Y (OR2X1_RVT)                                      0.05       3.46 r
  U216/Y (OR2X1_RVT)                                      0.05       3.51 r
  U217/Y (NAND2X0_RVT)                                    0.05       3.56 f
  U247/Y (OA21X1_RVT)                                     0.07       3.63 f
  U248/Y (INVX0_RVT)                                      0.05       3.68 r
  U250/Y (AND2X1_RVT)                                     0.05       3.73 r
  U251/Y (AO22X1_RVT)                                     0.05       3.78 r
  u_memory/mem_reg[1][1]/D (DFFX1_RVT)                    0.01       3.79 r
  data arrival time                                                  3.79

  clock clk (rise edge)                                  16.00      16.00
  clock network delay (ideal)                             0.00      16.00
  clock uncertainty                                      -0.50      15.50
  u_memory/mem_reg[1][1]/CLK (DFFX1_RVT)                  0.00      15.50 r
  library setup time                                     -0.03      15.47
  data required time                                                15.47
  --------------------------------------------------------------------------
  data required time                                                15.47
  data arrival time                                                 -3.79
  --------------------------------------------------------------------------
  slack (MET)                                                       11.68


  Startpoint: sel_item[0]
              (input port clocked by clk)
  Endpoint: u_memory/mem_reg[1][3]
            (rising edge-triggered flip-flop clocked by clk)
  Path Group: clk
  Path Type: max

  Des/Clust/Port     Wire Load Model       Library
  ------------------------------------------------
  vending_top        8000                  saed32rvt_tt1p05v25c

  Point                                                   Incr       Path
  --------------------------------------------------------------------------
  clock clk (rise edge)                                   0.00       0.00
  clock network delay (ideal)                             0.00       0.00
  input external delay                                    3.00       3.00 f
  sel_item[0] (in)                                        0.03       3.03 f
  U158/Y (INVX0_RVT)                                      0.07       3.10 r
  U159/Y (INVX0_RVT)                                      0.08       3.18 f
  U210/Y (MUX41X1_RVT)                                    0.17       3.35 r
  U214/Y (OR2X1_RVT)                                      0.06       3.40 r
  U215/Y (OR2X1_RVT)                                      0.05       3.46 r
  U216/Y (OR2X1_RVT)                                      0.05       3.51 r
  U217/Y (NAND2X0_RVT)                                    0.05       3.56 f
  U247/Y (OA21X1_RVT)                                     0.07       3.63 f
  U248/Y (INVX0_RVT)                                      0.05       3.68 r
  U250/Y (AND2X1_RVT)                                     0.05       3.73 r
  U253/Y (AO22X1_RVT)                                     0.05       3.78 r
  u_memory/mem_reg[1][3]/D (DFFX1_RVT)                    0.01       3.79 r
  data arrival time                                                  3.79

  clock clk (rise edge)                                  16.00      16.00
  clock network delay (ideal)                             0.00      16.00
  clock uncertainty                                      -0.50      15.50
  u_memory/mem_reg[1][3]/CLK (DFFX1_RVT)                  0.00      15.50 r
  library setup time                                     -0.03      15.47
  data required time                                                15.47
  --------------------------------------------------------------------------
  data required time                                                15.47
  data arrival time                                                 -3.79
  --------------------------------------------------------------------------
  slack (MET)                                                       11.68


  Startpoint: sel_item[0]
              (input port clocked by clk)
  Endpoint: u_memory/mem_reg[1][4]
            (rising edge-triggered flip-flop clocked by clk)
  Path Group: clk
  Path Type: max

  Des/Clust/Port     Wire Load Model       Library
  ------------------------------------------------
  vending_top        8000                  saed32rvt_tt1p05v25c

  Point                                                   Incr       Path
  --------------------------------------------------------------------------
  clock clk (rise edge)                                   0.00       0.00
  clock network delay (ideal)                             0.00       0.00
  input external delay                                    3.00       3.00 f
  sel_item[0] (in)                                        0.03       3.03 f
  U158/Y (INVX0_RVT)                                      0.07       3.10 r
  U159/Y (INVX0_RVT)                                      0.08       3.18 f
  U210/Y (MUX41X1_RVT)                                    0.17       3.35 r
  U214/Y (OR2X1_RVT)                                      0.06       3.40 r
  U215/Y (OR2X1_RVT)                                      0.05       3.46 r
  U216/Y (OR2X1_RVT)                                      0.05       3.51 r
  U217/Y (NAND2X0_RVT)                                    0.05       3.56 f
  U247/Y (OA21X1_RVT)                                     0.07       3.63 f
  U248/Y (INVX0_RVT)                                      0.05       3.68 r
  U250/Y (AND2X1_RVT)                                     0.05       3.73 r
  U254/Y (AO22X1_RVT)                                     0.05       3.78 r
  u_memory/mem_reg[1][4]/D (DFFX1_RVT)                    0.01       3.79 r
  data arrival time                                                  3.79

  clock clk (rise edge)                                  16.00      16.00
  clock network delay (ideal)                             0.00      16.00
  clock uncertainty                                      -0.50      15.50
  u_memory/mem_reg[1][4]/CLK (DFFX1_RVT)                  0.00      15.50 r
  library setup time                                     -0.03      15.47
  data required time                                                15.47
  --------------------------------------------------------------------------
  data required time                                                15.47
  data arrival time                                                 -3.79
  --------------------------------------------------------------------------
  slack (MET)                                                       11.68


  Startpoint: sel_item[0]
              (input port clocked by clk)
  Endpoint: u_memory/mem_reg[0][1]
            (rising edge-triggered flip-flop clocked by clk)
  Path Group: clk
  Path Type: max

  Des/Clust/Port     Wire Load Model       Library
  ------------------------------------------------
  vending_top        8000                  saed32rvt_tt1p05v25c

  Point                                                   Incr       Path
  --------------------------------------------------------------------------
  clock clk (rise edge)                                   0.00       0.00
  clock network delay (ideal)                             0.00       0.00
  input external delay                                    3.00       3.00 f
  sel_item[0] (in)                                        0.03       3.03 f
  U158/Y (INVX0_RVT)                                      0.07       3.10 r
  U159/Y (INVX0_RVT)                                      0.08       3.18 f
  U210/Y (MUX41X1_RVT)                                    0.17       3.35 r
  U214/Y (OR2X1_RVT)                                      0.06       3.40 r
  U215/Y (OR2X1_RVT)                                      0.05       3.46 r
  U216/Y (OR2X1_RVT)                                      0.05       3.51 r
  U217/Y (NAND2X0_RVT)                                    0.05       3.56 f
  U256/Y (OA21X1_RVT)                                     0.07       3.63 f
  U257/Y (INVX0_RVT)                                      0.05       3.68 r
  U259/Y (AND2X1_RVT)                                     0.05       3.73 r
  U260/Y (AO22X1_RVT)                                     0.05       3.78 r
  u_memory/mem_reg[0][1]/D (DFFX1_RVT)                    0.01       3.79 r
  data arrival time                                                  3.79

  clock clk (rise edge)                                  16.00      16.00
  clock network delay (ideal)                             0.00      16.00
  clock uncertainty                                      -0.50      15.50
  u_memory/mem_reg[0][1]/CLK (DFFX1_RVT)                  0.00      15.50 r
  library setup time                                     -0.03      15.47
  data required time                                                15.47
  --------------------------------------------------------------------------
  data required time                                                15.47
  data arrival time                                                 -3.79
  --------------------------------------------------------------------------
  slack (MET)                                                       11.68


  Startpoint: sel_item[0]
              (input port clocked by clk)
  Endpoint: u_memory/mem_reg[0][3]
            (rising edge-triggered flip-flop clocked by clk)
  Path Group: clk
  Path Type: max

  Des/Clust/Port     Wire Load Model       Library
  ------------------------------------------------
  vending_top        8000                  saed32rvt_tt1p05v25c

  Point                                                   Incr       Path
  --------------------------------------------------------------------------
  clock clk (rise edge)                                   0.00       0.00
  clock network delay (ideal)                             0.00       0.00
  input external delay                                    3.00       3.00 f
  sel_item[0] (in)                                        0.03       3.03 f
  U158/Y (INVX0_RVT)                                      0.07       3.10 r
  U159/Y (INVX0_RVT)                                      0.08       3.18 f
  U210/Y (MUX41X1_RVT)                                    0.17       3.35 r
  U214/Y (OR2X1_RVT)                                      0.06       3.40 r
  U215/Y (OR2X1_RVT)                                      0.05       3.46 r
  U216/Y (OR2X1_RVT)                                      0.05       3.51 r
  U217/Y (NAND2X0_RVT)                                    0.05       3.56 f
  U256/Y (OA21X1_RVT)                                     0.07       3.63 f
  U257/Y (INVX0_RVT)                                      0.05       3.68 r
  U259/Y (AND2X1_RVT)                                     0.05       3.73 r
  U262/Y (AO22X1_RVT)                                     0.05       3.78 r
  u_memory/mem_reg[0][3]/D (DFFX1_RVT)                    0.01       3.79 r
  data arrival time                                                  3.79

  clock clk (rise edge)                                  16.00      16.00
  clock network delay (ideal)                             0.00      16.00
  clock uncertainty                                      -0.50      15.50
  u_memory/mem_reg[0][3]/CLK (DFFX1_RVT)                  0.00      15.50 r
  library setup time                                     -0.03      15.47
  data required time                                                15.47
  --------------------------------------------------------------------------
  data required time                                                15.47
  data arrival time                                                 -3.79
  --------------------------------------------------------------------------
  slack (MET)                                                       11.68


  Startpoint: sel_item[0]
              (input port clocked by clk)
  Endpoint: u_memory/mem_reg[0][4]
            (rising edge-triggered flip-flop clocked by clk)
  Path Group: clk
  Path Type: max

  Des/Clust/Port     Wire Load Model       Library
  ------------------------------------------------
  vending_top        8000                  saed32rvt_tt1p05v25c

  Point                                                   Incr       Path
  --------------------------------------------------------------------------
  clock clk (rise edge)                                   0.00       0.00
  clock network delay (ideal)                             0.00       0.00
  input external delay                                    3.00       3.00 f
  sel_item[0] (in)                                        0.03       3.03 f
  U158/Y (INVX0_RVT)                                      0.07       3.10 r
  U159/Y (INVX0_RVT)                                      0.08       3.18 f
  U210/Y (MUX41X1_RVT)                                    0.17       3.35 r
  U214/Y (OR2X1_RVT)                                      0.06       3.40 r
  U215/Y (OR2X1_RVT)                                      0.05       3.46 r
  U216/Y (OR2X1_RVT)                                      0.05       3.51 r
  U217/Y (NAND2X0_RVT)                                    0.05       3.56 f
  U256/Y (OA21X1_RVT)                                     0.07       3.63 f
  U257/Y (INVX0_RVT)                                      0.05       3.68 r
  U259/Y (AND2X1_RVT)                                     0.05       3.73 r
  U263/Y (AO22X1_RVT)                                     0.05       3.78 r
  u_memory/mem_reg[0][4]/D (DFFX1_RVT)                    0.01       3.79 r
  data arrival time                                                  3.79

  clock clk (rise edge)                                  16.00      16.00
  clock network delay (ideal)                             0.00      16.00
  clock uncertainty                                      -0.50      15.50
  u_memory/mem_reg[0][4]/CLK (DFFX1_RVT)                  0.00      15.50 r
  library setup time                                     -0.03      15.47
  data required time                                                15.47
  --------------------------------------------------------------------------
  data required time                                                15.47
  data arrival time                                                 -3.79
  --------------------------------------------------------------------------
  slack (MET)                                                       11.68


1
