 
****************************************
Report : qor
Design : vending_top
Version: X-2025.06-SP2
Date   : Thu Jul  9 13:24:17 2026
****************************************


  Timing Path Group 'clk'
  -----------------------------------
  Levels of Logic:              12.00
  Critical Path Length:          0.91
  Critical Path Slack:           3.50
  Critical Path Clk Period:      8.00
  Total Negative Slack:          0.00
  No. of Violating Paths:        0.00
  Worst Hold Violation:         -0.41
  Total Hold Violation:        -17.71
  No. of Hold Violations:       52.00
  -----------------------------------


  Cell Count
  -----------------------------------
  Hierarchical Cell Count:          5
  Hierarchical Port Count:        109
  Leaf Cell Count:                266
  Buf/Inv Cell Count:              57
  Buf Cell Count:                   0
  Inv Cell Count:                  57
  CT Buf/Inv Cell Count:            0
  Combinational Cell Count:       214
  Sequential Cell Count:           52
  Macro Count:                      0
  -----------------------------------


  Area
  -----------------------------------
  Combinational Area:      500.917829
  Noncombinational Area:   347.160715
  Buf/Inv Area:             73.447616
  Total Buffer Area:             0.00
  Total Inverter Area:          73.45
  Macro/Black Box Area:      0.000000
  Net Area:                154.432614
  -----------------------------------
  Cell Area:               848.078543
  Design Area:            1002.511157


  Design Rules
  -----------------------------------
  Total Number of Nets:           307
  Nets With Violations:             0
  Max Trans Violations:             0
  Max Cap Violations:               0
  -----------------------------------


  Hostname: xmen25

  Compile CPU Statistics
  -----------------------------------------
  Resource Sharing:                    0.06
  Logic Optimization:                  0.02
  Mapping Optimization:                0.15
  -----------------------------------------
  Overall Compile Time:                2.02
  Overall Compile Wall Clock Time:     2.34

  --------------------------------------------------------------------

  Design  WNS: 0.00  TNS: 0.00  Number of Violating Paths: 0


  Design (Hold)  WNS: 0.41  TNS: 17.71  Number of Violating Paths: 52

  --------------------------------------------------------------------


1
