 
****************************************
Report : timing
        -path full
        -delay max
        -max_paths 10
Design : vending_top
Version: X-2025.06-SP2
Date   : Thu Jul  9 13:25:02 2026
****************************************

Operating Conditions: tt1p05v25c   Library: saed32rvt_tt1p05v25c
Wire Load Model Mode: enclosed

  Startpoint: sel_item[0]
              (input port clocked by clk)
  Endpoint: u_memory/mem_reg[0][0]
            (rising edge-triggered flip-flop clocked by clk)
  Path Group: clk
  Path Type: max

  Des/Clust/Port     Wire Load Model       Library
  ------------------------------------------------
  vending_top        8000                  saed32rvt_tt1p05v25c

  Point                                                   Incr       Path
  --------------------------------------------------------------------------
  clock clk (rise edge)                                   0.00       0.00
  clock network delay (ideal)                             0.00       0.00
  input external delay                                    3.00       3.00 f
  sel_item[0] (in)                                        0.02       3.02 f
  U261/Y (OR2X2_RVT)                                      0.07       3.09 f
  U168/Y (NOR2X0_RVT)                                     0.06       3.16 r
  U167/Y (OR3X1_RVT)                                      0.06       3.22 r
  U172/Y (OR3X1_RVT)                                      0.07       3.28 r
  U180/Y (OR2X2_RVT)                                      0.05       3.34 r
  U232/Y (AND2X1_RVT)                                     0.05       3.39 r
  U230/Y (OR2X2_RVT)                                      0.06       3.45 r
  U342/Y (MUX21X1_RVT)                                    0.08       3.53 r
  u_memory/mem_reg[0][0]/D (DFFX2_RVT)                    0.01       3.54 r
  data arrival time                                                  3.54

  clock clk (rise edge)                                   4.00       4.00
  clock network delay (ideal)                             0.00       4.00
  clock uncertainty                                      -0.50       3.50
  u_memory/mem_reg[0][0]/CLK (DFFX2_RVT)                  0.00       3.50 r
  library setup time                                     -0.03       3.47
  data required time                                                 3.47
  --------------------------------------------------------------------------
  data required time                                                 3.47
  data arrival time                                                 -3.54
  --------------------------------------------------------------------------
  slack (VIOLATED)                                                  -0.07


  Startpoint: sel_item[0]
              (input port clocked by clk)
  Endpoint: u_memory/mem_reg[0][2]
            (rising edge-triggered flip-flop clocked by clk)
  Path Group: clk
  Path Type: max

  Des/Clust/Port     Wire Load Model       Library
  ------------------------------------------------
  vending_top        8000                  saed32rvt_tt1p05v25c

  Point                                                   Incr       Path
  --------------------------------------------------------------------------
  clock clk (rise edge)                                   0.00       0.00
  clock network delay (ideal)                             0.00       0.00
  input external delay                                    3.00       3.00 f
  sel_item[0] (in)                                        0.02       3.02 f
  U261/Y (OR2X2_RVT)                                      0.07       3.09 f
  U168/Y (NOR2X0_RVT)                                     0.06       3.16 r
  U167/Y (OR3X1_RVT)                                      0.06       3.22 r
  U172/Y (OR3X1_RVT)                                      0.07       3.28 r
  U180/Y (OR2X2_RVT)                                      0.05       3.34 r
  U232/Y (AND2X1_RVT)                                     0.05       3.39 r
  U230/Y (OR2X2_RVT)                                      0.06       3.45 r
  U341/Y (MUX21X1_RVT)                                    0.08       3.53 r
  u_memory/mem_reg[0][2]/D (DFFX2_RVT)                    0.01       3.54 r
  data arrival time                                                  3.54

  clock clk (rise edge)                                   4.00       4.00
  clock network delay (ideal)                             0.00       4.00
  clock uncertainty                                      -0.50       3.50
  u_memory/mem_reg[0][2]/CLK (DFFX2_RVT)                  0.00       3.50 r
  library setup time                                     -0.03       3.47
  data required time                                                 3.47
  --------------------------------------------------------------------------
  data required time                                                 3.47
  data arrival time                                                 -3.54
  --------------------------------------------------------------------------
  slack (VIOLATED)                                                  -0.07


  Startpoint: sel_item[0]
              (input port clocked by clk)
  Endpoint: u_memory/mem_reg[0][3]
            (rising edge-triggered flip-flop clocked by clk)
  Path Group: clk
  Path Type: max

  Des/Clust/Port     Wire Load Model       Library
  ------------------------------------------------
  vending_top        8000                  saed32rvt_tt1p05v25c

  Point                                                   Incr       Path
  --------------------------------------------------------------------------
  clock clk (rise edge)                                   0.00       0.00
  clock network delay (ideal)                             0.00       0.00
  input external delay                                    3.00       3.00 f
  sel_item[0] (in)                                        0.02       3.02 f
  U278/Y (NAND2X0_RVT)                                    0.05       3.07 r
  U247/Y (INVX0_RVT)                                      0.02       3.10 f
  U271/Y (NAND2X0_RVT)                                    0.03       3.13 r
  U212/Y (NAND2X0_RVT)                                    0.03       3.16 f
  U167/Y (OR3X1_RVT)                                      0.06       3.22 f
  U172/Y (OR3X1_RVT)                                      0.07       3.29 f
  U180/Y (OR2X2_RVT)                                      0.05       3.34 f
  U232/Y (AND2X1_RVT)                                     0.05       3.39 f
  U230/Y (OR2X2_RVT)                                      0.06       3.45 f
  U264/Y (OAI21X2_RVT)                                    0.08       3.53 r
  u_memory/mem_reg[0][3]/D (DFFX1_RVT)                    0.01       3.54 r
  data arrival time                                                  3.54

  clock clk (rise edge)                                   4.00       4.00
  clock network delay (ideal)                             0.00       4.00
  clock uncertainty                                      -0.50       3.50
  u_memory/mem_reg[0][3]/CLK (DFFX1_RVT)                  0.00       3.50 r
  library setup time                                     -0.03       3.47
  data required time                                                 3.47
  --------------------------------------------------------------------------
  data required time                                                 3.47
  data arrival time                                                 -3.54
  --------------------------------------------------------------------------
  slack (VIOLATED)                                                  -0.07


  Startpoint: coin_in[0] (input port clocked by clk)
  Endpoint: u_credit_reg/credit_reg[7]
            (rising edge-triggered flip-flop clocked by clk)
  Path Group: clk
  Path Type: max

  Des/Clust/Port     Wire Load Model       Library
  ------------------------------------------------
  vending_top        8000                  saed32rvt_tt1p05v25c

  Point                                                   Incr       Path
  --------------------------------------------------------------------------
  clock clk (rise edge)                                   0.00       0.00
  clock network delay (ideal)                             0.00       0.00
  input external delay                                    3.00       3.00 r
  coin_in[0] (in)                                         0.01       3.01 r
  U275/Y (AND2X2_RVT)                                     0.06       3.06 r
  U379/Y (NOR2X0_RVT)                                     0.07       3.13 f
  U381/Y (NOR2X0_RVT)                                     0.06       3.19 r
  U385/Y (AOI21X1_RVT)                                    0.06       3.26 f
  U390/Y (OAI21X2_RVT)                                    0.07       3.33 r
  U393/CO (FADDX1_RVT)                                    0.08       3.41 r
  U391/Y (XOR2X1_RVT)                                     0.08       3.50 f
  U392/Y (AO22X1_RVT)                                     0.04       3.54 f
  u_credit_reg/credit_reg[7]/D (DFFX1_RVT)                0.01       3.55 f
  data arrival time                                                  3.55

  clock clk (rise edge)                                   4.00       4.00
  clock network delay (ideal)                             0.00       4.00
  clock uncertainty                                      -0.50       3.50
  u_credit_reg/credit_reg[7]/CLK (DFFX1_RVT)              0.00       3.50 r
  library setup time                                     -0.02       3.48
  data required time                                                 3.48
  --------------------------------------------------------------------------
  data required time                                                 3.48
  data arrival time                                                 -3.55
  --------------------------------------------------------------------------
  slack (VIOLATED)                                                  -0.07


  Startpoint: sel_item[0]
              (input port clocked by clk)
  Endpoint: u_memory/mem_reg[1][2]
            (rising edge-triggered flip-flop clocked by clk)
  Path Group: clk
  Path Type: max

  Des/Clust/Port     Wire Load Model       Library
  ------------------------------------------------
  vending_top        8000                  saed32rvt_tt1p05v25c

  Point                                                   Incr       Path
  --------------------------------------------------------------------------
  clock clk (rise edge)                                   0.00       0.00
  clock network delay (ideal)                             0.00       0.00
  input external delay                                    3.00       3.00 f
  sel_item[0] (in)                                        0.02       3.02 f
  U261/Y (OR2X2_RVT)                                      0.07       3.09 f
  U168/Y (NOR2X0_RVT)                                     0.06       3.16 r
  U167/Y (OR3X1_RVT)                                      0.06       3.22 r
  U172/Y (OR3X1_RVT)                                      0.07       3.28 r
  U180/Y (OR2X2_RVT)                                      0.05       3.34 r
  U239/Y (AOI21X2_RVT)                                    0.08       3.42 f
  U173/Y (INVX0_RVT)                                      0.04       3.46 r
  U285/Y (MUX21X1_RVT)                                    0.07       3.53 r
  u_memory/mem_reg[1][2]/D (DFFX2_RVT)                    0.01       3.54 r
  data arrival time                                                  3.54

  clock clk (rise edge)                                   4.00       4.00
  clock network delay (ideal)                             0.00       4.00
  clock uncertainty                                      -0.50       3.50
  u_memory/mem_reg[1][2]/CLK (DFFX2_RVT)                  0.00       3.50 r
  library setup time                                     -0.03       3.47
  data required time                                                 3.47
  --------------------------------------------------------------------------
  data required time                                                 3.47
  data arrival time                                                 -3.54
  --------------------------------------------------------------------------
  slack (VIOLATED)                                                  -0.07


  Startpoint: sel_item[0]
              (input port clocked by clk)
  Endpoint: u_memory/mem_reg[1][3]
            (rising edge-triggered flip-flop clocked by clk)
  Path Group: clk
  Path Type: max

  Des/Clust/Port     Wire Load Model       Library
  ------------------------------------------------
  vending_top        8000                  saed32rvt_tt1p05v25c

  Point                                                   Incr       Path
  --------------------------------------------------------------------------
  clock clk (rise edge)                                   0.00       0.00
  clock network delay (ideal)                             0.00       0.00
  input external delay                                    3.00       3.00 f
  sel_item[0] (in)                                        0.02       3.02 f
  U261/Y (OR2X2_RVT)                                      0.07       3.09 f
  U168/Y (NOR2X0_RVT)                                     0.06       3.16 r
  U167/Y (OR3X1_RVT)                                      0.06       3.22 r
  U181/Y (OR3X2_RVT)                                      0.07       3.29 r
  U162/Y (OR2X2_RVT)                                      0.05       3.34 r
  U281/Y (AND2X1_RVT)                                     0.04       3.38 r
  U163/Y (OR2X2_RVT)                                      0.05       3.43 r
  U279/Y (OR2X1_RVT)                                      0.05       3.48 r
  U365/Y (OAI21X2_RVT)                                    0.06       3.54 f
  u_memory/mem_reg[1][3]/D (DFFX1_RVT)                    0.01       3.55 f
  data arrival time                                                  3.55

  clock clk (rise edge)                                   4.00       4.00
  clock network delay (ideal)                             0.00       4.00
  clock uncertainty                                      -0.50       3.50
  u_memory/mem_reg[1][3]/CLK (DFFX1_RVT)                  0.00       3.50 r
  library setup time                                     -0.02       3.48
  data required time                                                 3.48
  --------------------------------------------------------------------------
  data required time                                                 3.48
  data arrival time                                                 -3.55
  --------------------------------------------------------------------------
  slack (VIOLATED)                                                  -0.07


  Startpoint: sel_item[0]
              (input port clocked by clk)
  Endpoint: u_memory/mem_reg[0][4]
            (rising edge-triggered flip-flop clocked by clk)
  Path Group: clk
  Path Type: max

  Des/Clust/Port     Wire Load Model       Library
  ------------------------------------------------
  vending_top        8000                  saed32rvt_tt1p05v25c

  Point                                                   Incr       Path
  --------------------------------------------------------------------------
  clock clk (rise edge)                                   0.00       0.00
  clock network delay (ideal)                             0.00       0.00
  input external delay                                    3.00       3.00 f
  sel_item[0] (in)                                        0.02       3.02 f
  U278/Y (NAND2X0_RVT)                                    0.05       3.07 r
  U247/Y (INVX0_RVT)                                      0.02       3.10 f
  U271/Y (NAND2X0_RVT)                                    0.03       3.13 r
  U212/Y (NAND2X0_RVT)                                    0.03       3.16 f
  U167/Y (OR3X1_RVT)                                      0.06       3.22 f
  U181/Y (OR3X2_RVT)                                      0.07       3.29 f
  U165/Y (OR2X1_RVT)                                      0.05       3.33 f
  U274/Y (INVX0_RVT)                                      0.03       3.36 r
  U164/Y (AOI21X2_RVT)                                    0.06       3.42 f
  U266/Y (NOR2X0_RVT)                                     0.06       3.48 r
  U283/Y (AO21X1_RVT)                                     0.05       3.53 r
  u_memory/mem_reg[0][4]/D (DFFX2_RVT)                    0.01       3.54 r
  data arrival time                                                  3.54

  clock clk (rise edge)                                   4.00       4.00
  clock network delay (ideal)                             0.00       4.00
  clock uncertainty                                      -0.50       3.50
  u_memory/mem_reg[0][4]/CLK (DFFX2_RVT)                  0.00       3.50 r
  library setup time                                     -0.03       3.47
  data required time                                                 3.47
  --------------------------------------------------------------------------
  data required time                                                 3.47
  data arrival time                                                 -3.54
  --------------------------------------------------------------------------
  slack (VIOLATED)                                                  -0.07


  Startpoint: sel_item[0]
              (input port clocked by clk)
  Endpoint: u_memory/mem_reg[2][4]
            (rising edge-triggered flip-flop clocked by clk)
  Path Group: clk
  Path Type: max

  Des/Clust/Port     Wire Load Model       Library
  ------------------------------------------------
  vending_top        8000                  saed32rvt_tt1p05v25c

  Point                                                   Incr       Path
  --------------------------------------------------------------------------
  clock clk (rise edge)                                   0.00       0.00
  clock network delay (ideal)                             0.00       0.00
  input external delay                                    3.00       3.00 f
  sel_item[0] (in)                                        0.02       3.02 f
  U261/Y (OR2X2_RVT)                                      0.07       3.09 f
  U168/Y (NOR2X0_RVT)                                     0.06       3.16 r
  U167/Y (OR3X1_RVT)                                      0.06       3.22 r
  U172/Y (OR3X1_RVT)                                      0.07       3.28 r
  U180/Y (OR2X2_RVT)                                      0.05       3.34 r
  U183/Y (AND2X1_RVT)                                     0.04       3.38 r
  U280/Y (NAND2X0_RVT)                                    0.04       3.43 f
  U319/Y (NOR2X0_RVT)                                     0.06       3.49 r
  U263/Y (OR2X1_RVT)                                      0.04       3.53 r
  u_memory/mem_reg[2][4]/D (DFFX2_RVT)                    0.01       3.55 r
  data arrival time                                                  3.55

  clock clk (rise edge)                                   4.00       4.00
  clock network delay (ideal)                             0.00       4.00
  clock uncertainty                                      -0.50       3.50
  u_memory/mem_reg[2][4]/CLK (DFFX2_RVT)                  0.00       3.50 r
  library setup time                                     -0.03       3.47
  data required time                                                 3.47
  --------------------------------------------------------------------------
  data required time                                                 3.47
  data arrival time                                                 -3.55
  --------------------------------------------------------------------------
  slack (VIOLATED)                                                  -0.07


  Startpoint: sel_item[0]
              (input port clocked by clk)
  Endpoint: u_memory/mem_reg[2][3]
            (rising edge-triggered flip-flop clocked by clk)
  Path Group: clk
  Path Type: max

  Des/Clust/Port     Wire Load Model       Library
  ------------------------------------------------
  vending_top        8000                  saed32rvt_tt1p05v25c

  Point                                                   Incr       Path
  --------------------------------------------------------------------------
  clock clk (rise edge)                                   0.00       0.00
  clock network delay (ideal)                             0.00       0.00
  input external delay                                    3.00       3.00 f
  sel_item[0] (in)                                        0.02       3.02 f
  U261/Y (OR2X2_RVT)                                      0.07       3.09 f
  U168/Y (NOR2X0_RVT)                                     0.06       3.16 r
  U167/Y (OR3X1_RVT)                                      0.06       3.22 r
  U172/Y (OR3X1_RVT)                                      0.07       3.28 r
  U180/Y (OR2X2_RVT)                                      0.05       3.34 r
  U183/Y (AND2X1_RVT)                                     0.04       3.38 r
  U280/Y (NAND2X0_RVT)                                    0.04       3.43 f
  U317/Y (NOR2X0_RVT)                                     0.06       3.49 r
  U262/Y (OR2X1_RVT)                                      0.04       3.53 r
  u_memory/mem_reg[2][3]/D (DFFX2_RVT)                    0.01       3.55 r
  data arrival time                                                  3.55

  clock clk (rise edge)                                   4.00       4.00
  clock network delay (ideal)                             0.00       4.00
  clock uncertainty                                      -0.50       3.50
  u_memory/mem_reg[2][3]/CLK (DFFX2_RVT)                  0.00       3.50 r
  library setup time                                     -0.03       3.47
  data required time                                                 3.47
  --------------------------------------------------------------------------
  data required time                                                 3.47
  data arrival time                                                 -3.55
  --------------------------------------------------------------------------
  slack (VIOLATED)                                                  -0.07


  Startpoint: sel_item[0]
              (input port clocked by clk)
  Endpoint: u_memory/mem_reg[1][4]
            (rising edge-triggered flip-flop clocked by clk)
  Path Group: clk
  Path Type: max

  Des/Clust/Port     Wire Load Model       Library
  ------------------------------------------------
  vending_top        8000                  saed32rvt_tt1p05v25c

  Point                                                   Incr       Path
  --------------------------------------------------------------------------
  clock clk (rise edge)                                   0.00       0.00
  clock network delay (ideal)                             0.00       0.00
  input external delay                                    3.00       3.00 f
  sel_item[0] (in)                                        0.02       3.02 f
  U278/Y (NAND2X0_RVT)                                    0.05       3.07 r
  U247/Y (INVX0_RVT)                                      0.02       3.10 f
  U271/Y (NAND2X0_RVT)                                    0.03       3.13 r
  U212/Y (NAND2X0_RVT)                                    0.03       3.16 f
  U167/Y (OR3X1_RVT)                                      0.06       3.22 f
  U172/Y (OR3X1_RVT)                                      0.07       3.29 f
  U180/Y (OR2X2_RVT)                                      0.05       3.34 f
  U239/Y (AOI21X2_RVT)                                    0.08       3.42 r
  U161/Y (INVX0_RVT)                                      0.04       3.45 f
  U268/Y (OR2X1_RVT)                                      0.04       3.50 f
  U335/Y (NAND2X0_RVT)                                    0.03       3.53 r
  u_memory/mem_reg[1][4]/D (DFFX2_RVT)                    0.01       3.54 r
  data arrival time                                                  3.54

  clock clk (rise edge)                                   4.00       4.00
  clock network delay (ideal)                             0.00       4.00
  clock uncertainty                                      -0.50       3.50
  u_memory/mem_reg[1][4]/CLK (DFFX2_RVT)                  0.00       3.50 r
  library setup time                                     -0.03       3.47
  data required time                                                 3.47
  --------------------------------------------------------------------------
  data required time                                                 3.47
  data arrival time                                                 -3.54
  --------------------------------------------------------------------------
  slack (VIOLATED)                                                  -0.07


1
