 
****************************************
Report : timing
        -path full
        -delay max
        -max_paths 10
Design : vending_top
Version: X-2025.06-SP2
Date   : Thu Jul  9 13:24:56 2026
****************************************

Operating Conditions: tt1p05v25c   Library: saed32rvt_tt1p05v25c
Wire Load Model Mode: enclosed

  Startpoint: sel_item[0]
              (input port clocked by clk)
  Endpoint: u_memory/mem_reg[3][0]
            (rising edge-triggered flip-flop clocked by clk)
  Path Group: clk
  Path Type: max

  Des/Clust/Port     Wire Load Model       Library
  ------------------------------------------------
  vending_top        8000                  saed32rvt_tt1p05v25c

  Point                                                   Incr       Path
  --------------------------------------------------------------------------
  clock clk (rise edge)                                   0.00       0.00
  clock network delay (ideal)                             0.00       0.00
  input external delay                                    3.00       3.00 r
  sel_item[0] (in)                                        0.00       3.00 r
  U164/Y (INVX0_RVT)                                      0.06       3.06 f
  U165/Y (INVX2_RVT)                                      0.11       3.17 r
  U220/Y (MUX41X1_RVT)                                    0.19       3.36 r
  U221/Y (OR2X1_RVT)                                      0.06       3.42 r
  U222/Y (OR2X1_RVT)                                      0.05       3.47 r
  U223/Y (OR2X1_RVT)                                      0.05       3.53 r
  U224/Y (OR2X1_RVT)                                      0.05       3.58 r
  U225/Y (OR2X1_RVT)                                      0.05       3.63 r
  U226/Y (NAND2X0_RVT)                                    0.05       3.67 f
  U227/Y (OA21X1_RVT)                                     0.07       3.75 f
  U229/Y (INVX0_RVT)                                      0.04       3.79 r
  U230/Y (AND2X1_RVT)                                     0.05       3.84 r
  U231/Y (AO22X1_RVT)                                     0.05       3.89 r
  u_memory/mem_reg[3][0]/D (DFFX1_RVT)                    0.01       3.91 r
  data arrival time                                                  3.91

  clock clk (rise edge)                                   6.00       6.00
  clock network delay (ideal)                             0.00       6.00
  clock uncertainty                                      -0.50       5.50
  u_memory/mem_reg[3][0]/CLK (DFFX1_RVT)                  0.00       5.50 r
  library setup time                                     -0.03       5.47
  data required time                                                 5.47
  --------------------------------------------------------------------------
  data required time                                                 5.47
  data arrival time                                                 -3.91
  --------------------------------------------------------------------------
  slack (MET)                                                        1.56


  Startpoint: sel_item[0]
              (input port clocked by clk)
  Endpoint: u_memory/mem_reg[2][2]
            (rising edge-triggered flip-flop clocked by clk)
  Path Group: clk
  Path Type: max

  Des/Clust/Port     Wire Load Model       Library
  ------------------------------------------------
  vending_top        8000                  saed32rvt_tt1p05v25c

  Point                                                   Incr       Path
  --------------------------------------------------------------------------
  clock clk (rise edge)                                   0.00       0.00
  clock network delay (ideal)                             0.00       0.00
  input external delay                                    3.00       3.00 r
  sel_item[0] (in)                                        0.00       3.00 r
  U164/Y (INVX0_RVT)                                      0.06       3.06 f
  U165/Y (INVX2_RVT)                                      0.11       3.17 r
  U220/Y (MUX41X1_RVT)                                    0.19       3.36 r
  U221/Y (OR2X1_RVT)                                      0.06       3.42 r
  U222/Y (OR2X1_RVT)                                      0.05       3.47 r
  U223/Y (OR2X1_RVT)                                      0.05       3.53 r
  U224/Y (OR2X1_RVT)                                      0.05       3.58 r
  U225/Y (OR2X1_RVT)                                      0.05       3.63 r
  U226/Y (NAND2X0_RVT)                                    0.05       3.67 f
  U245/Y (OA21X1_RVT)                                     0.07       3.75 f
  U246/Y (INVX0_RVT)                                      0.05       3.79 r
  U250/Y (AND2X1_RVT)                                     0.05       3.84 r
  U251/Y (AO22X1_RVT)                                     0.05       3.89 r
  u_memory/mem_reg[2][2]/D (DFFX1_RVT)                    0.01       3.90 r
  data arrival time                                                  3.90

  clock clk (rise edge)                                   6.00       6.00
  clock network delay (ideal)                             0.00       6.00
  clock uncertainty                                      -0.50       5.50
  u_memory/mem_reg[2][2]/CLK (DFFX1_RVT)                  0.00       5.50 r
  library setup time                                     -0.03       5.47
  data required time                                                 5.47
  --------------------------------------------------------------------------
  data required time                                                 5.47
  data arrival time                                                 -3.90
  --------------------------------------------------------------------------
  slack (MET)                                                        1.56


  Startpoint: sel_item[0]
              (input port clocked by clk)
  Endpoint: u_memory/mem_reg[2][3]
            (rising edge-triggered flip-flop clocked by clk)
  Path Group: clk
  Path Type: max

  Des/Clust/Port     Wire Load Model       Library
  ------------------------------------------------
  vending_top        8000                  saed32rvt_tt1p05v25c

  Point                                                   Incr       Path
  --------------------------------------------------------------------------
  clock clk (rise edge)                                   0.00       0.00
  clock network delay (ideal)                             0.00       0.00
  input external delay                                    3.00       3.00 r
  sel_item[0] (in)                                        0.00       3.00 r
  U164/Y (INVX0_RVT)                                      0.06       3.06 f
  U165/Y (INVX2_RVT)                                      0.11       3.17 r
  U220/Y (MUX41X1_RVT)                                    0.19       3.36 r
  U221/Y (OR2X1_RVT)                                      0.06       3.42 r
  U222/Y (OR2X1_RVT)                                      0.05       3.47 r
  U223/Y (OR2X1_RVT)                                      0.05       3.53 r
  U224/Y (OR2X1_RVT)                                      0.05       3.58 r
  U225/Y (OR2X1_RVT)                                      0.05       3.63 r
  U226/Y (NAND2X0_RVT)                                    0.05       3.67 f
  U245/Y (OA21X1_RVT)                                     0.07       3.75 f
  U246/Y (INVX0_RVT)                                      0.05       3.79 r
  U250/Y (AND2X1_RVT)                                     0.05       3.84 r
  U252/Y (AO22X1_RVT)                                     0.05       3.89 r
  u_memory/mem_reg[2][3]/D (DFFX1_RVT)                    0.01       3.90 r
  data arrival time                                                  3.90

  clock clk (rise edge)                                   6.00       6.00
  clock network delay (ideal)                             0.00       6.00
  clock uncertainty                                      -0.50       5.50
  u_memory/mem_reg[2][3]/CLK (DFFX1_RVT)                  0.00       5.50 r
  library setup time                                     -0.03       5.47
  data required time                                                 5.47
  --------------------------------------------------------------------------
  data required time                                                 5.47
  data arrival time                                                 -3.90
  --------------------------------------------------------------------------
  slack (MET)                                                        1.56


  Startpoint: sel_item[0]
              (input port clocked by clk)
  Endpoint: u_memory/mem_reg[2][4]
            (rising edge-triggered flip-flop clocked by clk)
  Path Group: clk
  Path Type: max

  Des/Clust/Port     Wire Load Model       Library
  ------------------------------------------------
  vending_top        8000                  saed32rvt_tt1p05v25c

  Point                                                   Incr       Path
  --------------------------------------------------------------------------
  clock clk (rise edge)                                   0.00       0.00
  clock network delay (ideal)                             0.00       0.00
  input external delay                                    3.00       3.00 r
  sel_item[0] (in)                                        0.00       3.00 r
  U164/Y (INVX0_RVT)                                      0.06       3.06 f
  U165/Y (INVX2_RVT)                                      0.11       3.17 r
  U220/Y (MUX41X1_RVT)                                    0.19       3.36 r
  U221/Y (OR2X1_RVT)                                      0.06       3.42 r
  U222/Y (OR2X1_RVT)                                      0.05       3.47 r
  U223/Y (OR2X1_RVT)                                      0.05       3.53 r
  U224/Y (OR2X1_RVT)                                      0.05       3.58 r
  U225/Y (OR2X1_RVT)                                      0.05       3.63 r
  U226/Y (NAND2X0_RVT)                                    0.05       3.67 f
  U245/Y (OA21X1_RVT)                                     0.07       3.75 f
  U246/Y (INVX0_RVT)                                      0.05       3.79 r
  U250/Y (AND2X1_RVT)                                     0.05       3.84 r
  U253/Y (AO22X1_RVT)                                     0.05       3.89 r
  u_memory/mem_reg[2][4]/D (DFFX1_RVT)                    0.01       3.90 r
  data arrival time                                                  3.90

  clock clk (rise edge)                                   6.00       6.00
  clock network delay (ideal)                             0.00       6.00
  clock uncertainty                                      -0.50       5.50
  u_memory/mem_reg[2][4]/CLK (DFFX1_RVT)                  0.00       5.50 r
  library setup time                                     -0.03       5.47
  data required time                                                 5.47
  --------------------------------------------------------------------------
  data required time                                                 5.47
  data arrival time                                                 -3.90
  --------------------------------------------------------------------------
  slack (MET)                                                        1.56


  Startpoint: sel_item[0]
              (input port clocked by clk)
  Endpoint: u_memory/mem_reg[1][1]
            (rising edge-triggered flip-flop clocked by clk)
  Path Group: clk
  Path Type: max

  Des/Clust/Port     Wire Load Model       Library
  ------------------------------------------------
  vending_top        8000                  saed32rvt_tt1p05v25c

  Point                                                   Incr       Path
  --------------------------------------------------------------------------
  clock clk (rise edge)                                   0.00       0.00
  clock network delay (ideal)                             0.00       0.00
  input external delay                                    3.00       3.00 r
  sel_item[0] (in)                                        0.00       3.00 r
  U164/Y (INVX0_RVT)                                      0.06       3.06 f
  U165/Y (INVX2_RVT)                                      0.11       3.17 r
  U220/Y (MUX41X1_RVT)                                    0.19       3.36 r
  U221/Y (OR2X1_RVT)                                      0.06       3.42 r
  U222/Y (OR2X1_RVT)                                      0.05       3.47 r
  U223/Y (OR2X1_RVT)                                      0.05       3.53 r
  U224/Y (OR2X1_RVT)                                      0.05       3.58 r
  U225/Y (OR2X1_RVT)                                      0.05       3.63 r
  U226/Y (NAND2X0_RVT)                                    0.05       3.67 f
  U255/Y (OA21X1_RVT)                                     0.07       3.75 f
  U256/Y (INVX0_RVT)                                      0.05       3.79 r
  U258/Y (AND2X1_RVT)                                     0.05       3.84 r
  U259/Y (AO22X1_RVT)                                     0.05       3.89 r
  u_memory/mem_reg[1][1]/D (DFFX1_RVT)                    0.01       3.90 r
  data arrival time                                                  3.90

  clock clk (rise edge)                                   6.00       6.00
  clock network delay (ideal)                             0.00       6.00
  clock uncertainty                                      -0.50       5.50
  u_memory/mem_reg[1][1]/CLK (DFFX1_RVT)                  0.00       5.50 r
  library setup time                                     -0.03       5.47
  data required time                                                 5.47
  --------------------------------------------------------------------------
  data required time                                                 5.47
  data arrival time                                                 -3.90
  --------------------------------------------------------------------------
  slack (MET)                                                        1.56


  Startpoint: sel_item[0]
              (input port clocked by clk)
  Endpoint: u_memory/mem_reg[1][3]
            (rising edge-triggered flip-flop clocked by clk)
  Path Group: clk
  Path Type: max

  Des/Clust/Port     Wire Load Model       Library
  ------------------------------------------------
  vending_top        8000                  saed32rvt_tt1p05v25c

  Point                                                   Incr       Path
  --------------------------------------------------------------------------
  clock clk (rise edge)                                   0.00       0.00
  clock network delay (ideal)                             0.00       0.00
  input external delay                                    3.00       3.00 r
  sel_item[0] (in)                                        0.00       3.00 r
  U164/Y (INVX0_RVT)                                      0.06       3.06 f
  U165/Y (INVX2_RVT)                                      0.11       3.17 r
  U220/Y (MUX41X1_RVT)                                    0.19       3.36 r
  U221/Y (OR2X1_RVT)                                      0.06       3.42 r
  U222/Y (OR2X1_RVT)                                      0.05       3.47 r
  U223/Y (OR2X1_RVT)                                      0.05       3.53 r
  U224/Y (OR2X1_RVT)                                      0.05       3.58 r
  U225/Y (OR2X1_RVT)                                      0.05       3.63 r
  U226/Y (NAND2X0_RVT)                                    0.05       3.67 f
  U255/Y (OA21X1_RVT)                                     0.07       3.75 f
  U256/Y (INVX0_RVT)                                      0.05       3.79 r
  U258/Y (AND2X1_RVT)                                     0.05       3.84 r
  U261/Y (AO22X1_RVT)                                     0.05       3.89 r
  u_memory/mem_reg[1][3]/D (DFFX1_RVT)                    0.01       3.90 r
  data arrival time                                                  3.90

  clock clk (rise edge)                                   6.00       6.00
  clock network delay (ideal)                             0.00       6.00
  clock uncertainty                                      -0.50       5.50
  u_memory/mem_reg[1][3]/CLK (DFFX1_RVT)                  0.00       5.50 r
  library setup time                                     -0.03       5.47
  data required time                                                 5.47
  --------------------------------------------------------------------------
  data required time                                                 5.47
  data arrival time                                                 -3.90
  --------------------------------------------------------------------------
  slack (MET)                                                        1.56


  Startpoint: sel_item[0]
              (input port clocked by clk)
  Endpoint: u_memory/mem_reg[1][4]
            (rising edge-triggered flip-flop clocked by clk)
  Path Group: clk
  Path Type: max

  Des/Clust/Port     Wire Load Model       Library
  ------------------------------------------------
  vending_top        8000                  saed32rvt_tt1p05v25c

  Point                                                   Incr       Path
  --------------------------------------------------------------------------
  clock clk (rise edge)                                   0.00       0.00
  clock network delay (ideal)                             0.00       0.00
  input external delay                                    3.00       3.00 r
  sel_item[0] (in)                                        0.00       3.00 r
  U164/Y (INVX0_RVT)                                      0.06       3.06 f
  U165/Y (INVX2_RVT)                                      0.11       3.17 r
  U220/Y (MUX41X1_RVT)                                    0.19       3.36 r
  U221/Y (OR2X1_RVT)                                      0.06       3.42 r
  U222/Y (OR2X1_RVT)                                      0.05       3.47 r
  U223/Y (OR2X1_RVT)                                      0.05       3.53 r
  U224/Y (OR2X1_RVT)                                      0.05       3.58 r
  U225/Y (OR2X1_RVT)                                      0.05       3.63 r
  U226/Y (NAND2X0_RVT)                                    0.05       3.67 f
  U255/Y (OA21X1_RVT)                                     0.07       3.75 f
  U256/Y (INVX0_RVT)                                      0.05       3.79 r
  U258/Y (AND2X1_RVT)                                     0.05       3.84 r
  U262/Y (AO22X1_RVT)                                     0.05       3.89 r
  u_memory/mem_reg[1][4]/D (DFFX1_RVT)                    0.01       3.90 r
  data arrival time                                                  3.90

  clock clk (rise edge)                                   6.00       6.00
  clock network delay (ideal)                             0.00       6.00
  clock uncertainty                                      -0.50       5.50
  u_memory/mem_reg[1][4]/CLK (DFFX1_RVT)                  0.00       5.50 r
  library setup time                                     -0.03       5.47
  data required time                                                 5.47
  --------------------------------------------------------------------------
  data required time                                                 5.47
  data arrival time                                                 -3.90
  --------------------------------------------------------------------------
  slack (MET)                                                        1.56


  Startpoint: sel_item[0]
              (input port clocked by clk)
  Endpoint: u_memory/mem_reg[0][1]
            (rising edge-triggered flip-flop clocked by clk)
  Path Group: clk
  Path Type: max

  Des/Clust/Port     Wire Load Model       Library
  ------------------------------------------------
  vending_top        8000                  saed32rvt_tt1p05v25c

  Point                                                   Incr       Path
  --------------------------------------------------------------------------
  clock clk (rise edge)                                   0.00       0.00
  clock network delay (ideal)                             0.00       0.00
  input external delay                                    3.00       3.00 r
  sel_item[0] (in)                                        0.00       3.00 r
  U164/Y (INVX0_RVT)                                      0.06       3.06 f
  U165/Y (INVX2_RVT)                                      0.11       3.17 r
  U220/Y (MUX41X1_RVT)                                    0.19       3.36 r
  U221/Y (OR2X1_RVT)                                      0.06       3.42 r
  U222/Y (OR2X1_RVT)                                      0.05       3.47 r
  U223/Y (OR2X1_RVT)                                      0.05       3.53 r
  U224/Y (OR2X1_RVT)                                      0.05       3.58 r
  U225/Y (OR2X1_RVT)                                      0.05       3.63 r
  U226/Y (NAND2X0_RVT)                                    0.05       3.67 f
  U264/Y (OA21X1_RVT)                                     0.07       3.75 f
  U265/Y (INVX0_RVT)                                      0.05       3.79 r
  U267/Y (AND2X1_RVT)                                     0.05       3.84 r
  U268/Y (AO22X1_RVT)                                     0.05       3.89 r
  u_memory/mem_reg[0][1]/D (DFFX1_RVT)                    0.01       3.90 r
  data arrival time                                                  3.90

  clock clk (rise edge)                                   6.00       6.00
  clock network delay (ideal)                             0.00       6.00
  clock uncertainty                                      -0.50       5.50
  u_memory/mem_reg[0][1]/CLK (DFFX1_RVT)                  0.00       5.50 r
  library setup time                                     -0.03       5.47
  data required time                                                 5.47
  --------------------------------------------------------------------------
  data required time                                                 5.47
  data arrival time                                                 -3.90
  --------------------------------------------------------------------------
  slack (MET)                                                        1.56


  Startpoint: sel_item[0]
              (input port clocked by clk)
  Endpoint: u_memory/mem_reg[0][3]
            (rising edge-triggered flip-flop clocked by clk)
  Path Group: clk
  Path Type: max

  Des/Clust/Port     Wire Load Model       Library
  ------------------------------------------------
  vending_top        8000                  saed32rvt_tt1p05v25c

  Point                                                   Incr       Path
  --------------------------------------------------------------------------
  clock clk (rise edge)                                   0.00       0.00
  clock network delay (ideal)                             0.00       0.00
  input external delay                                    3.00       3.00 r
  sel_item[0] (in)                                        0.00       3.00 r
  U164/Y (INVX0_RVT)                                      0.06       3.06 f
  U165/Y (INVX2_RVT)                                      0.11       3.17 r
  U220/Y (MUX41X1_RVT)                                    0.19       3.36 r
  U221/Y (OR2X1_RVT)                                      0.06       3.42 r
  U222/Y (OR2X1_RVT)                                      0.05       3.47 r
  U223/Y (OR2X1_RVT)                                      0.05       3.53 r
  U224/Y (OR2X1_RVT)                                      0.05       3.58 r
  U225/Y (OR2X1_RVT)                                      0.05       3.63 r
  U226/Y (NAND2X0_RVT)                                    0.05       3.67 f
  U264/Y (OA21X1_RVT)                                     0.07       3.75 f
  U265/Y (INVX0_RVT)                                      0.05       3.79 r
  U267/Y (AND2X1_RVT)                                     0.05       3.84 r
  U270/Y (AO22X1_RVT)                                     0.05       3.89 r
  u_memory/mem_reg[0][3]/D (DFFX1_RVT)                    0.01       3.90 r
  data arrival time                                                  3.90

  clock clk (rise edge)                                   6.00       6.00
  clock network delay (ideal)                             0.00       6.00
  clock uncertainty                                      -0.50       5.50
  u_memory/mem_reg[0][3]/CLK (DFFX1_RVT)                  0.00       5.50 r
  library setup time                                     -0.03       5.47
  data required time                                                 5.47
  --------------------------------------------------------------------------
  data required time                                                 5.47
  data arrival time                                                 -3.90
  --------------------------------------------------------------------------
  slack (MET)                                                        1.56


  Startpoint: sel_item[0]
              (input port clocked by clk)
  Endpoint: u_memory/mem_reg[0][4]
            (rising edge-triggered flip-flop clocked by clk)
  Path Group: clk
  Path Type: max

  Des/Clust/Port     Wire Load Model       Library
  ------------------------------------------------
  vending_top        8000                  saed32rvt_tt1p05v25c

  Point                                                   Incr       Path
  --------------------------------------------------------------------------
  clock clk (rise edge)                                   0.00       0.00
  clock network delay (ideal)                             0.00       0.00
  input external delay                                    3.00       3.00 r
  sel_item[0] (in)                                        0.00       3.00 r
  U164/Y (INVX0_RVT)                                      0.06       3.06 f
  U165/Y (INVX2_RVT)                                      0.11       3.17 r
  U220/Y (MUX41X1_RVT)                                    0.19       3.36 r
  U221/Y (OR2X1_RVT)                                      0.06       3.42 r
  U222/Y (OR2X1_RVT)                                      0.05       3.47 r
  U223/Y (OR2X1_RVT)                                      0.05       3.53 r
  U224/Y (OR2X1_RVT)                                      0.05       3.58 r
  U225/Y (OR2X1_RVT)                                      0.05       3.63 r
  U226/Y (NAND2X0_RVT)                                    0.05       3.67 f
  U264/Y (OA21X1_RVT)                                     0.07       3.75 f
  U265/Y (INVX0_RVT)                                      0.05       3.79 r
  U267/Y (AND2X1_RVT)                                     0.05       3.84 r
  U271/Y (AO22X1_RVT)                                     0.05       3.89 r
  u_memory/mem_reg[0][4]/D (DFFX1_RVT)                    0.01       3.90 r
  data arrival time                                                  3.90

  clock clk (rise edge)                                   6.00       6.00
  clock network delay (ideal)                             0.00       6.00
  clock uncertainty                                      -0.50       5.50
  u_memory/mem_reg[0][4]/CLK (DFFX1_RVT)                  0.00       5.50 r
  library setup time                                     -0.03       5.47
  data required time                                                 5.47
  --------------------------------------------------------------------------
  data required time                                                 5.47
  data arrival time                                                 -3.90
  --------------------------------------------------------------------------
  slack (MET)                                                        1.56


1
