 
****************************************
Report : power
        -analysis_effort low
Design : vending_top
Version: X-2025.06-SP2
Date   : Fri Aug 21 14:49:33 2026
****************************************


Library(s) Used:

    saed32rvt_tt1p05v25c (File: /home/xmen-aluno/Desktop/VendingMachine-10of10/synth/libs/saed32rvt_tt1p05v25c.db)


Operating Conditions: tt1p05v25c   Library: saed32rvt_tt1p05v25c
Wire Load Model Mode: enclosed

Design        Wire Load Model            Library
------------------------------------------------
vending_top            8000              saed32rvt_tt1p05v25c
credit_reg             ForQA             saed32rvt_tt1p05v25c
memory                 8000              saed32rvt_tt1p05v25c
comparator             ForQA             saed32rvt_tt1p05v25c
subtractor             ForQA             saed32rvt_tt1p05v25c
control_unit           ForQA             saed32rvt_tt1p05v25c


Global Operating Voltage = 1.05 
Power-specific unit information :
    Voltage Units = 1V
    Capacitance Units = 1.000000ff
    Time Units = 1ns
    Dynamic Power Units = 1uW    (derived from V,C,T units)
    Leakage Power Units = 1pW


Attributes
----------
i - Including register clock pin internal power


  Cell Internal Power  = 111.7118 uW   (97%)
  Net Switching Power  =   2.8841 uW    (3%)
                         ---------
Total Dynamic Power    = 114.5959 uW  (100%)

Cell Leakage Power     =  82.3329 uW


                 Internal         Switching           Leakage            Total
Power Group      Power            Power               Power              Power   (   %    )  Attrs
--------------------------------------------------------------------------------------------------
io_pad             0.0000            0.0000            0.0000            0.0000  (   0.00%)
memory             0.0000            0.0000            0.0000            0.0000  (   0.00%)
black_box          0.0000            0.0000            0.0000            0.0000  (   0.00%)
clock_network    107.7429            0.0000            0.0000          107.7429  (  54.71%)  i
register           0.1255            0.4974        4.9455e+07           50.0781  (  25.43%)
sequential         0.0000            0.0000            0.0000            0.0000  (   0.00%)
combinational      3.8434            2.3867        3.2878e+07           39.1077  (  19.86%)
--------------------------------------------------------------------------------------------------
Total            111.7118 uW         2.8841 uW     8.2333e+07 pW       196.9288 uW
1
