 
****************************************
Report : reference
Design : vending_top
Version: X-2025.06-SP2
Date   : Fri Aug 21 14:49:33 2026
****************************************

Attributes:
    b - black box (unknown)
   bo - allows boundary optimization
    d - dont_touch
   mo - map_only
    h - hierarchical
    n - noncombinational
    r - removable
    s - synthetic operator
    u - contains unmapped logic

Reference          Library       Unit Area   Count    Total Area   Attributes
-----------------------------------------------------------------------------
AND2X1_RVT         saed32rvt_tt1p05v25c
                                  2.033152       2      4.066304  
AND4X1_RVT         saed32rvt_tt1p05v25c
                                  2.541440       1      2.541440  
AO222X1_RVT        saed32rvt_tt1p05v25c
                                  3.303872       8     26.430977  
DFFSSRX1_RVT       saed32rvt_tt1p05v25c
                                  7.116032       8     56.928257  n
INVX0_RVT          saed32rvt_tt1p05v25c
                                  1.270720       7      8.895040  
INVX2_RVT          saed32rvt_tt1p05v25c
                                  1.524864       2      3.049728  
NAND3X0_RVT        saed32rvt_tt1p05v25c
                                  1.779008       1      1.779008  
NOR2X0_RVT         saed32rvt_tt1p05v25c
                                  2.541440       1      2.541440  
NOR3X0_RVT         saed32rvt_tt1p05v25c
                                  2.795584       1      2.795584  
OA221X1_RVT        saed32rvt_tt1p05v25c
                                  3.049728       1      3.049728  
OR2X1_RVT          saed32rvt_tt1p05v25c
                                  2.033152       1      2.033152  
comparator                       36.342593       1     36.342593  h
control_unit                     77.513922       1     77.513922  h, n
credit_reg                      161.635587       1    161.635587  h, n
memory                          407.392836       1    407.392836  h, n
subtractor                       54.895103       1     54.895103  h
-----------------------------------------------------------------------------
Total 16 references                                   851.890699

****************************************
Design: comparator 
****************************************
Reference          Library       Unit Area   Count    Total Area   Attributes
-----------------------------------------------------------------------------
AO222X1_RVT        saed32rvt_tt1p05v25c
                                  3.303872       6     19.823233  
INVX0_RVT          saed32rvt_tt1p05v25c
                                  1.270720       7      8.895040  
NAND2X0_RVT        saed32rvt_tt1p05v25c
                                  1.524864       1      1.524864  
OA22X1_RVT         saed32rvt_tt1p05v25c
                                  2.541440       1      2.541440  
OR4X1_RVT          saed32rvt_tt1p05v25c
                                  3.558016       1      3.558016  
-----------------------------------------------------------------------------
Total 5 references                                     36.342593

****************************************
Design: control_unit 
****************************************
Reference          Library       Unit Area   Count    Total Area   Attributes
-----------------------------------------------------------------------------
AND2X1_RVT         saed32rvt_tt1p05v25c
                                  2.033152       7     14.232065  
AND3X1_RVT         saed32rvt_tt1p05v25c
                                  2.287296       1      2.287296  
AND4X1_RVT         saed32rvt_tt1p05v25c
                                  2.541440       1      2.541440  
AO221X1_RVT        saed32rvt_tt1p05v25c
                                  3.049728       1      3.049728  
AO222X1_RVT        saed32rvt_tt1p05v25c
                                  3.303872       2      6.607744  
DFFSSRX1_RVT       saed32rvt_tt1p05v25c
                                  7.116032       4     28.464128  n
INVX0_RVT          saed32rvt_tt1p05v25c
                                  1.270720       2      2.541440  
NAND2X0_RVT        saed32rvt_tt1p05v25c
                                  1.524864       1      1.524864  
NBUFFX2_RVT        saed32rvt_tt1p05v25c
                                  2.033152       1      2.033152  
NOR2X0_RVT         saed32rvt_tt1p05v25c
                                  2.541440       1      2.541440  
NOR4X1_RVT         saed32rvt_tt1p05v25c
                                  3.049728       1      3.049728  
OA222X1_RVT        saed32rvt_tt1p05v25c
                                  3.303872       2      6.607744  
OR2X1_RVT          saed32rvt_tt1p05v25c
                                  2.033152       1      2.033152  
-----------------------------------------------------------------------------
Total 13 references                                    77.513922

****************************************
Design: credit_reg 
****************************************
Reference          Library       Unit Area   Count    Total Area   Attributes
-----------------------------------------------------------------------------
AND2X1_RVT         saed32rvt_tt1p05v25c
                                  2.033152      11     22.364673  
AO222X1_RVT        saed32rvt_tt1p05v25c
                                  3.303872       5     16.519361  
DFFSSRX1_RVT       saed32rvt_tt1p05v25c
                                  7.116032       8     56.928257  n
HADDX1_RVT         saed32rvt_tt1p05v25c
                                  3.303872       6     19.823233  r
INVX0_RVT          saed32rvt_tt1p05v25c
                                  1.270720      10     12.707200  
NAND2X0_RVT        saed32rvt_tt1p05v25c
                                  1.524864       3      4.574592  
NAND3X0_RVT        saed32rvt_tt1p05v25c
                                  1.779008       2      3.558016  
NOR3X0_RVT         saed32rvt_tt1p05v25c
                                  2.795584       1      2.795584  
OA221X1_RVT        saed32rvt_tt1p05v25c
                                  3.049728       6     18.298368  
OR2X1_RVT          saed32rvt_tt1p05v25c
                                  2.033152       2      4.066304  
-----------------------------------------------------------------------------
Total 10 references                                   161.635587

****************************************
Design: memory 
****************************************
Reference          Library       Unit Area   Count    Total Area   Attributes
-----------------------------------------------------------------------------
AND2X1_RVT         saed32rvt_tt1p05v25c
                                  2.033152       5     10.165761  
AO21X1_RVT         saed32rvt_tt1p05v25c
                                  2.541440       4     10.165760  
AO22X1_RVT         saed32rvt_tt1p05v25c
                                  2.541440      28     71.160320  
AO221X1_RVT        saed32rvt_tt1p05v25c
                                  3.049728       4     12.198912  
DFFSSRX1_RVT       saed32rvt_tt1p05v25c
                                  7.116032      32    227.713028  n
INVX0_RVT          saed32rvt_tt1p05v25c
                                  1.270720      13     16.519360  
MUX41X1_RVT        saed32rvt_tt1p05v25c
                                  5.591168       5     27.955840  
NAND2X0_RVT        saed32rvt_tt1p05v25c
                                  1.524864       7     10.674048  
NOR2X0_RVT         saed32rvt_tt1p05v25c
                                  2.541440       1      2.541440  
OA21X1_RVT         saed32rvt_tt1p05v25c
                                  2.541440       4     10.165760  
OR2X1_RVT          saed32rvt_tt1p05v25c
                                  2.033152       4      8.132608  
-----------------------------------------------------------------------------
Total 11 references                                   407.392836

****************************************
Design: subtractor 
****************************************
Reference          Library       Unit Area   Count    Total Area   Attributes
-----------------------------------------------------------------------------
AO21X1_RVT         saed32rvt_tt1p05v25c
                                  2.541440       1      2.541440  
FADDX1_RVT         saed32rvt_tt1p05v25c
                                  4.828736       6     28.972415  r
INVX0_RVT          saed32rvt_tt1p05v25c
                                  1.270720      13     16.519360  
NOR2X0_RVT         saed32rvt_tt1p05v25c
                                  2.541440       1      2.541440  
XOR2X1_RVT         saed32rvt_tt1p05v25c
                                  4.320448       1      4.320448  
-----------------------------------------------------------------------------
Total 5 references                                     54.895103
1
