 
****************************************
Report : area
Design : vending_top
Version: X-2025.06-SP2
Date   : Thu Jul  9 13:24:28 2026
****************************************

Information: Updating design information... (UID-85)
Library(s) Used:

    saed32rvt_tt1p05v25c (File: /home/xmen-aluno/Downloads/grupo_NN_vending/synth/libs/saed32rvt_tt1p05v25c.db)

Number of ports:                          138
Number of nets:                           537
Number of cells:                          401
Number of combinational cells:            330
Number of sequential cells:                52
Number of macros/black boxes:               0
Number of buf/inv:                         90
Number of references:                      15

Combinational area:                740.067336
Buf/Inv area:                      119.701825
Noncombinational area:             351.227018
Macro/Black Box area:                0.000000
Net Interconnect area:             180.391283

Total cell area:                  1091.294354
Total area:                       1271.685637

Hierarchical area distribution
------------------------------

                                  Global cell area          Local cell area
                                  ------------------  --------------------------- 
Hierarchical cell                 Absolute   Percent  Combi-    Noncombi-  Black-
                                  Total      Total    national  national   boxes   Design
--------------------------------  ---------  -------  --------  ---------  ------  ------------
vending_top                       1091.2944    100.0   56.4200    52.8620  0.0000  vending_top
u_comparator                        40.4089      3.7   40.4089     0.0000  0.0000  comparator
u_control_unit                      84.3758      7.7   55.9117    28.4641  0.0000  control_unit
u_credit_reg                       227.7130     20.9  173.3262    54.3868  0.0000  credit_reg
u_memory                           574.6196     52.7  359.1055   215.5141  0.0000  memory
u_subtractor                        54.8951      5.0   54.8951     0.0000  0.0000  subtractor
--------------------------------  ---------  -------  --------  ---------  ------  ------------
Total                                                 740.0673   351.2270  0.0000

1
