 
****************************************
Report : power
        -analysis_effort low
Design : vending_top
Version: X-2025.06-SP2
Date   : Thu Jul  9 13:24:28 2026
****************************************


Library(s) Used:

    saed32rvt_tt1p05v25c (File: /home/xmen-aluno/Downloads/grupo_NN_vending/synth/libs/saed32rvt_tt1p05v25c.db)


Operating Conditions: tt1p05v25c   Library: saed32rvt_tt1p05v25c
Wire Load Model Mode: enclosed

Design        Wire Load Model            Library
------------------------------------------------
vending_top            8000              saed32rvt_tt1p05v25c
credit_reg             8000              saed32rvt_tt1p05v25c
memory                 8000              saed32rvt_tt1p05v25c
comparator             ForQA             saed32rvt_tt1p05v25c
subtractor             ForQA             saed32rvt_tt1p05v25c
control_unit           ForQA             saed32rvt_tt1p05v25c


Global Operating Voltage = 1.05 
Power-specific unit information :
    Voltage Units = 1V
    Capacitance Units = 1.000000ff
    Time Units = 1ns
    Dynamic Power Units = 1uW    (derived from V,C,T units)
    Leakage Power Units = 1pW


Attributes
----------
i - Including register clock pin internal power


  Cell Internal Power  =  97.7375 uW   (95%)
  Net Switching Power  =   4.9423 uW    (5%)
                         ---------
Total Dynamic Power    = 102.6798 uW  (100%)

Cell Leakage Power     = 112.4070 uW


                 Internal         Switching           Leakage            Total
Power Group      Power            Power               Power              Power   (   %    )  Attrs
--------------------------------------------------------------------------------------------------
io_pad             0.0000            0.0000            0.0000            0.0000  (   0.00%)
memory             0.0000            0.0000            0.0000            0.0000  (   0.00%)
black_box          0.0000            0.0000            0.0000            0.0000  (   0.00%)
clock_network     87.0020            0.0000            0.0000           87.0020  (  40.45%)  i
register           1.7182            0.7118        5.6129e+07           58.5588  (  27.23%)
sequential         0.0000            0.0000            0.0000            0.0000  (   0.00%)
combinational      9.0173            4.2305        5.6278e+07           69.5259  (  32.32%)
--------------------------------------------------------------------------------------------------
Total             97.7375 uW         4.9423 uW     1.1241e+08 pW       215.0868 uW
1
