 
****************************************
Report : timing
        -path full
        -delay max
        -max_paths 10
Design : vending_top
Version: X-2025.06-SP2
Date   : Thu Jul  9 13:24:28 2026
****************************************

Operating Conditions: tt1p05v25c   Library: saed32rvt_tt1p05v25c
Wire Load Model Mode: enclosed

  Startpoint: sel_item[1]
              (input port clocked by clk)
  Endpoint: u_memory/mem_reg[2][0]
            (rising edge-triggered flip-flop clocked by clk)
  Path Group: clk
  Path Type: max

  Des/Clust/Port     Wire Load Model       Library
  ------------------------------------------------
  vending_top        8000                  saed32rvt_tt1p05v25c
  memory             8000                  saed32rvt_tt1p05v25c

  Point                                                   Incr       Path
  --------------------------------------------------------------------------
  clock clk (rise edge)                                   0.00       0.00
  clock network delay (ideal)                             0.00       0.00
  input external delay                                    3.00       3.00 r
  sel_item[1] (in)                                        0.01       3.01 r
  u_memory/addr[1] (memory)                               0.00       3.01 r
  u_memory/U85/Y (NAND2X4_RVT)                            0.07       3.08 f
  u_memory/U94/Y (NOR2X0_RVT)                             0.06       3.14 r
  u_memory/U99/Y (OR3X1_RVT)                              0.05       3.19 r
  u_memory/U34/Y (OR3X2_RVT)                              0.06       3.26 r
  u_memory/U6/Y (OR3X1_RVT)                               0.08       3.33 r
  u_memory/U138/Y (AO21X1_RVT)                            0.06       3.40 r
  u_memory/U139/Y (AND2X1_RVT)                            0.05       3.45 r
  u_memory/U140/Y (MUX21X1_RVT)                           0.08       3.54 f
  u_memory/mem_reg[2][0]/D (DFFX2_RVT)                    0.01       3.55 f
  data arrival time                                                  3.55

  clock clk (rise edge)                                   4.00       4.00
  clock network delay (ideal)                             0.00       4.00
  clock uncertainty                                      -0.50       3.50
  u_memory/mem_reg[2][0]/CLK (DFFX2_RVT)                  0.00       3.50 r
  library setup time                                     -0.03       3.47
  data required time                                                 3.47
  --------------------------------------------------------------------------
  data required time                                                 3.47
  data arrival time                                                 -3.55
  --------------------------------------------------------------------------
  slack (VIOLATED)                                                  -0.08


  Startpoint: sel_item[1]
              (input port clocked by clk)
  Endpoint: u_memory/mem_reg[2][1]
            (rising edge-triggered flip-flop clocked by clk)
  Path Group: clk
  Path Type: max

  Des/Clust/Port     Wire Load Model       Library
  ------------------------------------------------
  vending_top        8000                  saed32rvt_tt1p05v25c
  memory             8000                  saed32rvt_tt1p05v25c

  Point                                                   Incr       Path
  --------------------------------------------------------------------------
  clock clk (rise edge)                                   0.00       0.00
  clock network delay (ideal)                             0.00       0.00
  input external delay                                    3.00       3.00 r
  sel_item[1] (in)                                        0.01       3.01 r
  u_memory/addr[1] (memory)                               0.00       3.01 r
  u_memory/U85/Y (NAND2X4_RVT)                            0.07       3.08 f
  u_memory/U94/Y (NOR2X0_RVT)                             0.06       3.14 r
  u_memory/U99/Y (OR3X1_RVT)                              0.05       3.19 r
  u_memory/U34/Y (OR3X2_RVT)                              0.06       3.26 r
  u_memory/U6/Y (OR3X1_RVT)                               0.08       3.33 r
  u_memory/U138/Y (AO21X1_RVT)                            0.06       3.40 r
  u_memory/U139/Y (AND2X1_RVT)                            0.05       3.45 r
  u_memory/U145/Y (MUX21X1_RVT)                           0.08       3.54 f
  u_memory/mem_reg[2][1]/D (DFFX2_RVT)                    0.01       3.55 f
  data arrival time                                                  3.55

  clock clk (rise edge)                                   4.00       4.00
  clock network delay (ideal)                             0.00       4.00
  clock uncertainty                                      -0.50       3.50
  u_memory/mem_reg[2][1]/CLK (DFFX2_RVT)                  0.00       3.50 r
  library setup time                                     -0.03       3.47
  data required time                                                 3.47
  --------------------------------------------------------------------------
  data required time                                                 3.47
  data arrival time                                                 -3.55
  --------------------------------------------------------------------------
  slack (VIOLATED)                                                  -0.08


  Startpoint: sel_item[1]
              (input port clocked by clk)
  Endpoint: u_memory/mem_reg[0][2]
            (rising edge-triggered flip-flop clocked by clk)
  Path Group: clk
  Path Type: max

  Des/Clust/Port     Wire Load Model       Library
  ------------------------------------------------
  vending_top        8000                  saed32rvt_tt1p05v25c
  memory             8000                  saed32rvt_tt1p05v25c

  Point                                                   Incr       Path
  --------------------------------------------------------------------------
  clock clk (rise edge)                                   0.00       0.00
  clock network delay (ideal)                             0.00       0.00
  input external delay                                    3.00       3.00 f
  sel_item[1] (in)                                        0.01       3.01 f
  u_memory/addr[1] (memory)                               0.00       3.01 f
  u_memory/U85/Y (NAND2X4_RVT)                            0.07       3.08 r
  u_memory/U94/Y (NOR2X0_RVT)                             0.07       3.15 f
  u_memory/U99/Y (OR3X1_RVT)                              0.05       3.20 f
  u_memory/U34/Y (OR3X2_RVT)                              0.06       3.26 f
  u_memory/U6/Y (OR3X1_RVT)                               0.07       3.34 f
  u_memory/U84/Y (AOI21X2_RVT)                            0.08       3.42 r
  u_memory/U133/Y (INVX1_RVT)                             0.04       3.46 f
  u_memory/U147/Y (MUX21X1_RVT)                           0.07       3.53 r
  u_memory/mem_reg[0][2]/D (DFFX1_RVT)                    0.01       3.54 r
  data arrival time                                                  3.54

  clock clk (rise edge)                                   4.00       4.00
  clock network delay (ideal)                             0.00       4.00
  clock uncertainty                                      -0.50       3.50
  u_memory/mem_reg[0][2]/CLK (DFFX1_RVT)                  0.00       3.50 r
  library setup time                                     -0.03       3.47
  data required time                                                 3.47
  --------------------------------------------------------------------------
  data required time                                                 3.47
  data arrival time                                                 -3.54
  --------------------------------------------------------------------------
  slack (VIOLATED)                                                  -0.07


  Startpoint: sel_item[1]
              (input port clocked by clk)
  Endpoint: u_memory/mem_reg[0][0]
            (rising edge-triggered flip-flop clocked by clk)
  Path Group: clk
  Path Type: max

  Des/Clust/Port     Wire Load Model       Library
  ------------------------------------------------
  vending_top        8000                  saed32rvt_tt1p05v25c
  memory             8000                  saed32rvt_tt1p05v25c

  Point                                                   Incr       Path
  --------------------------------------------------------------------------
  clock clk (rise edge)                                   0.00       0.00
  clock network delay (ideal)                             0.00       0.00
  input external delay                                    3.00       3.00 f
  sel_item[1] (in)                                        0.01       3.01 f
  u_memory/addr[1] (memory)                               0.00       3.01 f
  u_memory/U85/Y (NAND2X4_RVT)                            0.07       3.08 r
  u_memory/U94/Y (NOR2X0_RVT)                             0.07       3.15 f
  u_memory/U99/Y (OR3X1_RVT)                              0.05       3.20 f
  u_memory/U34/Y (OR3X2_RVT)                              0.06       3.26 f
  u_memory/U6/Y (OR3X1_RVT)                               0.07       3.34 f
  u_memory/U84/Y (AOI21X2_RVT)                            0.08       3.42 r
  u_memory/U133/Y (INVX1_RVT)                             0.04       3.46 f
  u_memory/U134/Y (MUX21X1_RVT)                           0.07       3.53 r
  u_memory/mem_reg[0][0]/D (DFFX2_RVT)                    0.01       3.54 r
  data arrival time                                                  3.54

  clock clk (rise edge)                                   4.00       4.00
  clock network delay (ideal)                             0.00       4.00
  clock uncertainty                                      -0.50       3.50
  u_memory/mem_reg[0][0]/CLK (DFFX2_RVT)                  0.00       3.50 r
  library setup time                                     -0.03       3.47
  data required time                                                 3.47
  --------------------------------------------------------------------------
  data required time                                                 3.47
  data arrival time                                                 -3.54
  --------------------------------------------------------------------------
  slack (VIOLATED)                                                  -0.07


  Startpoint: sel_item[1]
              (input port clocked by clk)
  Endpoint: u_memory/mem_reg[0][1]
            (rising edge-triggered flip-flop clocked by clk)
  Path Group: clk
  Path Type: max

  Des/Clust/Port     Wire Load Model       Library
  ------------------------------------------------
  vending_top        8000                  saed32rvt_tt1p05v25c
  memory             8000                  saed32rvt_tt1p05v25c

  Point                                                   Incr       Path
  --------------------------------------------------------------------------
  clock clk (rise edge)                                   0.00       0.00
  clock network delay (ideal)                             0.00       0.00
  input external delay                                    3.00       3.00 f
  sel_item[1] (in)                                        0.01       3.01 f
  u_memory/addr[1] (memory)                               0.00       3.01 f
  u_memory/U85/Y (NAND2X4_RVT)                            0.07       3.08 r
  u_memory/U94/Y (NOR2X0_RVT)                             0.07       3.15 f
  u_memory/U99/Y (OR3X1_RVT)                              0.05       3.20 f
  u_memory/U34/Y (OR3X2_RVT)                              0.06       3.26 f
  u_memory/U6/Y (OR3X1_RVT)                               0.07       3.34 f
  u_memory/U84/Y (AOI21X2_RVT)                            0.08       3.42 r
  u_memory/U37/Y (INVX1_RVT)                              0.04       3.46 f
  u_memory/U142/Y (MUX21X1_RVT)                           0.07       3.53 r
  u_memory/mem_reg[0][1]/D (DFFX2_RVT)                    0.01       3.54 r
  data arrival time                                                  3.54

  clock clk (rise edge)                                   4.00       4.00
  clock network delay (ideal)                             0.00       4.00
  clock uncertainty                                      -0.50       3.50
  u_memory/mem_reg[0][1]/CLK (DFFX2_RVT)                  0.00       3.50 r
  library setup time                                     -0.03       3.47
  data required time                                                 3.47
  --------------------------------------------------------------------------
  data required time                                                 3.47
  data arrival time                                                 -3.54
  --------------------------------------------------------------------------
  slack (VIOLATED)                                                  -0.07


  Startpoint: sel_item[1]
              (input port clocked by clk)
  Endpoint: u_memory/mem_reg[0][3]
            (rising edge-triggered flip-flop clocked by clk)
  Path Group: clk
  Path Type: max

  Des/Clust/Port     Wire Load Model       Library
  ------------------------------------------------
  vending_top        8000                  saed32rvt_tt1p05v25c
  memory             8000                  saed32rvt_tt1p05v25c

  Point                                                   Incr       Path
  --------------------------------------------------------------------------
  clock clk (rise edge)                                   0.00       0.00
  clock network delay (ideal)                             0.00       0.00
  input external delay                                    3.00       3.00 f
  sel_item[1] (in)                                        0.01       3.01 f
  u_memory/addr[1] (memory)                               0.00       3.01 f
  u_memory/U85/Y (NAND2X4_RVT)                            0.07       3.08 r
  u_memory/U94/Y (NOR2X0_RVT)                             0.07       3.15 f
  u_memory/U99/Y (OR3X1_RVT)                              0.05       3.20 f
  u_memory/U34/Y (OR3X2_RVT)                              0.06       3.26 f
  u_memory/U6/Y (OR3X1_RVT)                               0.07       3.34 f
  u_memory/U84/Y (AOI21X2_RVT)                            0.08       3.42 r
  u_memory/U37/Y (INVX1_RVT)                              0.04       3.46 f
  u_memory/U39/Y (MUX21X1_RVT)                            0.07       3.53 r
  u_memory/mem_reg[0][3]/D (DFFX2_RVT)                    0.01       3.54 r
  data arrival time                                                  3.54

  clock clk (rise edge)                                   4.00       4.00
  clock network delay (ideal)                             0.00       4.00
  clock uncertainty                                      -0.50       3.50
  u_memory/mem_reg[0][3]/CLK (DFFX2_RVT)                  0.00       3.50 r
  library setup time                                     -0.03       3.47
  data required time                                                 3.47
  --------------------------------------------------------------------------
  data required time                                                 3.47
  data arrival time                                                 -3.54
  --------------------------------------------------------------------------
  slack (VIOLATED)                                                  -0.07


  Startpoint: sel_item[1]
              (input port clocked by clk)
  Endpoint: u_memory/mem_reg[2][4]
            (rising edge-triggered flip-flop clocked by clk)
  Path Group: clk
  Path Type: max

  Des/Clust/Port     Wire Load Model       Library
  ------------------------------------------------
  vending_top        8000                  saed32rvt_tt1p05v25c
  memory             8000                  saed32rvt_tt1p05v25c

  Point                                                   Incr       Path
  --------------------------------------------------------------------------
  clock clk (rise edge)                                   0.00       0.00
  clock network delay (ideal)                             0.00       0.00
  input external delay                                    3.00       3.00 r
  sel_item[1] (in)                                        0.01       3.01 r
  u_memory/addr[1] (memory)                               0.00       3.01 r
  u_memory/U85/Y (NAND2X4_RVT)                            0.07       3.08 f
  u_memory/U94/Y (NOR2X0_RVT)                             0.06       3.14 r
  u_memory/U99/Y (OR3X1_RVT)                              0.05       3.19 r
  u_memory/U34/Y (OR3X2_RVT)                              0.06       3.26 r
  u_memory/U6/Y (OR3X1_RVT)                               0.08       3.33 r
  u_memory/U138/Y (AO21X1_RVT)                            0.06       3.40 r
  u_memory/U62/Y (NAND2X0_RVT)                            0.05       3.45 f
  u_memory/U151/Y (MUX21X1_RVT)                           0.09       3.54 f
  u_memory/mem_reg[2][4]/D (DFFX1_RVT)                    0.01       3.55 f
  data arrival time                                                  3.55

  clock clk (rise edge)                                   4.00       4.00
  clock network delay (ideal)                             0.00       4.00
  clock uncertainty                                      -0.50       3.50
  u_memory/mem_reg[2][4]/CLK (DFFX1_RVT)                  0.00       3.50 r
  library setup time                                     -0.03       3.47
  data required time                                                 3.47
  --------------------------------------------------------------------------
  data required time                                                 3.47
  data arrival time                                                 -3.55
  --------------------------------------------------------------------------
  slack (VIOLATED)                                                  -0.07


  Startpoint: sel_item[1]
              (input port clocked by clk)
  Endpoint: u_memory/mem_reg[3][2]
            (rising edge-triggered flip-flop clocked by clk)
  Path Group: clk
  Path Type: max

  Des/Clust/Port     Wire Load Model       Library
  ------------------------------------------------
  vending_top        8000                  saed32rvt_tt1p05v25c
  memory             8000                  saed32rvt_tt1p05v25c

  Point                                                   Incr       Path
  --------------------------------------------------------------------------
  clock clk (rise edge)                                   0.00       0.00
  clock network delay (ideal)                             0.00       0.00
  input external delay                                    3.00       3.00 f
  sel_item[1] (in)                                        0.01       3.01 f
  u_memory/addr[1] (memory)                               0.00       3.01 f
  u_memory/U85/Y (NAND2X4_RVT)                            0.07       3.08 r
  u_memory/U94/Y (NOR2X0_RVT)                             0.07       3.15 f
  u_memory/U99/Y (OR3X1_RVT)                              0.05       3.20 f
  u_memory/U34/Y (OR3X2_RVT)                              0.06       3.26 f
  u_memory/U15/Y (OR2X1_RVT)                              0.06       3.32 f
  u_memory/U146/Y (INVX0_RVT)                             0.03       3.35 r
  u_memory/U41/Y (OR2X1_RVT)                              0.05       3.40 r
  u_memory/U42/Y (NAND2X0_RVT)                            0.04       3.44 f
  u_memory/U9/Y (INVX1_RVT)                               0.04       3.47 r
  u_memory/U8/Y (AO21X1_RVT)                              0.05       3.53 r
  u_memory/mem_reg[3][2]/D (DFFX2_RVT)                    0.01       3.54 r
  data arrival time                                                  3.54

  clock clk (rise edge)                                   4.00       4.00
  clock network delay (ideal)                             0.00       4.00
  clock uncertainty                                      -0.50       3.50
  u_memory/mem_reg[3][2]/CLK (DFFX2_RVT)                  0.00       3.50 r
  library setup time                                     -0.03       3.47
  data required time                                                 3.47
  --------------------------------------------------------------------------
  data required time                                                 3.47
  data arrival time                                                 -3.54
  --------------------------------------------------------------------------
  slack (VIOLATED)                                                  -0.07


  Startpoint: sel_item[1]
              (input port clocked by clk)
  Endpoint: u_memory/mem_reg[3][3]
            (rising edge-triggered flip-flop clocked by clk)
  Path Group: clk
  Path Type: max

  Des/Clust/Port     Wire Load Model       Library
  ------------------------------------------------
  vending_top        8000                  saed32rvt_tt1p05v25c
  memory             8000                  saed32rvt_tt1p05v25c

  Point                                                   Incr       Path
  --------------------------------------------------------------------------
  clock clk (rise edge)                                   0.00       0.00
  clock network delay (ideal)                             0.00       0.00
  input external delay                                    3.00       3.00 r
  sel_item[1] (in)                                        0.01       3.01 r
  u_memory/addr[1] (memory)                               0.00       3.01 r
  u_memory/U85/Y (NAND2X4_RVT)                            0.07       3.08 f
  u_memory/U94/Y (NOR2X0_RVT)                             0.06       3.14 r
  u_memory/U99/Y (OR3X1_RVT)                              0.05       3.19 r
  u_memory/U34/Y (OR3X2_RVT)                              0.06       3.26 r
  u_memory/U15/Y (OR2X1_RVT)                              0.06       3.32 r
  u_memory/U14/Y (NOR2X0_RVT)                             0.06       3.38 f
  u_memory/U11/Y (OR3X1_RVT)                              0.06       3.44 f
  u_memory/U78/Y (OR2X1_RVT)                              0.05       3.49 f
  u_memory/U131/Y (NAND2X0_RVT)                           0.03       3.52 r
  u_memory/mem_reg[3][3]/D (DFFX1_RVT)                    0.01       3.54 r
  data arrival time                                                  3.54

  clock clk (rise edge)                                   4.00       4.00
  clock network delay (ideal)                             0.00       4.00
  clock uncertainty                                      -0.50       3.50
  u_memory/mem_reg[3][3]/CLK (DFFX1_RVT)                  0.00       3.50 r
  library setup time                                     -0.03       3.47
  data required time                                                 3.47
  --------------------------------------------------------------------------
  data required time                                                 3.47
  data arrival time                                                 -3.54
  --------------------------------------------------------------------------
  slack (VIOLATED)                                                  -0.07


  Startpoint: sel_item[1]
              (input port clocked by clk)
  Endpoint: u_memory/mem_reg[1][3]
            (rising edge-triggered flip-flop clocked by clk)
  Path Group: clk
  Path Type: max

  Des/Clust/Port     Wire Load Model       Library
  ------------------------------------------------
  vending_top        8000                  saed32rvt_tt1p05v25c
  memory             8000                  saed32rvt_tt1p05v25c

  Point                                                   Incr       Path
  --------------------------------------------------------------------------
  clock clk (rise edge)                                   0.00       0.00
  clock network delay (ideal)                             0.00       0.00
  input external delay                                    3.00       3.00 r
  sel_item[1] (in)                                        0.01       3.01 r
  u_memory/addr[1] (memory)                               0.00       3.01 r
  u_memory/U85/Y (NAND2X4_RVT)                            0.07       3.08 f
  u_memory/U94/Y (NOR2X0_RVT)                             0.06       3.14 r
  u_memory/U99/Y (OR3X1_RVT)                              0.05       3.19 r
  u_memory/U34/Y (OR3X2_RVT)                              0.06       3.26 r
  u_memory/U15/Y (OR2X1_RVT)                              0.06       3.32 r
  u_memory/U14/Y (NOR2X0_RVT)                             0.06       3.38 f
  u_memory/U11/Y (OR3X1_RVT)                              0.06       3.44 f
  u_memory/U44/Y (OR2X1_RVT)                              0.05       3.49 f
  u_memory/U127/Y (NAND2X0_RVT)                           0.03       3.52 r
  u_memory/mem_reg[1][3]/D (DFFX1_RVT)                    0.01       3.54 r
  data arrival time                                                  3.54

  clock clk (rise edge)                                   4.00       4.00
  clock network delay (ideal)                             0.00       4.00
  clock uncertainty                                      -0.50       3.50
  u_memory/mem_reg[1][3]/CLK (DFFX1_RVT)                  0.00       3.50 r
  library setup time                                     -0.03       3.47
  data required time                                                 3.47
  --------------------------------------------------------------------------
  data required time                                                 3.47
  data arrival time                                                 -3.54
  --------------------------------------------------------------------------
  slack (VIOLATED)                                                  -0.07


1
