 
****************************************
Report : qor
Design : vending_top
Version: X-2025.06-SP2
Date   : Fri Aug 21 14:49:21 2026
****************************************


  Timing Path Group 'clk'
  -----------------------------------
  Levels of Logic:              13.00
  Critical Path Length:          0.96
  Critical Path Slack:           7.50
  Critical Path Clk Period:     12.00
  Total Negative Slack:          0.00
  No. of Violating Paths:        0.00
  Worst Hold Violation:         -0.37
  Total Hold Violation:        -17.01
  No. of Hold Violations:       56.00
  -----------------------------------


  Cell Count
  -----------------------------------
  Hierarchical Cell Count:          5
  Hierarchical Port Count:        109
  Leaf Cell Count:                257
  Buf/Inv Cell Count:              55
  Buf Cell Count:                   1
  Inv Cell Count:                  54
  CT Buf/Inv Cell Count:            0
  Combinational Cell Count:       205
  Sequential Cell Count:           52
  Macro Count:                      0
  -----------------------------------


  Area
  -----------------------------------
  Combinational Area:      481.857028
  Noncombinational Area:   370.033670
  Buf/Inv Area:             71.160320
  Total Buffer Area:             2.03
  Total Inverter Area:          69.13
  Macro/Black Box Area:      0.000000
  Net Area:                158.497075
  -----------------------------------
  Cell Area:               851.890699
  Design Area:            1010.387774


  Design Rules
  -----------------------------------
  Total Number of Nets:           329
  Nets With Violations:             0
  Max Trans Violations:             0
  Max Cap Violations:               0
  -----------------------------------


  Hostname: xmen29

  Compile CPU Statistics
  -----------------------------------------
  Resource Sharing:                    0.00
  Logic Optimization:                  0.01
  Mapping Optimization:                0.14
  -----------------------------------------
  Overall Compile Time:                0.80
  Overall Compile Wall Clock Time:     1.10

  --------------------------------------------------------------------

  Design  WNS: 0.00  TNS: 0.00  Number of Violating Paths: 0


  Design (Hold)  WNS: 0.37  TNS: 17.01  Number of Violating Paths: 56

  --------------------------------------------------------------------


1
