 
****************************************
Report : area
Design : vending_top
Version: X-2025.06-SP2
Date   : Fri Aug 21 14:55:24 2026
****************************************

Information: Updating design information... (UID-85)
Library(s) Used:

    saed32rvt_tt1p05v25c (File: /home/xmen-aluno/Desktop/VendingMachine-10of10/synth/libs/saed32rvt_tt1p05v25c.db)

Number of ports:                           29
Number of nets:                           288
Number of cells:                          259
Number of combinational cells:            154
Number of sequential cells:                52
Number of macros/black boxes:               0
Number of buf/inv:                         23
Number of references:                      23

Combinational area:                388.840320
Buf/Inv area:                       29.480704
Noncombinational area:             370.033670
Macro/Black Box area:                0.000000
Net Interconnect area:             151.677205

Total cell area:                   758.873990
Total area:                        910.551196

Hierarchical area distribution
------------------------------

                                  Global cell area          Local cell area
                                  ------------------  --------------------------- 
Hierarchical cell                 Absolute   Percent  Combi-    Noncombi-  Black-
                                  Total      Total    national  national   boxes   Design
--------------------------------  ---------  -------  --------  ---------  ------  ---------
vending_top                        758.8740    100.0  388.8403   370.0337  0.0000  vending_top
--------------------------------  ---------  -------  --------  ---------  ------  ---------
Total                                                 388.8403   370.0337  0.0000

1
