 
****************************************
Report : power
        -analysis_effort low
Design : vending_top
Version: X-2025.06-SP2
Date   : Fri Aug 21 14:55:24 2026
****************************************


Library(s) Used:

    saed32rvt_tt1p05v25c (File: /home/xmen-aluno/Desktop/VendingMachine-10of10/synth/libs/saed32rvt_tt1p05v25c.db)


Operating Conditions: tt1p05v25c   Library: saed32rvt_tt1p05v25c
Wire Load Model Mode: enclosed

Design        Wire Load Model            Library
------------------------------------------------
vending_top            8000              saed32rvt_tt1p05v25c


Global Operating Voltage = 1.05 
Power-specific unit information :
    Voltage Units = 1V
    Capacitance Units = 1.000000ff
    Time Units = 1ns
    Dynamic Power Units = 1uW    (derived from V,C,T units)
    Leakage Power Units = 1pW


Attributes
----------
i - Including register clock pin internal power


  Cell Internal Power  =  33.4620 uW   (98%)
  Net Switching Power  = 718.8672 nW    (2%)
                         ---------
Total Dynamic Power    =  34.1809 uW  (100%)

Cell Leakage Power     =  75.0236 uW


                 Internal         Switching           Leakage            Total
Power Group      Power            Power               Power              Power   (   %    )  Attrs
--------------------------------------------------------------------------------------------------
io_pad             0.0000            0.0000            0.0000            0.0000  (   0.00%)
memory             0.0000            0.0000            0.0000            0.0000  (   0.00%)
black_box          0.0000            0.0000            0.0000            0.0000  (   0.00%)
clock_network     32.3544            0.0000            0.0000           32.3544  (  29.63%)  i
register       7.7290e-02            0.1542        4.9455e+07           49.6867  (  45.50%)
sequential         0.0000            0.0000            0.0000            0.0000  (   0.00%)
combinational      1.0303            0.5647        2.5568e+07           27.1634  (  24.87%)
--------------------------------------------------------------------------------------------------
Total             33.4620 uW         0.7189 uW     7.5024e+07 pW       109.2045 uW
1
