 
****************************************
Report : timing
        -path full
        -delay max
        -max_paths 10
Design : vending_top
Version: X-2025.06-SP2
Date   : Fri Aug 21 14:55:24 2026
****************************************

Operating Conditions: tt1p05v25c   Library: saed32rvt_tt1p05v25c
Wire Load Model Mode: enclosed

  Startpoint: sel_item[0]
              (input port clocked by clk)
  Endpoint: u_memory/mem_reg[3][0]
            (rising edge-triggered flip-flop clocked by clk)
  Path Group: clk
  Path Type: max

  Des/Clust/Port     Wire Load Model       Library
  ------------------------------------------------
  vending_top        8000                  saed32rvt_tt1p05v25c

  Point                                                   Incr       Path
  --------------------------------------------------------------------------
  clock clk (rise edge)                                   0.00       0.00
  clock network delay (ideal)                             0.00       0.00
  input external delay                                    3.00       3.00 r
  sel_item[0] (in)                                        0.00       3.00 r
  U157/Y (INVX0_RVT)                                      0.06       3.06 f
  U158/Y (INVX2_RVT)                                      0.10       3.16 r
  U192/Y (MUX41X1_RVT)                                    0.19       3.35 r
  U193/Y (OR2X1_RVT)                                      0.06       3.41 r
  U194/Y (OR2X1_RVT)                                      0.05       3.46 r
  U195/Y (OR2X1_RVT)                                      0.05       3.51 r
  U196/Y (OR2X1_RVT)                                      0.05       3.56 r
  U197/Y (NAND2X0_RVT)                                    0.05       3.61 f
  U198/Y (OA21X1_RVT)                                     0.07       3.69 f
  U200/Y (INVX0_RVT)                                      0.04       3.73 r
  U201/Y (AND2X1_RVT)                                     0.05       3.78 r
  U202/Y (AO22X1_RVT)                                     0.06       3.84 r
  u_memory/mem_reg[3][0]/RSTB (DFFSSRX1_RVT)              0.02       3.85 r
  data arrival time                                                  3.85

  clock clk (rise edge)                                  20.00      20.00
  clock network delay (ideal)                             0.00      20.00
  clock uncertainty                                      -0.50      19.50
  u_memory/mem_reg[3][0]/CLK (DFFSSRX1_RVT)               0.00      19.50 r
  library setup time                                     -0.07      19.43
  data required time                                                19.43
  --------------------------------------------------------------------------
  data required time                                                19.43
  data arrival time                                                 -3.85
  --------------------------------------------------------------------------
  slack (MET)                                                       15.58


  Startpoint: sel_item[0]
              (input port clocked by clk)
  Endpoint: u_memory/mem_reg[2][4]
            (rising edge-triggered flip-flop clocked by clk)
  Path Group: clk
  Path Type: max

  Des/Clust/Port     Wire Load Model       Library
  ------------------------------------------------
  vending_top        8000                  saed32rvt_tt1p05v25c

  Point                                                   Incr       Path
  --------------------------------------------------------------------------
  clock clk (rise edge)                                   0.00       0.00
  clock network delay (ideal)                             0.00       0.00
  input external delay                                    3.00       3.00 r
  sel_item[0] (in)                                        0.00       3.00 r
  U157/Y (INVX0_RVT)                                      0.06       3.06 f
  U158/Y (INVX2_RVT)                                      0.10       3.16 r
  U192/Y (MUX41X1_RVT)                                    0.19       3.35 r
  U193/Y (OR2X1_RVT)                                      0.06       3.41 r
  U194/Y (OR2X1_RVT)                                      0.05       3.46 r
  U195/Y (OR2X1_RVT)                                      0.05       3.51 r
  U196/Y (OR2X1_RVT)                                      0.05       3.56 r
  U197/Y (NAND2X0_RVT)                                    0.05       3.61 f
  U216/Y (OA21X1_RVT)                                     0.07       3.69 f
  U217/Y (INVX0_RVT)                                      0.05       3.73 r
  U221/Y (AND2X1_RVT)                                     0.05       3.78 r
  U224/Y (AO22X1_RVT)                                     0.05       3.83 r
  u_memory/mem_reg[2][4]/RSTB (DFFSSRX1_RVT)              0.02       3.85 r
  data arrival time                                                  3.85

  clock clk (rise edge)                                  20.00      20.00
  clock network delay (ideal)                             0.00      20.00
  clock uncertainty                                      -0.50      19.50
  u_memory/mem_reg[2][4]/CLK (DFFSSRX1_RVT)               0.00      19.50 r
  library setup time                                     -0.07      19.43
  data required time                                                19.43
  --------------------------------------------------------------------------
  data required time                                                19.43
  data arrival time                                                 -3.85
  --------------------------------------------------------------------------
  slack (MET)                                                       15.58


  Startpoint: sel_item[0]
              (input port clocked by clk)
  Endpoint: u_memory/mem_reg[2][3]
            (rising edge-triggered flip-flop clocked by clk)
  Path Group: clk
  Path Type: max

  Des/Clust/Port     Wire Load Model       Library
  ------------------------------------------------
  vending_top        8000                  saed32rvt_tt1p05v25c

  Point                                                   Incr       Path
  --------------------------------------------------------------------------
  clock clk (rise edge)                                   0.00       0.00
  clock network delay (ideal)                             0.00       0.00
  input external delay                                    3.00       3.00 r
  sel_item[0] (in)                                        0.00       3.00 r
  U157/Y (INVX0_RVT)                                      0.06       3.06 f
  U158/Y (INVX2_RVT)                                      0.10       3.16 r
  U192/Y (MUX41X1_RVT)                                    0.19       3.35 r
  U193/Y (OR2X1_RVT)                                      0.06       3.41 r
  U194/Y (OR2X1_RVT)                                      0.05       3.46 r
  U195/Y (OR2X1_RVT)                                      0.05       3.51 r
  U196/Y (OR2X1_RVT)                                      0.05       3.56 r
  U197/Y (NAND2X0_RVT)                                    0.05       3.61 f
  U216/Y (OA21X1_RVT)                                     0.07       3.69 f
  U217/Y (INVX0_RVT)                                      0.05       3.73 r
  U221/Y (AND2X1_RVT)                                     0.05       3.78 r
  U223/Y (AO22X1_RVT)                                     0.05       3.83 r
  u_memory/mem_reg[2][3]/RSTB (DFFSSRX1_RVT)              0.02       3.85 r
  data arrival time                                                  3.85

  clock clk (rise edge)                                  20.00      20.00
  clock network delay (ideal)                             0.00      20.00
  clock uncertainty                                      -0.50      19.50
  u_memory/mem_reg[2][3]/CLK (DFFSSRX1_RVT)               0.00      19.50 r
  library setup time                                     -0.07      19.43
  data required time                                                19.43
  --------------------------------------------------------------------------
  data required time                                                19.43
  data arrival time                                                 -3.85
  --------------------------------------------------------------------------
  slack (MET)                                                       15.58


  Startpoint: sel_item[0]
              (input port clocked by clk)
  Endpoint: u_memory/mem_reg[2][2]
            (rising edge-triggered flip-flop clocked by clk)
  Path Group: clk
  Path Type: max

  Des/Clust/Port     Wire Load Model       Library
  ------------------------------------------------
  vending_top        8000                  saed32rvt_tt1p05v25c

  Point                                                   Incr       Path
  --------------------------------------------------------------------------
  clock clk (rise edge)                                   0.00       0.00
  clock network delay (ideal)                             0.00       0.00
  input external delay                                    3.00       3.00 r
  sel_item[0] (in)                                        0.00       3.00 r
  U157/Y (INVX0_RVT)                                      0.06       3.06 f
  U158/Y (INVX2_RVT)                                      0.10       3.16 r
  U192/Y (MUX41X1_RVT)                                    0.19       3.35 r
  U193/Y (OR2X1_RVT)                                      0.06       3.41 r
  U194/Y (OR2X1_RVT)                                      0.05       3.46 r
  U195/Y (OR2X1_RVT)                                      0.05       3.51 r
  U196/Y (OR2X1_RVT)                                      0.05       3.56 r
  U197/Y (NAND2X0_RVT)                                    0.05       3.61 f
  U216/Y (OA21X1_RVT)                                     0.07       3.69 f
  U217/Y (INVX0_RVT)                                      0.05       3.73 r
  U221/Y (AND2X1_RVT)                                     0.05       3.78 r
  U222/Y (AO22X1_RVT)                                     0.05       3.83 r
  u_memory/mem_reg[2][2]/RSTB (DFFSSRX1_RVT)              0.02       3.85 r
  data arrival time                                                  3.85

  clock clk (rise edge)                                  20.00      20.00
  clock network delay (ideal)                             0.00      20.00
  clock uncertainty                                      -0.50      19.50
  u_memory/mem_reg[2][2]/CLK (DFFSSRX1_RVT)               0.00      19.50 r
  library setup time                                     -0.07      19.43
  data required time                                                19.43
  --------------------------------------------------------------------------
  data required time                                                19.43
  data arrival time                                                 -3.85
  --------------------------------------------------------------------------
  slack (MET)                                                       15.58


  Startpoint: sel_item[0]
              (input port clocked by clk)
  Endpoint: u_memory/mem_reg[1][4]
            (rising edge-triggered flip-flop clocked by clk)
  Path Group: clk
  Path Type: max

  Des/Clust/Port     Wire Load Model       Library
  ------------------------------------------------
  vending_top        8000                  saed32rvt_tt1p05v25c

  Point                                                   Incr       Path
  --------------------------------------------------------------------------
  clock clk (rise edge)                                   0.00       0.00
  clock network delay (ideal)                             0.00       0.00
  input external delay                                    3.00       3.00 r
  sel_item[0] (in)                                        0.00       3.00 r
  U157/Y (INVX0_RVT)                                      0.06       3.06 f
  U158/Y (INVX2_RVT)                                      0.10       3.16 r
  U192/Y (MUX41X1_RVT)                                    0.19       3.35 r
  U193/Y (OR2X1_RVT)                                      0.06       3.41 r
  U194/Y (OR2X1_RVT)                                      0.05       3.46 r
  U195/Y (OR2X1_RVT)                                      0.05       3.51 r
  U196/Y (OR2X1_RVT)                                      0.05       3.56 r
  U197/Y (NAND2X0_RVT)                                    0.05       3.61 f
  U226/Y (OA21X1_RVT)                                     0.07       3.69 f
  U227/Y (INVX0_RVT)                                      0.05       3.73 r
  U229/Y (AND2X1_RVT)                                     0.05       3.78 r
  U233/Y (AO22X1_RVT)                                     0.05       3.83 r
  u_memory/mem_reg[1][4]/RSTB (DFFSSRX1_RVT)              0.02       3.85 r
  data arrival time                                                  3.85

  clock clk (rise edge)                                  20.00      20.00
  clock network delay (ideal)                             0.00      20.00
  clock uncertainty                                      -0.50      19.50
  u_memory/mem_reg[1][4]/CLK (DFFSSRX1_RVT)               0.00      19.50 r
  library setup time                                     -0.07      19.43
  data required time                                                19.43
  --------------------------------------------------------------------------
  data required time                                                19.43
  data arrival time                                                 -3.85
  --------------------------------------------------------------------------
  slack (MET)                                                       15.58


  Startpoint: sel_item[0]
              (input port clocked by clk)
  Endpoint: u_memory/mem_reg[1][3]
            (rising edge-triggered flip-flop clocked by clk)
  Path Group: clk
  Path Type: max

  Des/Clust/Port     Wire Load Model       Library
  ------------------------------------------------
  vending_top        8000                  saed32rvt_tt1p05v25c

  Point                                                   Incr       Path
  --------------------------------------------------------------------------
  clock clk (rise edge)                                   0.00       0.00
  clock network delay (ideal)                             0.00       0.00
  input external delay                                    3.00       3.00 r
  sel_item[0] (in)                                        0.00       3.00 r
  U157/Y (INVX0_RVT)                                      0.06       3.06 f
  U158/Y (INVX2_RVT)                                      0.10       3.16 r
  U192/Y (MUX41X1_RVT)                                    0.19       3.35 r
  U193/Y (OR2X1_RVT)                                      0.06       3.41 r
  U194/Y (OR2X1_RVT)                                      0.05       3.46 r
  U195/Y (OR2X1_RVT)                                      0.05       3.51 r
  U196/Y (OR2X1_RVT)                                      0.05       3.56 r
  U197/Y (NAND2X0_RVT)                                    0.05       3.61 f
  U226/Y (OA21X1_RVT)                                     0.07       3.69 f
  U227/Y (INVX0_RVT)                                      0.05       3.73 r
  U229/Y (AND2X1_RVT)                                     0.05       3.78 r
  U232/Y (AO22X1_RVT)                                     0.05       3.83 r
  u_memory/mem_reg[1][3]/RSTB (DFFSSRX1_RVT)              0.02       3.85 r
  data arrival time                                                  3.85

  clock clk (rise edge)                                  20.00      20.00
  clock network delay (ideal)                             0.00      20.00
  clock uncertainty                                      -0.50      19.50
  u_memory/mem_reg[1][3]/CLK (DFFSSRX1_RVT)               0.00      19.50 r
  library setup time                                     -0.07      19.43
  data required time                                                19.43
  --------------------------------------------------------------------------
  data required time                                                19.43
  data arrival time                                                 -3.85
  --------------------------------------------------------------------------
  slack (MET)                                                       15.58


  Startpoint: sel_item[0]
              (input port clocked by clk)
  Endpoint: u_memory/mem_reg[1][1]
            (rising edge-triggered flip-flop clocked by clk)
  Path Group: clk
  Path Type: max

  Des/Clust/Port     Wire Load Model       Library
  ------------------------------------------------
  vending_top        8000                  saed32rvt_tt1p05v25c

  Point                                                   Incr       Path
  --------------------------------------------------------------------------
  clock clk (rise edge)                                   0.00       0.00
  clock network delay (ideal)                             0.00       0.00
  input external delay                                    3.00       3.00 r
  sel_item[0] (in)                                        0.00       3.00 r
  U157/Y (INVX0_RVT)                                      0.06       3.06 f
  U158/Y (INVX2_RVT)                                      0.10       3.16 r
  U192/Y (MUX41X1_RVT)                                    0.19       3.35 r
  U193/Y (OR2X1_RVT)                                      0.06       3.41 r
  U194/Y (OR2X1_RVT)                                      0.05       3.46 r
  U195/Y (OR2X1_RVT)                                      0.05       3.51 r
  U196/Y (OR2X1_RVT)                                      0.05       3.56 r
  U197/Y (NAND2X0_RVT)                                    0.05       3.61 f
  U226/Y (OA21X1_RVT)                                     0.07       3.69 f
  U227/Y (INVX0_RVT)                                      0.05       3.73 r
  U229/Y (AND2X1_RVT)                                     0.05       3.78 r
  U230/Y (AO22X1_RVT)                                     0.05       3.83 r
  u_memory/mem_reg[1][1]/RSTB (DFFSSRX1_RVT)              0.02       3.85 r
  data arrival time                                                  3.85

  clock clk (rise edge)                                  20.00      20.00
  clock network delay (ideal)                             0.00      20.00
  clock uncertainty                                      -0.50      19.50
  u_memory/mem_reg[1][1]/CLK (DFFSSRX1_RVT)               0.00      19.50 r
  library setup time                                     -0.07      19.43
  data required time                                                19.43
  --------------------------------------------------------------------------
  data required time                                                19.43
  data arrival time                                                 -3.85
  --------------------------------------------------------------------------
  slack (MET)                                                       15.58


  Startpoint: sel_item[0]
              (input port clocked by clk)
  Endpoint: u_memory/mem_reg[0][4]
            (rising edge-triggered flip-flop clocked by clk)
  Path Group: clk
  Path Type: max

  Des/Clust/Port     Wire Load Model       Library
  ------------------------------------------------
  vending_top        8000                  saed32rvt_tt1p05v25c

  Point                                                   Incr       Path
  --------------------------------------------------------------------------
  clock clk (rise edge)                                   0.00       0.00
  clock network delay (ideal)                             0.00       0.00
  input external delay                                    3.00       3.00 r
  sel_item[0] (in)                                        0.00       3.00 r
  U157/Y (INVX0_RVT)                                      0.06       3.06 f
  U158/Y (INVX2_RVT)                                      0.10       3.16 r
  U192/Y (MUX41X1_RVT)                                    0.19       3.35 r
  U193/Y (OR2X1_RVT)                                      0.06       3.41 r
  U194/Y (OR2X1_RVT)                                      0.05       3.46 r
  U195/Y (OR2X1_RVT)                                      0.05       3.51 r
  U196/Y (OR2X1_RVT)                                      0.05       3.56 r
  U197/Y (NAND2X0_RVT)                                    0.05       3.61 f
  U235/Y (OA21X1_RVT)                                     0.07       3.69 f
  U236/Y (INVX0_RVT)                                      0.05       3.73 r
  U238/Y (AND2X1_RVT)                                     0.05       3.78 r
  U242/Y (AO22X1_RVT)                                     0.05       3.83 r
  u_memory/mem_reg[0][4]/RSTB (DFFSSRX1_RVT)              0.02       3.85 r
  data arrival time                                                  3.85

  clock clk (rise edge)                                  20.00      20.00
  clock network delay (ideal)                             0.00      20.00
  clock uncertainty                                      -0.50      19.50
  u_memory/mem_reg[0][4]/CLK (DFFSSRX1_RVT)               0.00      19.50 r
  library setup time                                     -0.07      19.43
  data required time                                                19.43
  --------------------------------------------------------------------------
  data required time                                                19.43
  data arrival time                                                 -3.85
  --------------------------------------------------------------------------
  slack (MET)                                                       15.58


  Startpoint: sel_item[0]
              (input port clocked by clk)
  Endpoint: u_memory/mem_reg[0][3]
            (rising edge-triggered flip-flop clocked by clk)
  Path Group: clk
  Path Type: max

  Des/Clust/Port     Wire Load Model       Library
  ------------------------------------------------
  vending_top        8000                  saed32rvt_tt1p05v25c

  Point                                                   Incr       Path
  --------------------------------------------------------------------------
  clock clk (rise edge)                                   0.00       0.00
  clock network delay (ideal)                             0.00       0.00
  input external delay                                    3.00       3.00 r
  sel_item[0] (in)                                        0.00       3.00 r
  U157/Y (INVX0_RVT)                                      0.06       3.06 f
  U158/Y (INVX2_RVT)                                      0.10       3.16 r
  U192/Y (MUX41X1_RVT)                                    0.19       3.35 r
  U193/Y (OR2X1_RVT)                                      0.06       3.41 r
  U194/Y (OR2X1_RVT)                                      0.05       3.46 r
  U195/Y (OR2X1_RVT)                                      0.05       3.51 r
  U196/Y (OR2X1_RVT)                                      0.05       3.56 r
  U197/Y (NAND2X0_RVT)                                    0.05       3.61 f
  U235/Y (OA21X1_RVT)                                     0.07       3.69 f
  U236/Y (INVX0_RVT)                                      0.05       3.73 r
  U238/Y (AND2X1_RVT)                                     0.05       3.78 r
  U241/Y (AO22X1_RVT)                                     0.05       3.83 r
  u_memory/mem_reg[0][3]/RSTB (DFFSSRX1_RVT)              0.02       3.85 r
  data arrival time                                                  3.85

  clock clk (rise edge)                                  20.00      20.00
  clock network delay (ideal)                             0.00      20.00
  clock uncertainty                                      -0.50      19.50
  u_memory/mem_reg[0][3]/CLK (DFFSSRX1_RVT)               0.00      19.50 r
  library setup time                                     -0.07      19.43
  data required time                                                19.43
  --------------------------------------------------------------------------
  data required time                                                19.43
  data arrival time                                                 -3.85
  --------------------------------------------------------------------------
  slack (MET)                                                       15.58


  Startpoint: sel_item[0]
              (input port clocked by clk)
  Endpoint: u_memory/mem_reg[0][1]
            (rising edge-triggered flip-flop clocked by clk)
  Path Group: clk
  Path Type: max

  Des/Clust/Port     Wire Load Model       Library
  ------------------------------------------------
  vending_top        8000                  saed32rvt_tt1p05v25c

  Point                                                   Incr       Path
  --------------------------------------------------------------------------
  clock clk (rise edge)                                   0.00       0.00
  clock network delay (ideal)                             0.00       0.00
  input external delay                                    3.00       3.00 r
  sel_item[0] (in)                                        0.00       3.00 r
  U157/Y (INVX0_RVT)                                      0.06       3.06 f
  U158/Y (INVX2_RVT)                                      0.10       3.16 r
  U192/Y (MUX41X1_RVT)                                    0.19       3.35 r
  U193/Y (OR2X1_RVT)                                      0.06       3.41 r
  U194/Y (OR2X1_RVT)                                      0.05       3.46 r
  U195/Y (OR2X1_RVT)                                      0.05       3.51 r
  U196/Y (OR2X1_RVT)                                      0.05       3.56 r
  U197/Y (NAND2X0_RVT)                                    0.05       3.61 f
  U235/Y (OA21X1_RVT)                                     0.07       3.69 f
  U236/Y (INVX0_RVT)                                      0.05       3.73 r
  U238/Y (AND2X1_RVT)                                     0.05       3.78 r
  U239/Y (AO22X1_RVT)                                     0.05       3.83 r
  u_memory/mem_reg[0][1]/RSTB (DFFSSRX1_RVT)              0.02       3.85 r
  data arrival time                                                  3.85

  clock clk (rise edge)                                  20.00      20.00
  clock network delay (ideal)                             0.00      20.00
  clock uncertainty                                      -0.50      19.50
  u_memory/mem_reg[0][1]/CLK (DFFSSRX1_RVT)               0.00      19.50 r
  library setup time                                     -0.07      19.43
  data required time                                                19.43
  --------------------------------------------------------------------------
  data required time                                                19.43
  data arrival time                                                 -3.85
  --------------------------------------------------------------------------
  slack (MET)                                                       15.58


1
