 
****************************************
Report : power
        -analysis_effort low
Design : vending_top
Version: X-2025.06-SP2
Date   : Fri Aug 21 14:55:39 2026
****************************************


Library(s) Used:

    saed32rvt_tt1p05v25c (File: /home/xmen-aluno/Desktop/VendingMachine-10of10/synth/libs/saed32rvt_tt1p05v25c.db)


Operating Conditions: tt1p05v25c   Library: saed32rvt_tt1p05v25c
Wire Load Model Mode: enclosed

Design        Wire Load Model            Library
------------------------------------------------
vending_top            8000              saed32rvt_tt1p05v25c


Global Operating Voltage = 1.05 
Power-specific unit information :
    Voltage Units = 1V
    Capacitance Units = 1.000000ff
    Time Units = 1ns
    Dynamic Power Units = 1uW    (derived from V,C,T units)
    Leakage Power Units = 1pW


Attributes
----------
i - Including register clock pin internal power


  Cell Internal Power  =  55.7592 uW   (98%)
  Net Switching Power  =   1.1929 uW    (2%)
                         ---------
Total Dynamic Power    =  56.9521 uW  (100%)

Cell Leakage Power     =  75.0674 uW


                 Internal         Switching           Leakage            Total
Power Group      Power            Power               Power              Power   (   %    )  Attrs
--------------------------------------------------------------------------------------------------
io_pad             0.0000            0.0000            0.0000            0.0000  (   0.00%)
memory             0.0000            0.0000            0.0000            0.0000  (   0.00%)
black_box          0.0000            0.0000            0.0000            0.0000  (   0.00%)
clock_network     53.9240            0.0000            0.0000           53.9240  (  40.85%)  i
register           0.1189            0.2539        4.9455e+07           49.8281  (  37.74%)
sequential         0.0000            0.0000            0.0000            0.0000  (   0.00%)
combinational      1.7164            0.9390        2.5612e+07           28.2676  (  21.41%)
--------------------------------------------------------------------------------------------------
Total             55.7592 uW         1.1929 uW     7.5067e+07 pW       132.0196 uW
1
