 
****************************************
Report : area
Design : vending_top
Version: X-2025.06-SP2
Date   : Thu Jul  9 13:24:54 2026
****************************************

Information: Updating design information... (UID-85)
Library(s) Used:

    saed32rvt_tt1p05v25c (File: /home/xmen-aluno/Downloads/grupo_NN_vending/synth/libs/saed32rvt_tt1p05v25c.db)

Number of ports:                           29
Number of nets:                           256
Number of cells:                          227
Number of combinational cells:            158
Number of sequential cells:                52
Number of macros/black boxes:               0
Number of buf/inv:                         25
Number of references:                      23

Combinational area:                393.923200
Buf/Inv area:                       31.768000
Noncombinational area:             351.227018
Macro/Black Box area:                0.000000
Net Interconnect area:             146.603020

Total cell area:                   745.150218
Total area:                        891.753238

Hierarchical area distribution
------------------------------

                                  Global cell area          Local cell area
                                  ------------------  --------------------------- 
Hierarchical cell                 Absolute   Percent  Combi-    Noncombi-  Black-
                                  Total      Total    national  national   boxes   Design
--------------------------------  ---------  -------  --------  ---------  ------  ---------
vending_top                        745.1502    100.0  393.9232   351.2270  0.0000  vending_top
--------------------------------  ---------  -------  --------  ---------  ------  ---------
Total                                                 393.9232   351.2270  0.0000

1
