 
****************************************
Report : power
        -analysis_effort low
Design : vending_top
Version: X-2025.06-SP2
Date   : Thu Jul  9 13:24:54 2026
****************************************


Library(s) Used:

    saed32rvt_tt1p05v25c (File: /home/xmen-aluno/Downloads/grupo_NN_vending/synth/libs/saed32rvt_tt1p05v25c.db)


Operating Conditions: tt1p05v25c   Library: saed32rvt_tt1p05v25c
Wire Load Model Mode: enclosed

Design        Wire Load Model            Library
------------------------------------------------
vending_top            8000              saed32rvt_tt1p05v25c


Global Operating Voltage = 1.05 
Power-specific unit information :
    Voltage Units = 1V
    Capacitance Units = 1.000000ff
    Time Units = 1ns
    Dynamic Power Units = 1uW    (derived from V,C,T units)
    Leakage Power Units = 1pW


Attributes
----------
i - Including register clock pin internal power


  Cell Internal Power  =  52.8057 uW   (97%)
  Net Switching Power  =   1.5117 uW    (3%)
                         ---------
Total Dynamic Power    =  54.3174 uW  (100%)

Cell Leakage Power     =  77.7752 uW


                 Internal         Switching           Leakage            Total
Power Group      Power            Power               Power              Power   (   %    )  Attrs
--------------------------------------------------------------------------------------------------
io_pad             0.0000            0.0000            0.0000            0.0000  (   0.00%)
memory             0.0000            0.0000            0.0000            0.0000  (   0.00%)
black_box          0.0000            0.0000            0.0000            0.0000  (   0.00%)
clock_network     50.1957            0.0000            0.0000           50.1957  (  38.00%)  i
register           0.5120            0.3426        5.2403e+07           53.2572  (  40.32%)
sequential         0.0000            0.0000            0.0000            0.0000  (   0.00%)
combinational      2.0981            1.1691        2.5373e+07           28.6398  (  21.68%)
--------------------------------------------------------------------------------------------------
Total             52.8057 uW         1.5117 uW     7.7775e+07 pW       132.0926 uW
1
