 
****************************************
Report : qor
Design : vending_top
Version: X-2025.06-SP2
Date   : Thu Jul  9 13:24:54 2026
****************************************


  Timing Path Group 'clk'
  -----------------------------------
  Levels of Logic:              11.00
  Critical Path Length:          0.79
  Critical Path Slack:           3.68
  Critical Path Clk Period:      8.00
  Total Negative Slack:          0.00
  No. of Violating Paths:        0.00
  Worst Hold Violation:         -0.38
  Total Hold Violation:        -17.83
  No. of Hold Violations:       52.00
  -----------------------------------


  Cell Count
  -----------------------------------
  Hierarchical Cell Count:          0
  Hierarchical Port Count:          0
  Leaf Cell Count:                210
  Buf/Inv Cell Count:              25
  Buf Cell Count:                   0
  Inv Cell Count:                  25
  CT Buf/Inv Cell Count:            0
  Combinational Cell Count:       158
  Sequential Cell Count:           52
  Macro Count:                      0
  -----------------------------------


  Area
  -----------------------------------
  Combinational Area:      393.923200
  Noncombinational Area:   351.227018
  Buf/Inv Area:             31.768000
  Total Buffer Area:             0.00
  Total Inverter Area:          31.77
  Macro/Black Box Area:      0.000000
  Net Area:                146.603020
  -----------------------------------
  Cell Area:               745.150218
  Design Area:             891.753238


  Design Rules
  -----------------------------------
  Total Number of Nets:           256
  Nets With Violations:             0
  Max Trans Violations:             0
  Max Cap Violations:               0
  -----------------------------------


  Hostname: xmen25

  Compile CPU Statistics
  -----------------------------------------
  Resource Sharing:                    0.06
  Logic Optimization:                  0.03
  Mapping Optimization:                0.13
  -----------------------------------------
  Overall Compile Time:                1.95
  Overall Compile Wall Clock Time:     2.27

  --------------------------------------------------------------------

  Design  WNS: 0.00  TNS: 0.00  Number of Violating Paths: 0


  Design (Hold)  WNS: 0.38  TNS: 17.83  Number of Violating Paths: 52

  --------------------------------------------------------------------


1
