 
****************************************
Report : design
Design : vending_top
Version: X-2025.06-SP2
Date   : Fri Aug 21 14:49:52 2026
****************************************

Design allows ideal nets on clock nets.

Library(s) Used:

    saed32rvt_tt1p05v25c (File: /home/xmen-aluno/Desktop/VendingMachine-10of10/synth/libs/saed32rvt_tt1p05v25c.db)

Local Link Library:

    {saed32rvt_tt1p05v25c.db}

Flip-Flop Types:

    No flip-flop types specified.

Latch Types:

    No latch types specified.

Operating Conditions:


    Operating Condition Name : tt1p05v25c
    Library : saed32rvt_tt1p05v25c
    Process :   1.00
    Temperature :  25.00
    Voltage :  1.050
    Interconnect Model : balanced_tree

Wire Loading Model:

    Selected automatically from the total cell area.

Name           :   8000
Location       :   saed32rvt_tt1p05v25c
Resistance     :   0.0015727
Capacitance    :   0.000312
Area           :   0.01
Slope          :   90.6464
Fanout   Length   Points Average Cap Std Deviation
--------------------------------------------------------------
     1    13.94
     2    31.80
     3    51.61
     4    73.61
     5    98.05
     6   125.17
     7   155.23
     8   188.46
     9   225.12
    10   265.45
    11   309.71
    12   358.13
    13   410.96
    14   468.46
    15   530.86
    16   598.42
    17   671.38
    18   749.98
    19   834.49
    20   925.13



Wire Loading Model Mode: enclosed.

Timing Ranges:

    No timing ranges specified.

Pin Input Delays:

    None specified.

Pin Output Delays:

    None specified.

Disabled Timing Arcs:

    No arcs disabled.

Required Licenses:

    None Required

Design Parameters:

    None specified.
1
