Warning: There are infeasible paths detected in your design that were ignored during optimization. Please run 'report_timing -attributes' and/or 'create_qor_snapshot/query_qor_snapshot -infeasible_paths' to identify these paths.  (OPT-1721)
 
****************************************
Report : qor
Design : vending_top
Version: X-2025.06-SP2
Date   : Fri Aug 21 14:49:52 2026
****************************************


  Timing Path Group 'clk'
  -----------------------------------
  Levels of Logic:               8.00
  Critical Path Length:          0.53
  Critical Path Slack:          -2.06
  Critical Path Clk Period:      2.00
  Total Negative Slack:       -133.77
  No. of Violating Paths:       73.00
  Worst Hold Violation:         -0.36
  Total Hold Violation:        -17.32
  No. of Hold Violations:       52.00
  -----------------------------------


  Cell Count
  -----------------------------------
  Hierarchical Cell Count:          5
  Hierarchical Port Count:        109
  Leaf Cell Count:                380
  Buf/Inv Cell Count:              86
  Buf Cell Count:                   7
  Inv Cell Count:                  79
  CT Buf/Inv Cell Count:            0
  Combinational Cell Count:       328
  Sequential Cell Count:           52
  Macro Count:                      0
  -----------------------------------


  Area
  -----------------------------------
  Combinational Area:      739.559047
  Noncombinational Area:   343.602699
  Buf/Inv Area:            116.397953
  Total Buffer Area:            14.23
  Total Inverter Area:         102.17
  Macro/Black Box Area:      0.000000
  Net Area:                176.283809
  -----------------------------------
  Cell Area:              1083.161746
  Design Area:            1259.445556


  Design Rules
  -----------------------------------
  Total Number of Nets:           426
  Nets With Violations:             0
  Max Trans Violations:             0
  Max Cap Violations:               0
  -----------------------------------


  Hostname: xmen29

  Compile CPU Statistics
  -----------------------------------------
  Resource Sharing:                    0.00
  Logic Optimization:                  0.01
  Mapping Optimization:                4.22
  -----------------------------------------
  Overall Compile Time:                5.08
  Overall Compile Wall Clock Time:     5.40

  --------------------------------------------------------------------

  Design  WNS: 2.06  TNS: 133.77  Number of Violating Paths: 73


  Design (Hold)  WNS: 0.36  TNS: 17.32  Number of Violating Paths: 52

  --------------------------------------------------------------------


1
