 
****************************************
Report : reference
Design : vending_top
Version: X-2025.06-SP2
Date   : Fri Aug 21 14:49:52 2026
****************************************

Attributes:
    b - black box (unknown)
   bo - allows boundary optimization
    d - dont_touch
   mo - map_only
    h - hierarchical
    n - noncombinational
    r - removable
    s - synthetic operator
    u - contains unmapped logic

Reference          Library       Unit Area   Count    Total Area   Attributes
-----------------------------------------------------------------------------
AND2X1_RVT         saed32rvt_tt1p05v25c
                                  2.033152       3      6.099456  
AO21X1_RVT         saed32rvt_tt1p05v25c
                                  2.541440       1      2.541440  
AO222X1_RVT        saed32rvt_tt1p05v25c
                                  3.303872       6     19.823233  
DFFX1_RVT          saed32rvt_tt1p05v25c
                                  6.607744       8     52.861954  n
INVX0_RVT          saed32rvt_tt1p05v25c
                                  1.270720      13     16.519360  
INVX1_RVT          saed32rvt_tt1p05v25c
                                  1.270720       2      2.541440  
NBUFFX2_RVT        saed32rvt_tt1p05v25c
                                  2.033152       1      2.033152  
NOR2X0_RVT         saed32rvt_tt1p05v25c
                                  2.541440       1      2.541440  
NOR2X4_RVT         saed32rvt_tt1p05v25c
                                  3.303872       1      3.303872  
OAI22X1_RVT        saed32rvt_tt1p05v25c
                                  3.049728       1      3.049728  
OAI222X1_RVT       saed32rvt_tt1p05v25c
                                  3.812160       1      3.812160  
OR2X1_RVT          saed32rvt_tt1p05v25c
                                  2.033152       5     10.165761  
OR3X1_RVT          saed32rvt_tt1p05v25c
                                  2.541440       2      5.082880  
comparator                       36.342593       1     36.342593  h
control_unit                    101.149314       1    101.149314  h, n
credit_reg                      235.845635       1    235.845635  h, n
memory                          524.553227       1    524.553227  h, n
subtractor                       54.895103       1     54.895103  h
-----------------------------------------------------------------------------
Total 18 references                                  1083.161746

****************************************
Design: comparator 
****************************************
Reference          Library       Unit Area   Count    Total Area   Attributes
-----------------------------------------------------------------------------
AO222X1_RVT        saed32rvt_tt1p05v25c
                                  3.303872       6     19.823233  
INVX0_RVT          saed32rvt_tt1p05v25c
                                  1.270720       7      8.895040  
NAND2X0_RVT        saed32rvt_tt1p05v25c
                                  1.524864       1      1.524864  
OA22X1_RVT         saed32rvt_tt1p05v25c
                                  2.541440       1      2.541440  
OR4X1_RVT          saed32rvt_tt1p05v25c
                                  3.558016       1      3.558016  
-----------------------------------------------------------------------------
Total 5 references                                     36.342593

****************************************
Design: control_unit 
****************************************
Reference          Library       Unit Area   Count    Total Area   Attributes
-----------------------------------------------------------------------------
AND2X1_RVT         saed32rvt_tt1p05v25c
                                  2.033152       3      6.099456  
AO22X1_RVT         saed32rvt_tt1p05v25c
                                  2.541440       1      2.541440  
AOI21X1_RVT        saed32rvt_tt1p05v25c
                                  3.049728       3      9.149184  
DFFX1_RVT          saed32rvt_tt1p05v25c
                                  6.607744       4     26.430977  n
INVX0_RVT          saed32rvt_tt1p05v25c
                                  1.270720       5      6.353600  
NAND2X0_RVT        saed32rvt_tt1p05v25c
                                  1.524864       3      4.574592  
NBUFFX2_RVT        saed32rvt_tt1p05v25c
                                  2.033152       1      2.033152  
NOR2X0_RVT         saed32rvt_tt1p05v25c
                                  2.541440       6     15.248640  
NOR2X1_RVT         saed32rvt_tt1p05v25c
                                  2.541440       1      2.541440  
NOR3X0_RVT         saed32rvt_tt1p05v25c
                                  2.795584       1      2.795584  
OA21X1_RVT         saed32rvt_tt1p05v25c
                                  2.541440       2      5.082880  
OAI21X2_RVT        saed32rvt_tt1p05v25c
                                  3.303872       1      3.303872  
OR2X1_RVT          saed32rvt_tt1p05v25c
                                  2.033152       5     10.165761  
OR2X2_RVT          saed32rvt_tt1p05v25c
                                  2.287296       1      2.287296  
OR3X1_RVT          saed32rvt_tt1p05v25c
                                  2.541440       1      2.541440  
-----------------------------------------------------------------------------
Total 15 references                                   101.149314

****************************************
Design: credit_reg 
****************************************
Reference          Library       Unit Area   Count    Total Area   Attributes
-----------------------------------------------------------------------------
AND2X1_RVT         saed32rvt_tt1p05v25c
                                  2.033152       2      4.066304  
AO21X1_RVT         saed32rvt_tt1p05v25c
                                  2.541440       3      7.624320  
AO22X1_RVT         saed32rvt_tt1p05v25c
                                  2.541440       2      5.082880  
AOI21X2_RVT        saed32rvt_tt1p05v25c
                                  3.303872       1      3.303872  
DFFX1_RVT          saed32rvt_tt1p05v25c
                                  6.607744       8     52.861954  n
INVX0_RVT          saed32rvt_tt1p05v25c
                                  1.270720      14     17.790080  
INVX1_RVT          saed32rvt_tt1p05v25c
                                  1.270720       4      5.082880  
NAND2X0_RVT        saed32rvt_tt1p05v25c
                                  1.524864      15     22.872959  
NAND2X4_RVT        saed32rvt_tt1p05v25c
                                  3.303872       1      3.303872  
NAND3X0_RVT        saed32rvt_tt1p05v25c
                                  1.779008       1      1.779008  
NBUFFX2_RVT        saed32rvt_tt1p05v25c
                                  2.033152       1      2.033152  
NOR2X0_RVT         saed32rvt_tt1p05v25c
                                  2.541440       8     20.331520  
NOR2X2_RVT         saed32rvt_tt1p05v25c
                                  2.795584       2      5.591168  
OA21X1_RVT         saed32rvt_tt1p05v25c
                                  2.541440       1      2.541440  
OA22X1_RVT         saed32rvt_tt1p05v25c
                                  2.541440       2      5.082880  
OAI21X2_RVT        saed32rvt_tt1p05v25c
                                  3.303872       3      9.911616  
OAI22X1_RVT        saed32rvt_tt1p05v25c
                                  3.049728       4     12.198912  
OR2X1_RVT          saed32rvt_tt1p05v25c
                                  2.033152      10     20.331521  
OR2X2_RVT          saed32rvt_tt1p05v25c
                                  2.287296       1      2.287296  
OR3X1_RVT          saed32rvt_tt1p05v25c
                                  2.541440       4     10.165760  
XNOR2X1_RVT        saed32rvt_tt1p05v25c
                                  4.320448       5     21.602240  
-----------------------------------------------------------------------------
Total 21 references                                   235.845635

****************************************
Design: memory 
****************************************
Reference          Library       Unit Area   Count    Total Area   Attributes
-----------------------------------------------------------------------------
AND2X1_RVT         saed32rvt_tt1p05v25c
                                  2.033152       7     14.232065  
AO21X1_RVT         saed32rvt_tt1p05v25c
                                  2.541440       3      7.624320  
AO22X1_RVT         saed32rvt_tt1p05v25c
                                  2.541440      11     27.955840  
AOI21X1_RVT        saed32rvt_tt1p05v25c
                                  3.049728       3      9.149184  
DFFX1_RVT          saed32rvt_tt1p05v25c
                                  6.607744      32    211.447815  n
IBUFFX4_RVT        saed32rvt_tt1p05v25c
                                  3.049728       1      3.049728  
INVX0_RVT          saed32rvt_tt1p05v25c
                                  1.270720      17     21.602240  
INVX1_RVT          saed32rvt_tt1p05v25c
                                  1.270720       3      3.812160  
MUX21X1_RVT        saed32rvt_tt1p05v25c
                                  3.303872      16     52.861954  
NAND2X0_RVT        saed32rvt_tt1p05v25c
                                  1.524864      11     16.773504  
NAND2X2_RVT        saed32rvt_tt1p05v25c
                                  2.795584       1      2.795584  
NAND3X0_RVT        saed32rvt_tt1p05v25c
                                  1.779008       1      1.779008  
NBUFFX2_RVT        saed32rvt_tt1p05v25c
                                  2.033152       4      8.132608  
NOR2X0_RVT         saed32rvt_tt1p05v25c
                                  2.541440      10     25.414400  
NOR2X2_RVT         saed32rvt_tt1p05v25c
                                  2.795584       3      8.386752  
NOR3X0_RVT         saed32rvt_tt1p05v25c
                                  2.795584       1      2.795584  
NOR4X1_RVT         saed32rvt_tt1p05v25c
                                  3.049728       2      6.099456  
OA22X1_RVT         saed32rvt_tt1p05v25c
                                  2.541440       2      5.082880  
OAI22X1_RVT        saed32rvt_tt1p05v25c
                                  3.049728       8     24.397823  
OR2X1_RVT          saed32rvt_tt1p05v25c
                                  2.033152      14     28.464129  
OR2X2_RVT          saed32rvt_tt1p05v25c
                                  2.287296      11     25.160257  
OR3X1_RVT          saed32rvt_tt1p05v25c
                                  2.541440       3      7.624320  
OR3X2_RVT          saed32rvt_tt1p05v25c
                                  2.541440       1      2.541440  
OR4X1_RVT          saed32rvt_tt1p05v25c
                                  3.558016       1      3.558016  
OR4X2_RVT          saed32rvt_tt1p05v25c
                                  3.812160       1      3.812160  
-----------------------------------------------------------------------------
Total 25 references                                   524.553227

****************************************
Design: subtractor 
****************************************
Reference          Library       Unit Area   Count    Total Area   Attributes
-----------------------------------------------------------------------------
AO21X1_RVT         saed32rvt_tt1p05v25c
                                  2.541440       1      2.541440  
FADDX1_RVT         saed32rvt_tt1p05v25c
                                  4.828736       6     28.972415  r
INVX0_RVT          saed32rvt_tt1p05v25c
                                  1.270720      13     16.519360  
NOR2X0_RVT         saed32rvt_tt1p05v25c
                                  2.541440       1      2.541440  
XOR2X1_RVT         saed32rvt_tt1p05v25c
                                  4.320448       1      4.320448  
-----------------------------------------------------------------------------
Total 5 references                                     54.895103
1
