Warning: There are infeasible paths detected in your design that were ignored during optimization. Please run 'report_timing -attributes' and/or 'create_qor_snapshot/query_qor_snapshot -infeasible_paths' to identify these paths.  (OPT-1721)
 
****************************************
Report : timing
        -path full
        -delay max
        -max_paths 10
Design : vending_top
Version: X-2025.06-SP2
Date   : Fri Aug 21 14:49:52 2026
****************************************

Operating Conditions: tt1p05v25c   Library: saed32rvt_tt1p05v25c
Wire Load Model Mode: enclosed

  Startpoint: sel_item[1]
              (input port clocked by clk)
  Endpoint: u_memory/mem_reg[1][3]
            (rising edge-triggered flip-flop clocked by clk)
  Path Group: clk
  Path Type: max

  Des/Clust/Port     Wire Load Model       Library
  ------------------------------------------------
  vending_top        8000                  saed32rvt_tt1p05v25c
  memory             8000                  saed32rvt_tt1p05v25c

  Point                                                   Incr       Path
  --------------------------------------------------------------------------
  clock clk (rise edge)                                   0.00       0.00
  clock network delay (ideal)                             0.00       0.00
  input external delay                                    3.00       3.00 f
  sel_item[1] (in)                                        0.01       3.01 f
  u_memory/addr[1] (memory)                               0.00       3.01 f
  u_memory/U71/Y (INVX0_RVT)                              0.04       3.06 r
  u_memory/U59/Y (NAND2X0_RVT)                            0.04       3.10 f
  u_memory/U82/Y (OAI22X1_RVT)                            0.08       3.17 r
  u_memory/U54/Y (OR4X2_RVT)                              0.08       3.25 r
  u_memory/U19/Y (NOR4X1_RVT)                             0.07       3.33 f
  u_memory/U69/Y (NOR2X2_RVT)                             0.06       3.39 r
  u_memory/U60/Y (OR2X2_RVT)                              0.05       3.45 r
  u_memory/U146/Y (MUX21X1_RVT)                           0.07       3.52 r
  u_memory/mem_reg[1][3]/D (DFFX1_RVT)                    0.01       3.53 r
  data arrival time                                                  3.53

  clock clk (rise edge)                                   2.00       2.00
  clock network delay (ideal)                             0.00       2.00
  clock uncertainty                                      -0.50       1.50
  u_memory/mem_reg[1][3]/CLK (DFFX1_RVT)                  0.00       1.50 r
  library setup time                                     -0.03       1.47
  data required time                                                 1.47
  --------------------------------------------------------------------------
  data required time                                                 1.47
  data arrival time                                                 -3.53
  --------------------------------------------------------------------------
  slack (VIOLATED)                                                  -2.06


  Startpoint: sel_item[1]
              (input port clocked by clk)
  Endpoint: u_memory/mem_reg[1][0]
            (rising edge-triggered flip-flop clocked by clk)
  Path Group: clk
  Path Type: max

  Des/Clust/Port     Wire Load Model       Library
  ------------------------------------------------
  vending_top        8000                  saed32rvt_tt1p05v25c
  memory             8000                  saed32rvt_tt1p05v25c

  Point                                                   Incr       Path
  --------------------------------------------------------------------------
  clock clk (rise edge)                                   0.00       0.00
  clock network delay (ideal)                             0.00       0.00
  input external delay                                    3.00       3.00 f
  sel_item[1] (in)                                        0.01       3.01 f
  u_memory/addr[1] (memory)                               0.00       3.01 f
  u_memory/U71/Y (INVX0_RVT)                              0.04       3.06 r
  u_memory/U59/Y (NAND2X0_RVT)                            0.04       3.10 f
  u_memory/U82/Y (OAI22X1_RVT)                            0.08       3.17 r
  u_memory/U54/Y (OR4X2_RVT)                              0.08       3.25 r
  u_memory/U19/Y (NOR4X1_RVT)                             0.07       3.33 f
  u_memory/U69/Y (NOR2X2_RVT)                             0.06       3.39 r
  u_memory/U60/Y (OR2X2_RVT)                              0.05       3.45 r
  u_memory/U143/Y (MUX21X1_RVT)                           0.07       3.52 r
  u_memory/mem_reg[1][0]/D (DFFX1_RVT)                    0.01       3.53 r
  data arrival time                                                  3.53

  clock clk (rise edge)                                   2.00       2.00
  clock network delay (ideal)                             0.00       2.00
  clock uncertainty                                      -0.50       1.50
  u_memory/mem_reg[1][0]/CLK (DFFX1_RVT)                  0.00       1.50 r
  library setup time                                     -0.03       1.47
  data required time                                                 1.47
  --------------------------------------------------------------------------
  data required time                                                 1.47
  data arrival time                                                 -3.53
  --------------------------------------------------------------------------
  slack (VIOLATED)                                                  -2.06


  Startpoint: sel_item[1]
              (input port clocked by clk)
  Endpoint: u_memory/mem_reg[1][4]
            (rising edge-triggered flip-flop clocked by clk)
  Path Group: clk
  Path Type: max

  Des/Clust/Port     Wire Load Model       Library
  ------------------------------------------------
  vending_top        8000                  saed32rvt_tt1p05v25c
  memory             8000                  saed32rvt_tt1p05v25c

  Point                                                   Incr       Path
  --------------------------------------------------------------------------
  clock clk (rise edge)                                   0.00       0.00
  clock network delay (ideal)                             0.00       0.00
  input external delay                                    3.00       3.00 f
  sel_item[1] (in)                                        0.01       3.01 f
  u_memory/addr[1] (memory)                               0.00       3.01 f
  u_memory/U71/Y (INVX0_RVT)                              0.04       3.06 r
  u_memory/U59/Y (NAND2X0_RVT)                            0.04       3.10 f
  u_memory/U82/Y (OAI22X1_RVT)                            0.08       3.17 r
  u_memory/U54/Y (OR4X2_RVT)                              0.08       3.25 r
  u_memory/U19/Y (NOR4X1_RVT)                             0.07       3.33 f
  u_memory/U69/Y (NOR2X2_RVT)                             0.06       3.39 r
  u_memory/U66/Y (OR2X2_RVT)                              0.05       3.44 r
  u_memory/U147/Y (MUX21X1_RVT)                           0.07       3.52 r
  u_memory/mem_reg[1][4]/D (DFFX1_RVT)                    0.01       3.53 r
  data arrival time                                                  3.53

  clock clk (rise edge)                                   2.00       2.00
  clock network delay (ideal)                             0.00       2.00
  clock uncertainty                                      -0.50       1.50
  u_memory/mem_reg[1][4]/CLK (DFFX1_RVT)                  0.00       1.50 r
  library setup time                                     -0.03       1.47
  data required time                                                 1.47
  --------------------------------------------------------------------------
  data required time                                                 1.47
  data arrival time                                                 -3.53
  --------------------------------------------------------------------------
  slack (VIOLATED)                                                  -2.06


  Startpoint: sel_item[1]
              (input port clocked by clk)
  Endpoint: u_memory/mem_reg[0][2]
            (rising edge-triggered flip-flop clocked by clk)
  Path Group: clk
  Path Type: max

  Des/Clust/Port     Wire Load Model       Library
  ------------------------------------------------
  vending_top        8000                  saed32rvt_tt1p05v25c
  memory             8000                  saed32rvt_tt1p05v25c

  Point                                                   Incr       Path
  --------------------------------------------------------------------------
  clock clk (rise edge)                                   0.00       0.00
  clock network delay (ideal)                             0.00       0.00
  input external delay                                    3.00       3.00 f
  sel_item[1] (in)                                        0.01       3.01 f
  u_memory/addr[1] (memory)                               0.00       3.01 f
  u_memory/U71/Y (INVX0_RVT)                              0.04       3.06 r
  u_memory/U59/Y (NAND2X0_RVT)                            0.04       3.10 f
  u_memory/U82/Y (OAI22X1_RVT)                            0.08       3.17 r
  u_memory/U54/Y (OR4X2_RVT)                              0.08       3.25 r
  u_memory/U19/Y (NOR4X1_RVT)                             0.07       3.33 f
  u_memory/U27/Y (OR2X2_RVT)                              0.05       3.37 f
  u_memory/U12/Y (NAND2X2_RVT)                            0.07       3.44 r
  u_memory/U149/Y (MUX21X1_RVT)                           0.08       3.52 r
  u_memory/mem_reg[0][2]/D (DFFX1_RVT)                    0.01       3.53 r
  data arrival time                                                  3.53

  clock clk (rise edge)                                   2.00       2.00
  clock network delay (ideal)                             0.00       2.00
  clock uncertainty                                      -0.50       1.50
  u_memory/mem_reg[0][2]/CLK (DFFX1_RVT)                  0.00       1.50 r
  library setup time                                     -0.03       1.47
  data required time                                                 1.47
  --------------------------------------------------------------------------
  data required time                                                 1.47
  data arrival time                                                 -3.53
  --------------------------------------------------------------------------
  slack (VIOLATED)                                                  -2.05


  Startpoint: sel_item[1]
              (input port clocked by clk)
  Endpoint: u_memory/mem_reg[0][0]
            (rising edge-triggered flip-flop clocked by clk)
  Path Group: clk
  Path Type: max

  Des/Clust/Port     Wire Load Model       Library
  ------------------------------------------------
  vending_top        8000                  saed32rvt_tt1p05v25c
  memory             8000                  saed32rvt_tt1p05v25c

  Point                                                   Incr       Path
  --------------------------------------------------------------------------
  clock clk (rise edge)                                   0.00       0.00
  clock network delay (ideal)                             0.00       0.00
  input external delay                                    3.00       3.00 f
  sel_item[1] (in)                                        0.01       3.01 f
  u_memory/addr[1] (memory)                               0.00       3.01 f
  u_memory/U71/Y (INVX0_RVT)                              0.04       3.06 r
  u_memory/U59/Y (NAND2X0_RVT)                            0.04       3.10 f
  u_memory/U82/Y (OAI22X1_RVT)                            0.08       3.17 r
  u_memory/U54/Y (OR4X2_RVT)                              0.08       3.25 r
  u_memory/U19/Y (NOR4X1_RVT)                             0.07       3.33 f
  u_memory/U27/Y (OR2X2_RVT)                              0.05       3.37 f
  u_memory/U12/Y (NAND2X2_RVT)                            0.07       3.44 r
  u_memory/U151/Y (MUX21X1_RVT)                           0.08       3.52 r
  u_memory/mem_reg[0][0]/D (DFFX1_RVT)                    0.01       3.53 r
  data arrival time                                                  3.53

  clock clk (rise edge)                                   2.00       2.00
  clock network delay (ideal)                             0.00       2.00
  clock uncertainty                                      -0.50       1.50
  u_memory/mem_reg[0][0]/CLK (DFFX1_RVT)                  0.00       1.50 r
  library setup time                                     -0.03       1.47
  data required time                                                 1.47
  --------------------------------------------------------------------------
  data required time                                                 1.47
  data arrival time                                                 -3.53
  --------------------------------------------------------------------------
  slack (VIOLATED)                                                  -2.05


  Startpoint: sel_item[1]
              (input port clocked by clk)
  Endpoint: u_memory/mem_reg[0][1]
            (rising edge-triggered flip-flop clocked by clk)
  Path Group: clk
  Path Type: max

  Des/Clust/Port     Wire Load Model       Library
  ------------------------------------------------
  vending_top        8000                  saed32rvt_tt1p05v25c
  memory             8000                  saed32rvt_tt1p05v25c

  Point                                                   Incr       Path
  --------------------------------------------------------------------------
  clock clk (rise edge)                                   0.00       0.00
  clock network delay (ideal)                             0.00       0.00
  input external delay                                    3.00       3.00 f
  sel_item[1] (in)                                        0.01       3.01 f
  u_memory/addr[1] (memory)                               0.00       3.01 f
  u_memory/U71/Y (INVX0_RVT)                              0.04       3.06 r
  u_memory/U59/Y (NAND2X0_RVT)                            0.04       3.10 f
  u_memory/U82/Y (OAI22X1_RVT)                            0.08       3.17 r
  u_memory/U54/Y (OR4X2_RVT)                              0.08       3.25 r
  u_memory/U19/Y (NOR4X1_RVT)                             0.07       3.33 f
  u_memory/U27/Y (OR2X2_RVT)                              0.05       3.37 f
  u_memory/U12/Y (NAND2X2_RVT)                            0.07       3.44 r
  u_memory/U148/Y (MUX21X1_RVT)                           0.08       3.52 r
  u_memory/mem_reg[0][1]/D (DFFX1_RVT)                    0.01       3.53 r
  data arrival time                                                  3.53

  clock clk (rise edge)                                   2.00       2.00
  clock network delay (ideal)                             0.00       2.00
  clock uncertainty                                      -0.50       1.50
  u_memory/mem_reg[0][1]/CLK (DFFX1_RVT)                  0.00       1.50 r
  library setup time                                     -0.03       1.47
  data required time                                                 1.47
  --------------------------------------------------------------------------
  data required time                                                 1.47
  data arrival time                                                 -3.53
  --------------------------------------------------------------------------
  slack (VIOLATED)                                                  -2.05


  Startpoint: sel_item[1]
              (input port clocked by clk)
  Endpoint: u_memory/mem_reg[0][4]
            (rising edge-triggered flip-flop clocked by clk)
  Path Group: clk
  Path Type: max

  Des/Clust/Port     Wire Load Model       Library
  ------------------------------------------------
  vending_top        8000                  saed32rvt_tt1p05v25c
  memory             8000                  saed32rvt_tt1p05v25c

  Point                                                   Incr       Path
  --------------------------------------------------------------------------
  clock clk (rise edge)                                   0.00       0.00
  clock network delay (ideal)                             0.00       0.00
  input external delay                                    3.00       3.00 f
  sel_item[1] (in)                                        0.01       3.01 f
  u_memory/addr[1] (memory)                               0.00       3.01 f
  u_memory/U71/Y (INVX0_RVT)                              0.04       3.06 r
  u_memory/U59/Y (NAND2X0_RVT)                            0.04       3.10 f
  u_memory/U82/Y (OAI22X1_RVT)                            0.08       3.17 r
  u_memory/U54/Y (OR4X2_RVT)                              0.08       3.25 r
  u_memory/U19/Y (NOR4X1_RVT)                             0.07       3.33 f
  u_memory/U27/Y (OR2X2_RVT)                              0.05       3.37 f
  u_memory/U12/Y (NAND2X2_RVT)                            0.07       3.44 r
  u_memory/U150/Y (MUX21X1_RVT)                           0.08       3.52 r
  u_memory/mem_reg[0][4]/D (DFFX1_RVT)                    0.01       3.53 r
  data arrival time                                                  3.53

  clock clk (rise edge)                                   2.00       2.00
  clock network delay (ideal)                             0.00       2.00
  clock uncertainty                                      -0.50       1.50
  u_memory/mem_reg[0][4]/CLK (DFFX1_RVT)                  0.00       1.50 r
  library setup time                                     -0.03       1.47
  data required time                                                 1.47
  --------------------------------------------------------------------------
  data required time                                                 1.47
  data arrival time                                                 -3.53
  --------------------------------------------------------------------------
  slack (VIOLATED)                                                  -2.05


  Startpoint: sel_item[1]
              (input port clocked by clk)
  Endpoint: u_memory/mem_reg[2][1]
            (rising edge-triggered flip-flop clocked by clk)
  Path Group: clk
  Path Type: max

  Des/Clust/Port     Wire Load Model       Library
  ------------------------------------------------
  vending_top        8000                  saed32rvt_tt1p05v25c
  memory             8000                  saed32rvt_tt1p05v25c

  Point                                                   Incr       Path
  --------------------------------------------------------------------------
  clock clk (rise edge)                                   0.00       0.00
  clock network delay (ideal)                             0.00       0.00
  input external delay                                    3.00       3.00 f
  sel_item[1] (in)                                        0.01       3.01 f
  u_memory/addr[1] (memory)                               0.00       3.01 f
  u_memory/U71/Y (INVX0_RVT)                              0.04       3.06 r
  u_memory/U59/Y (NAND2X0_RVT)                            0.04       3.10 f
  u_memory/U82/Y (OAI22X1_RVT)                            0.08       3.17 r
  u_memory/U54/Y (OR4X2_RVT)                              0.08       3.25 r
  u_memory/U18/Y (NOR4X1_RVT)                             0.07       3.32 f
  u_memory/U26/Y (NOR3X0_RVT)                             0.07       3.39 r
  u_memory/U67/Y (OR2X2_RVT)                              0.05       3.44 r
  u_memory/U140/Y (MUX21X1_RVT)                           0.07       3.52 r
  u_memory/mem_reg[2][1]/D (DFFX1_RVT)                    0.01       3.53 r
  data arrival time                                                  3.53

  clock clk (rise edge)                                   2.00       2.00
  clock network delay (ideal)                             0.00       2.00
  clock uncertainty                                      -0.50       1.50
  u_memory/mem_reg[2][1]/CLK (DFFX1_RVT)                  0.00       1.50 r
  library setup time                                     -0.03       1.47
  data required time                                                 1.47
  --------------------------------------------------------------------------
  data required time                                                 1.47
  data arrival time                                                 -3.53
  --------------------------------------------------------------------------
  slack (VIOLATED)                                                  -2.05


  Startpoint: sel_item[1]
              (input port clocked by clk)
  Endpoint: u_memory/mem_reg[2][0]
            (rising edge-triggered flip-flop clocked by clk)
  Path Group: clk
  Path Type: max

  Des/Clust/Port     Wire Load Model       Library
  ------------------------------------------------
  vending_top        8000                  saed32rvt_tt1p05v25c
  memory             8000                  saed32rvt_tt1p05v25c

  Point                                                   Incr       Path
  --------------------------------------------------------------------------
  clock clk (rise edge)                                   0.00       0.00
  clock network delay (ideal)                             0.00       0.00
  input external delay                                    3.00       3.00 f
  sel_item[1] (in)                                        0.01       3.01 f
  u_memory/addr[1] (memory)                               0.00       3.01 f
  u_memory/U71/Y (INVX0_RVT)                              0.04       3.06 r
  u_memory/U59/Y (NAND2X0_RVT)                            0.04       3.10 f
  u_memory/U82/Y (OAI22X1_RVT)                            0.08       3.17 r
  u_memory/U54/Y (OR4X2_RVT)                              0.08       3.25 r
  u_memory/U18/Y (NOR4X1_RVT)                             0.07       3.32 f
  u_memory/U26/Y (NOR3X0_RVT)                             0.07       3.39 r
  u_memory/U67/Y (OR2X2_RVT)                              0.05       3.44 r
  u_memory/U137/Y (MUX21X1_RVT)                           0.07       3.52 r
  u_memory/mem_reg[2][0]/D (DFFX1_RVT)                    0.01       3.53 r
  data arrival time                                                  3.53

  clock clk (rise edge)                                   2.00       2.00
  clock network delay (ideal)                             0.00       2.00
  clock uncertainty                                      -0.50       1.50
  u_memory/mem_reg[2][0]/CLK (DFFX1_RVT)                  0.00       1.50 r
  library setup time                                     -0.03       1.47
  data required time                                                 1.47
  --------------------------------------------------------------------------
  data required time                                                 1.47
  data arrival time                                                 -3.53
  --------------------------------------------------------------------------
  slack (VIOLATED)                                                  -2.05


  Startpoint: sel_item[1]
              (input port clocked by clk)
  Endpoint: u_memory/mem_reg[2][3]
            (rising edge-triggered flip-flop clocked by clk)
  Path Group: clk
  Path Type: max

  Des/Clust/Port     Wire Load Model       Library
  ------------------------------------------------
  vending_top        8000                  saed32rvt_tt1p05v25c
  memory             8000                  saed32rvt_tt1p05v25c

  Point                                                   Incr       Path
  --------------------------------------------------------------------------
  clock clk (rise edge)                                   0.00       0.00
  clock network delay (ideal)                             0.00       0.00
  input external delay                                    3.00       3.00 f
  sel_item[1] (in)                                        0.01       3.01 f
  u_memory/addr[1] (memory)                               0.00       3.01 f
  u_memory/U71/Y (INVX0_RVT)                              0.04       3.06 r
  u_memory/U59/Y (NAND2X0_RVT)                            0.04       3.10 f
  u_memory/U82/Y (OAI22X1_RVT)                            0.08       3.17 r
  u_memory/U54/Y (OR4X2_RVT)                              0.08       3.25 r
  u_memory/U18/Y (NOR4X1_RVT)                             0.07       3.32 f
  u_memory/U26/Y (NOR3X0_RVT)                             0.07       3.39 r
  u_memory/U20/Y (OR2X2_RVT)                              0.05       3.44 r
  u_memory/U142/Y (MUX21X1_RVT)                           0.07       3.52 r
  u_memory/mem_reg[2][3]/D (DFFX1_RVT)                    0.01       3.53 r
  data arrival time                                                  3.53

  clock clk (rise edge)                                   2.00       2.00
  clock network delay (ideal)                             0.00       2.00
  clock uncertainty                                      -0.50       1.50
  u_memory/mem_reg[2][3]/CLK (DFFX1_RVT)                  0.00       1.50 r
  library setup time                                     -0.03       1.47
  data required time                                                 1.47
  --------------------------------------------------------------------------
  data required time                                                 1.47
  data arrival time                                                 -3.53
  --------------------------------------------------------------------------
  slack (VIOLATED)                                                  -2.05


1
