Warning: There are infeasible paths detected in your design that were ignored during optimization. Please run 'report_timing -attributes' and/or 'create_qor_snapshot/query_qor_snapshot -infeasible_paths' to identify these paths.  (OPT-1721)
 
****************************************
Report : timing
        -path full
        -delay min
        -max_paths 10
Design : vending_top
Version: X-2025.06-SP2
Date   : Fri Aug 21 14:49:52 2026
****************************************

Operating Conditions: tt1p05v25c   Library: saed32rvt_tt1p05v25c
Wire Load Model Mode: enclosed

  Startpoint: change_out_reg[6]
              (rising edge-triggered flip-flop clocked by clk)
  Endpoint: change_out_reg[6]
            (rising edge-triggered flip-flop clocked by clk)
  Path Group: clk
  Path Type: min

  Des/Clust/Port     Wire Load Model       Library
  ------------------------------------------------
  vending_top        8000                  saed32rvt_tt1p05v25c

  Point                                    Incr       Path
  -----------------------------------------------------------
  clock clk (rise edge)                    0.00       0.00
  clock network delay (ideal)              0.00       0.00
  change_out_reg[6]/CLK (DFFX1_RVT)        0.00       0.00 r
  change_out_reg[6]/Q (DFFX1_RVT)          0.10       0.10 f
  U59/Y (AO222X1_RVT)                      0.04       0.14 f
  change_out_reg[6]/D (DFFX1_RVT)          0.01       0.15 f
  data arrival time                                   0.15

  clock clk (rise edge)                    0.00       0.00
  clock network delay (ideal)              0.00       0.00
  clock uncertainty                        0.50       0.50
  change_out_reg[6]/CLK (DFFX1_RVT)        0.00       0.50 r
  library hold time                        0.00       0.50
  data required time                                  0.50
  -----------------------------------------------------------
  data required time                                  0.50
  data arrival time                                  -0.15
  -----------------------------------------------------------
  slack (VIOLATED)                                   -0.36


  Startpoint: change_out_reg[5]
              (rising edge-triggered flip-flop clocked by clk)
  Endpoint: change_out_reg[5]
            (rising edge-triggered flip-flop clocked by clk)
  Path Group: clk
  Path Type: min

  Des/Clust/Port     Wire Load Model       Library
  ------------------------------------------------
  vending_top        8000                  saed32rvt_tt1p05v25c

  Point                                    Incr       Path
  -----------------------------------------------------------
  clock clk (rise edge)                    0.00       0.00
  clock network delay (ideal)              0.00       0.00
  change_out_reg[5]/CLK (DFFX1_RVT)        0.00       0.00 r
  change_out_reg[5]/Q (DFFX1_RVT)          0.10       0.10 f
  U58/Y (AO222X1_RVT)                      0.04       0.14 f
  change_out_reg[5]/D (DFFX1_RVT)          0.01       0.15 f
  data arrival time                                   0.15

  clock clk (rise edge)                    0.00       0.00
  clock network delay (ideal)              0.00       0.00
  clock uncertainty                        0.50       0.50
  change_out_reg[5]/CLK (DFFX1_RVT)        0.00       0.50 r
  library hold time                        0.00       0.50
  data required time                                  0.50
  -----------------------------------------------------------
  data required time                                  0.50
  data arrival time                                  -0.15
  -----------------------------------------------------------
  slack (VIOLATED)                                   -0.36


  Startpoint: change_out_reg[4]
              (rising edge-triggered flip-flop clocked by clk)
  Endpoint: change_out_reg[4]
            (rising edge-triggered flip-flop clocked by clk)
  Path Group: clk
  Path Type: min

  Des/Clust/Port     Wire Load Model       Library
  ------------------------------------------------
  vending_top        8000                  saed32rvt_tt1p05v25c

  Point                                    Incr       Path
  -----------------------------------------------------------
  clock clk (rise edge)                    0.00       0.00
  clock network delay (ideal)              0.00       0.00
  change_out_reg[4]/CLK (DFFX1_RVT)        0.00       0.00 r
  change_out_reg[4]/Q (DFFX1_RVT)          0.10       0.10 f
  U57/Y (AO222X1_RVT)                      0.04       0.14 f
  change_out_reg[4]/D (DFFX1_RVT)          0.01       0.15 f
  data arrival time                                   0.15

  clock clk (rise edge)                    0.00       0.00
  clock network delay (ideal)              0.00       0.00
  clock uncertainty                        0.50       0.50
  change_out_reg[4]/CLK (DFFX1_RVT)        0.00       0.50 r
  library hold time                        0.00       0.50
  data required time                                  0.50
  -----------------------------------------------------------
  data required time                                  0.50
  data arrival time                                  -0.15
  -----------------------------------------------------------
  slack (VIOLATED)                                   -0.36


  Startpoint: change_out_reg[3]
              (rising edge-triggered flip-flop clocked by clk)
  Endpoint: change_out_reg[3]
            (rising edge-triggered flip-flop clocked by clk)
  Path Group: clk
  Path Type: min

  Des/Clust/Port     Wire Load Model       Library
  ------------------------------------------------
  vending_top        8000                  saed32rvt_tt1p05v25c

  Point                                    Incr       Path
  -----------------------------------------------------------
  clock clk (rise edge)                    0.00       0.00
  clock network delay (ideal)              0.00       0.00
  change_out_reg[3]/CLK (DFFX1_RVT)        0.00       0.00 r
  change_out_reg[3]/Q (DFFX1_RVT)          0.10       0.10 f
  U56/Y (AO222X1_RVT)                      0.04       0.14 f
  change_out_reg[3]/D (DFFX1_RVT)          0.01       0.15 f
  data arrival time                                   0.15

  clock clk (rise edge)                    0.00       0.00
  clock network delay (ideal)              0.00       0.00
  clock uncertainty                        0.50       0.50
  change_out_reg[3]/CLK (DFFX1_RVT)        0.00       0.50 r
  library hold time                        0.00       0.50
  data required time                                  0.50
  -----------------------------------------------------------
  data required time                                  0.50
  data arrival time                                  -0.15
  -----------------------------------------------------------
  slack (VIOLATED)                                   -0.36


  Startpoint: change_out_reg[2]
              (rising edge-triggered flip-flop clocked by clk)
  Endpoint: change_out_reg[2]
            (rising edge-triggered flip-flop clocked by clk)
  Path Group: clk
  Path Type: min

  Des/Clust/Port     Wire Load Model       Library
  ------------------------------------------------
  vending_top        8000                  saed32rvt_tt1p05v25c

  Point                                    Incr       Path
  -----------------------------------------------------------
  clock clk (rise edge)                    0.00       0.00
  clock network delay (ideal)              0.00       0.00
  change_out_reg[2]/CLK (DFFX1_RVT)        0.00       0.00 r
  change_out_reg[2]/Q (DFFX1_RVT)          0.10       0.10 f
  U55/Y (AO222X1_RVT)                      0.04       0.14 f
  change_out_reg[2]/D (DFFX1_RVT)          0.01       0.15 f
  data arrival time                                   0.15

  clock clk (rise edge)                    0.00       0.00
  clock network delay (ideal)              0.00       0.00
  clock uncertainty                        0.50       0.50
  change_out_reg[2]/CLK (DFFX1_RVT)        0.00       0.50 r
  library hold time                        0.00       0.50
  data required time                                  0.50
  -----------------------------------------------------------
  data required time                                  0.50
  data arrival time                                  -0.15
  -----------------------------------------------------------
  slack (VIOLATED)                                   -0.36


  Startpoint: change_out_reg[1]
              (rising edge-triggered flip-flop clocked by clk)
  Endpoint: change_out_reg[1]
            (rising edge-triggered flip-flop clocked by clk)
  Path Group: clk
  Path Type: min

  Des/Clust/Port     Wire Load Model       Library
  ------------------------------------------------
  vending_top        8000                  saed32rvt_tt1p05v25c

  Point                                    Incr       Path
  -----------------------------------------------------------
  clock clk (rise edge)                    0.00       0.00
  clock network delay (ideal)              0.00       0.00
  change_out_reg[1]/CLK (DFFX1_RVT)        0.00       0.00 r
  change_out_reg[1]/Q (DFFX1_RVT)          0.10       0.10 f
  U54/Y (AO222X1_RVT)                      0.04       0.14 f
  change_out_reg[1]/D (DFFX1_RVT)          0.01       0.15 f
  data arrival time                                   0.15

  clock clk (rise edge)                    0.00       0.00
  clock network delay (ideal)              0.00       0.00
  clock uncertainty                        0.50       0.50
  change_out_reg[1]/CLK (DFFX1_RVT)        0.00       0.50 r
  library hold time                        0.00       0.50
  data required time                                  0.50
  -----------------------------------------------------------
  data required time                                  0.50
  data arrival time                                  -0.15
  -----------------------------------------------------------
  slack (VIOLATED)                                   -0.36


  Startpoint: u_credit_reg/credit_reg[4]
              (rising edge-triggered flip-flop clocked by clk)
  Endpoint: u_credit_reg/credit_reg[4]
            (rising edge-triggered flip-flop clocked by clk)
  Path Group: clk
  Path Type: min

  Des/Clust/Port     Wire Load Model       Library
  ------------------------------------------------
  vending_top        8000                  saed32rvt_tt1p05v25c
  credit_reg         8000                  saed32rvt_tt1p05v25c

  Point                                                   Incr       Path
  --------------------------------------------------------------------------
  clock clk (rise edge)                                   0.00       0.00
  clock network delay (ideal)                             0.00       0.00
  u_credit_reg/credit_reg[4]/CLK (DFFX1_RVT)              0.00       0.00 r
  u_credit_reg/credit_reg[4]/QN (DFFX1_RVT)               0.08       0.08 r
  u_credit_reg/U19/Y (OAI22X1_RVT)                        0.06       0.14 f
  u_credit_reg/credit_reg[4]/D (DFFX1_RVT)                0.01       0.15 f
  data arrival time                                                  0.15

  clock clk (rise edge)                                   0.00       0.00
  clock network delay (ideal)                             0.00       0.00
  clock uncertainty                                       0.50       0.50
  u_credit_reg/credit_reg[4]/CLK (DFFX1_RVT)              0.00       0.50 r
  library hold time                                       0.00       0.50
  data required time                                                 0.50
  --------------------------------------------------------------------------
  data required time                                                 0.50
  data arrival time                                                 -0.15
  --------------------------------------------------------------------------
  slack (VIOLATED)                                                  -0.35


  Startpoint: u_credit_reg/credit_reg[2]
              (rising edge-triggered flip-flop clocked by clk)
  Endpoint: u_credit_reg/credit_reg[2]
            (rising edge-triggered flip-flop clocked by clk)
  Path Group: clk
  Path Type: min

  Des/Clust/Port     Wire Load Model       Library
  ------------------------------------------------
  vending_top        8000                  saed32rvt_tt1p05v25c
  credit_reg         8000                  saed32rvt_tt1p05v25c

  Point                                                   Incr       Path
  --------------------------------------------------------------------------
  clock clk (rise edge)                                   0.00       0.00
  clock network delay (ideal)                             0.00       0.00
  u_credit_reg/credit_reg[2]/CLK (DFFX1_RVT)              0.00       0.00 r
  u_credit_reg/credit_reg[2]/QN (DFFX1_RVT)               0.08       0.08 r
  u_credit_reg/U13/Y (OAI22X1_RVT)                        0.06       0.14 f
  u_credit_reg/credit_reg[2]/D (DFFX1_RVT)                0.01       0.15 f
  data arrival time                                                  0.15

  clock clk (rise edge)                                   0.00       0.00
  clock network delay (ideal)                             0.00       0.00
  clock uncertainty                                       0.50       0.50
  u_credit_reg/credit_reg[2]/CLK (DFFX1_RVT)              0.00       0.50 r
  library hold time                                       0.00       0.50
  data required time                                                 0.50
  --------------------------------------------------------------------------
  data required time                                                 0.50
  data arrival time                                                 -0.15
  --------------------------------------------------------------------------
  slack (VIOLATED)                                                  -0.35


  Startpoint: u_credit_reg/credit_reg[1]
              (rising edge-triggered flip-flop clocked by clk)
  Endpoint: u_credit_reg/credit_reg[1]
            (rising edge-triggered flip-flop clocked by clk)
  Path Group: clk
  Path Type: min

  Des/Clust/Port     Wire Load Model       Library
  ------------------------------------------------
  vending_top        8000                  saed32rvt_tt1p05v25c
  credit_reg         8000                  saed32rvt_tt1p05v25c

  Point                                                   Incr       Path
  --------------------------------------------------------------------------
  clock clk (rise edge)                                   0.00       0.00
  clock network delay (ideal)                             0.00       0.00
  u_credit_reg/credit_reg[1]/CLK (DFFX1_RVT)              0.00       0.00 r
  u_credit_reg/credit_reg[1]/QN (DFFX1_RVT)               0.08       0.08 r
  u_credit_reg/U38/Y (OAI22X1_RVT)                        0.06       0.14 f
  u_credit_reg/credit_reg[1]/D (DFFX1_RVT)                0.01       0.15 f
  data arrival time                                                  0.15

  clock clk (rise edge)                                   0.00       0.00
  clock network delay (ideal)                             0.00       0.00
  clock uncertainty                                       0.50       0.50
  u_credit_reg/credit_reg[1]/CLK (DFFX1_RVT)              0.00       0.50 r
  library hold time                                       0.00       0.50
  data required time                                                 0.50
  --------------------------------------------------------------------------
  data required time                                                 0.50
  data arrival time                                                 -0.15
  --------------------------------------------------------------------------
  slack (VIOLATED)                                                  -0.35


  Startpoint: u_credit_reg/credit_reg[6]
              (rising edge-triggered flip-flop clocked by clk)
  Endpoint: u_credit_reg/credit_reg[6]
            (rising edge-triggered flip-flop clocked by clk)
  Path Group: clk
  Path Type: min

  Des/Clust/Port     Wire Load Model       Library
  ------------------------------------------------
  vending_top        8000                  saed32rvt_tt1p05v25c
  credit_reg         8000                  saed32rvt_tt1p05v25c

  Point                                                   Incr       Path
  --------------------------------------------------------------------------
  clock clk (rise edge)                                   0.00       0.00
  clock network delay (ideal)                             0.00       0.00
  u_credit_reg/credit_reg[6]/CLK (DFFX1_RVT)              0.00       0.00 r
  u_credit_reg/credit_reg[6]/QN (DFFX1_RVT)               0.08       0.08 r
  u_credit_reg/U21/Y (OAI22X1_RVT)                        0.06       0.14 f
  u_credit_reg/credit_reg[6]/D (DFFX1_RVT)                0.01       0.15 f
  data arrival time                                                  0.15

  clock clk (rise edge)                                   0.00       0.00
  clock network delay (ideal)                             0.00       0.00
  clock uncertainty                                       0.50       0.50
  u_credit_reg/credit_reg[6]/CLK (DFFX1_RVT)              0.00       0.50 r
  library hold time                                       0.00       0.50
  data required time                                                 0.50
  --------------------------------------------------------------------------
  data required time                                                 0.50
  data arrival time                                                 -0.15
  --------------------------------------------------------------------------
  slack (VIOLATED)                                                  -0.35


1
