Information: Propagating switching activity (low effort zero delay simulation). (PWR-6)
Warning: Design has unannotated primary inputs. (PWR-414)
Warning: Design has unannotated sequential cell outputs. (PWR-415)
 
****************************************
Report : power
        -analysis_effort low
Design : vending_top
Version: X-2025.06-SP2
Date   : Fri Aug 21 15:30:25 2026
****************************************


Library(s) Used:

    saed32rvt_tt1p05v25c (File: /home/xmen-aluno/Desktop/Vending_machine_formality/VendingMachine-10of10/synth/libs/saed32rvt_tt1p05v25c.db)


Operating Conditions: tt1p05v25c   Library: saed32rvt_tt1p05v25c
Wire Load Model Mode: enclosed

Design        Wire Load Model            Library
------------------------------------------------
vending_top            8000              saed32rvt_tt1p05v25c


Global Operating Voltage = 1.05 
Power-specific unit information :
    Voltage Units = 1V
    Capacitance Units = 1.000000ff
    Time Units = 1ns
    Dynamic Power Units = 1uW    (derived from V,C,T units)
    Leakage Power Units = 1pW


Attributes
----------
i - Including register clock pin internal power


  Cell Internal Power  =  18.3839 uW   (97%)
  Net Switching Power  = 653.9312 nW    (3%)
                         ---------
Total Dynamic Power    =  19.0378 uW  (100%)

Cell Leakage Power     =  80.6354 uW


                 Internal         Switching           Leakage            Total
Power Group      Power            Power               Power              Power   (   %    )  Attrs
--------------------------------------------------------------------------------------------------
io_pad             0.0000            0.0000            0.0000            0.0000  (   0.00%)
memory             0.0000            0.0000            0.0000            0.0000  (   0.00%)
black_box          0.0000            0.0000            0.0000            0.0000  (   0.00%)
clock_network     16.9398            0.0000            0.0000           16.9398  (  17.00%)  i
register           0.4298            0.1505        5.5153e+07           55.7334  (  55.92%)
sequential         0.0000            0.0000            0.0000            0.0000  (   0.00%)
combinational      1.0142            0.5035        2.5482e+07           26.9999  (  27.09%)
--------------------------------------------------------------------------------------------------
Total             18.3839 uW         0.6539 uW     8.0635e+07 pW        99.6732 uW
1
