 
****************************************
Report : area
Design : vending_top
Version: X-2025.06-SP2
Date   : Fri Aug 21 14:49:05 2026
****************************************

Information: Updating design information... (UID-85)
Library(s) Used:

    saed32rvt_tt1p05v25c (File: /home/xmen-aluno/Desktop/VendingMachine-10of10/synth/libs/saed32rvt_tt1p05v25c.db)

Number of ports:                          138
Number of nets:                           423
Number of cells:                          311
Number of combinational cells:            204
Number of sequential cells:                52
Number of macros/black boxes:               0
Number of buf/inv:                         54
Number of references:                      16

Combinational area:                481.094596
Buf/Inv area:                       69.889600
Noncombinational area:             370.033670
Macro/Black Box area:                0.000000
Net Interconnect area:             158.636479

Total cell area:                   851.128267
Total area:                       1009.764746

Hierarchical area distribution
------------------------------

                                  Global cell area          Local cell area
                                  ------------------  --------------------------- 
Hierarchical cell                 Absolute   Percent  Combi-    Noncombi-  Black-
                                  Total      Total    national  national   boxes   Design
--------------------------------  ---------  -------  --------  ---------  ------  ------------
vending_top                        851.1283    100.0   57.1824    56.9283  0.0000  vending_top
u_comparator                        36.3426      4.3   36.3426     0.0000  0.0000  comparator
u_control_unit                      76.7515      9.0   48.2874    28.4641  0.0000  control_unit
u_credit_reg                       161.6356     19.0  104.7073    56.9283  0.0000  credit_reg
u_memory                           407.3928     47.9  179.6798   227.7130  0.0000  memory
u_subtractor                        54.8951      6.4   54.8951     0.0000  0.0000  subtractor
--------------------------------  ---------  -------  --------  ---------  ------  ------------
Total                                                 481.0946   370.0337  0.0000

1
