 
****************************************
Report : area
Design : vending_top
Version: X-2025.06-SP2
Date   : Fri Aug 21 15:30:20 2026
****************************************

Information: Updating design information... (UID-85)
Library(s) Used:

    saed32rvt_tt1p05v25c (File: /home/xmen-aluno/Desktop/Vending_machine_formality/VendingMachine-10of10/synth/libs/saed32rvt_tt1p05v25c.db)

Number of ports:                          138
Number of nets:                           389
Number of cells:                          275
Number of combinational cells:            212
Number of sequential cells:                52
Number of macros/black boxes:               0
Number of buf/inv:                         55
Number of references:                      15

Combinational area:                498.122245
Buf/Inv area:                       70.652032
Noncombinational area:             344.110987
Macro/Black Box area:                0.000000
Net Interconnect area:             153.822805

Total cell area:                   842.233232
Total area:                        996.056037

Hierarchical area distribution
------------------------------

                                  Global cell area          Local cell area
                                  ------------------  --------------------------- 
Hierarchical cell                 Absolute   Percent  Combi-    Noncombi-  Black-
                                  Total      Total    national  national   boxes   Design
--------------------------------  ---------  -------  --------  ---------  ------  ------------
vending_top                        842.2332    100.0   51.5912    52.8620  0.0000  vending_top
u_comparator                        40.4089      4.8   40.4089     0.0000  0.0000  comparator
u_control_unit                      84.8841     10.1   57.9448    26.9393  0.0000  control_unit
u_credit_reg                       157.5693     18.7  104.7073    52.8620  0.0000  credit_reg
u_memory                           400.0227     47.5  188.5748   211.4478  0.0000  memory
u_subtractor                        54.8951      6.5   54.8951     0.0000  0.0000  subtractor
--------------------------------  ---------  -------  --------  ---------  ------  ------------
Total                                                 498.1222   344.1110  0.0000

1
