Information: Propagating switching activity (low effort zero delay simulation). (PWR-6)
Warning: Design has unannotated primary inputs. (PWR-414)
Warning: Design has unannotated sequential cell outputs. (PWR-415)
 
****************************************
Report : power
        -analysis_effort low
Design : vending_top
Version: X-2025.06-SP2
Date   : Fri Aug 21 15:30:20 2026
****************************************


Library(s) Used:

    saed32rvt_tt1p05v25c (File: /home/xmen-aluno/Desktop/Vending_machine_formality/VendingMachine-10of10/synth/libs/saed32rvt_tt1p05v25c.db)


Operating Conditions: tt1p05v25c   Library: saed32rvt_tt1p05v25c
Wire Load Model Mode: enclosed

Design        Wire Load Model            Library
------------------------------------------------
vending_top            8000              saed32rvt_tt1p05v25c
credit_reg             ForQA             saed32rvt_tt1p05v25c
memory                 8000              saed32rvt_tt1p05v25c
comparator             ForQA             saed32rvt_tt1p05v25c
subtractor             ForQA             saed32rvt_tt1p05v25c
control_unit           ForQA             saed32rvt_tt1p05v25c


Global Operating Voltage = 1.05 
Power-specific unit information :
    Voltage Units = 1V
    Capacitance Units = 1.000000ff
    Time Units = 1ns
    Dynamic Power Units = 1uW    (derived from V,C,T units)
    Leakage Power Units = 1pW


Attributes
----------
i - Including register clock pin internal power


  Cell Internal Power  =  18.6532 uW   (96%)
  Net Switching Power  = 776.6604 nW    (4%)
                         ---------
Total Dynamic Power    =  19.4298 uW  (100%)

Cell Leakage Power     =  88.7290 uW


                 Internal         Switching           Leakage            Total
Power Group      Power            Power               Power              Power   (   %    )  Attrs
--------------------------------------------------------------------------------------------------
io_pad             0.0000            0.0000            0.0000            0.0000  (   0.00%)
memory             0.0000            0.0000            0.0000            0.0000  (   0.00%)
black_box          0.0000            0.0000            0.0000            0.0000  (   0.00%)
clock_network     17.1492            0.0000            0.0000           17.1492  (  15.86%)  i
register           0.3466            0.1453        5.4685e+07           55.1770  (  51.01%)
sequential         0.0000            0.0000            0.0000            0.0000  (   0.00%)
combinational      1.1574            0.6313        3.4044e+07           35.8326  (  33.13%)
--------------------------------------------------------------------------------------------------
Total             18.6532 uW         0.7767 uW     8.8729e+07 pW       108.1588 uW
1
