 
****************************************
Report : power
        -analysis_effort low
Design : vending_top
Version: X-2025.06-SP2
Date   : Thu Jul  9 13:24:40 2026
****************************************


Library(s) Used:

    saed32rvt_tt1p05v25c (File: /home/xmen-aluno/Downloads/grupo_NN_vending/synth/libs/saed32rvt_tt1p05v25c.db)


Operating Conditions: tt1p05v25c   Library: saed32rvt_tt1p05v25c
Wire Load Model Mode: enclosed

Design        Wire Load Model            Library
------------------------------------------------
vending_top            8000              saed32rvt_tt1p05v25c


Global Operating Voltage = 1.05 
Power-specific unit information :
    Voltage Units = 1V
    Capacitance Units = 1.000000ff
    Time Units = 1ns
    Dynamic Power Units = 1uW    (derived from V,C,T units)
    Leakage Power Units = 1pW


Attributes
----------
i - Including register clock pin internal power


  Cell Internal Power  =  23.4808 uW   (97%)
  Net Switching Power  = 710.4598 nW    (3%)
                         ---------
Total Dynamic Power    =  24.1913 uW  (100%)

Cell Leakage Power     =  78.8315 uW


                 Internal         Switching           Leakage            Total
Power Group      Power            Power               Power              Power   (   %    )  Attrs
--------------------------------------------------------------------------------------------------
io_pad             0.0000            0.0000            0.0000            0.0000  (   0.00%)
memory             0.0000            0.0000            0.0000            0.0000  (   0.00%)
black_box          0.0000            0.0000            0.0000            0.0000  (   0.00%)
clock_network     22.3092            0.0000            0.0000           22.3092  (  21.65%)  i
register           0.2276            0.1523        5.2403e+07           52.7824  (  51.23%)
sequential         0.0000            0.0000            0.0000            0.0000  (   0.00%)
combinational      0.9441            0.5582        2.6429e+07           27.9313  (  27.11%)
--------------------------------------------------------------------------------------------------
Total             23.4808 uW         0.7105 uW     7.8832e+07 pW       103.0228 uW
1
