 
****************************************
Report : area
Design : vending_top
Version: X-2025.06-SP2
Date   : Thu Jul  9 13:24:35 2026
****************************************

Information: Updating design information... (UID-85)
Library(s) Used:

    saed32rvt_tt1p05v25c (File: /home/xmen-aluno/Downloads/grupo_NN_vending/synth/libs/saed32rvt_tt1p05v25c.db)

Number of ports:                          138
Number of nets:                           488
Number of cells:                          346
Number of combinational cells:            283
Number of sequential cells:                58
Number of macros/black boxes:               0
Number of buf/inv:                         75
Number of references:                      14

Combinational area:                652.133507
Buf/Inv area:                      102.674177
Noncombinational area:             391.381771
Macro/Black Box area:                0.000000
Net Interconnect area:             178.372522

Total cell area:                  1043.515279
Total area:                       1221.887801

Hierarchical area distribution
------------------------------

                                  Global cell area          Local cell area
                                  ------------------  --------------------------- 
Hierarchical cell                 Absolute   Percent  Combi-    Noncombi-  Black-
                                  Total      Total    national  national   boxes   Design
--------------------------------  ---------  -------  --------  ---------  ------  ------------
vending_top                       1043.5153    100.0   55.6575    52.8620  0.0000  vending_top
u_comparator                        41.9338      4.0   41.9338     0.0000  0.0000  comparator
u_control_unit                      98.0996      9.4   71.6686    26.4310  0.0000  control_unit
u_credit_reg                       137.2378     13.2   84.3758    52.8620  0.0000  credit_reg
u_memory                           602.8296     57.8  343.6027   259.2269  0.0000  memory
u_subtractor                        54.8951      5.3   54.8951     0.0000  0.0000  subtractor
--------------------------------  ---------  -------  --------  ---------  ------  ------------
Total                                                 652.1335   391.3818  0.0000

1
