Warning: There are infeasible paths detected in your design that were ignored during optimization. Please run 'report_timing -attributes' and/or 'create_qor_snapshot/query_qor_snapshot -infeasible_paths' to identify these paths.  (OPT-1721)
 
****************************************
Report : constraint
        -all_violators
Design : vending_top
Version: X-2025.06-SP2
Date   : Thu Jul  9 13:24:35 2026
****************************************


   max_delay/setup ('clk' group)

                             Required        Actual
   Endpoint                 Path Delay     Path Delay        Slack
   -----------------------------------------------------------------
   u_credit_reg/credit_reg[7]/D
                                1.48           3.87 f        -2.39  (VIOLATED)
   u_credit_reg/credit_reg[6]/D
                                1.48           3.85 f        -2.38  (VIOLATED)
   u_credit_reg/credit_reg[5]/D
                                1.48           3.73 f        -2.25  (VIOLATED)
   u_credit_reg/credit_reg[4]/D
                                1.48           3.64 f        -2.16  (VIOLATED)
   u_memory/mem_reg[1][0]/D     1.47           3.60 r        -2.13  (VIOLATED)
   u_memory/mem_reg[3][5]/D     1.47           3.60 r        -2.13  (VIOLATED)
   u_memory/mem_reg[3][4]/D     1.47           3.60 r        -2.13  (VIOLATED)
   u_memory/mem_reg[3][1]/D     1.47           3.60 r        -2.13  (VIOLATED)
   u_memory/mem_reg[2][0]/D     1.47           3.60 r        -2.13  (VIOLATED)
   u_memory/mem_reg[0][3]/D     1.47           3.60 r        -2.13  (VIOLATED)
   u_memory/mem_reg[2][3]/D     1.47           3.60 r        -2.13  (VIOLATED)
   u_memory/mem_reg[3][3]/D     1.47           3.60 r        -2.13  (VIOLATED)
   u_memory/mem_reg[1][3]/D     1.47           3.60 r        -2.13  (VIOLATED)
   u_memory/mem_reg[1][5]/D     1.47           3.59 r        -2.12  (VIOLATED)
   u_memory/mem_reg[1][2]/D     1.47           3.59 r        -2.12  (VIOLATED)
   u_memory/mem_reg[2][5]/D     1.47           3.59 r        -2.12  (VIOLATED)
   u_memory/mem_reg[2][1]/D     1.47           3.59 r        -2.12  (VIOLATED)
   u_memory/mem_reg[0][0]/D     1.47           3.59 r        -2.12  (VIOLATED)
   u_memory/mem_reg[0][1]/D     1.47           3.59 r        -2.12  (VIOLATED)
   u_memory/mem_reg[1][1]/D     1.47           3.59 r        -2.12  (VIOLATED)
   u_memory/mem_reg[1][4]/D     1.47           3.59 r        -2.12  (VIOLATED)
   u_memory/mem_reg[0][4]/D     1.47           3.58 r        -2.12  (VIOLATED)
   u_memory/mem_reg[2][4]/D     1.47           3.58 r        -2.11  (VIOLATED)
   u_memory/mem_reg[2][2]/D     1.47           3.58 r        -2.11  (VIOLATED)
   u_memory/mem_reg[0][5]/D     1.47           3.57 r        -2.10  (VIOLATED)
   u_memory/mem_reg[0][2]/D     1.47           3.57 r        -2.10  (VIOLATED)
   u_memory/mem_reg[3][2]/D     1.47           3.56 r        -2.09  (VIOLATED)
   u_memory/mem_reg[3][0]/D     1.47           3.55 r        -2.08  (VIOLATED)
   u_credit_reg/credit_reg[3]/D
                                1.48           3.55 f        -2.08  (VIOLATED)
   u_credit_reg/credit_reg[2]/D
                                1.48           3.47 f        -1.99  (VIOLATED)
   u_credit_reg/credit_reg[0]/D
                                1.47           3.40 r        -1.93  (VIOLATED)
   u_memory/stock_reg[5]/D      1.47           3.39 r        -1.92  (VIOLATED)
   u_credit_reg/credit_reg[1]/D
                                1.47           3.38 r        -1.91  (VIOLATED)
   u_memory/stock_reg[0]/D      1.47           3.37 r        -1.90  (VIOLATED)
   u_memory/stock_reg[1]/D      1.47           3.36 r        -1.89  (VIOLATED)
   u_memory/stock_reg[4]/D      1.47           3.35 r        -1.88  (VIOLATED)
   u_memory/price_reg[2]/D      1.47           3.34 r        -1.87  (VIOLATED)
   u_memory/stock_reg[2]/D      1.47           3.34 r        -1.87  (VIOLATED)
   u_memory/stock_reg[3]/D      1.47           3.33 r        -1.86  (VIOLATED)
   u_memory/price_reg[0]/D      1.47           3.32 r        -1.86  (VIOLATED)
   u_memory/price_reg[3]/D      1.47           3.32 r        -1.86  (VIOLATED)
   u_memory/price_reg[1]/D      1.47           3.32 r        -1.86  (VIOLATED)
   u_memory/price_reg[5]/D      1.47           3.32 r        -1.85  (VIOLATED)
   u_memory/price_reg[6]/D      1.47           3.32 r        -1.85  (VIOLATED)
   u_memory/price_reg[4]/D      1.47           3.32 r        -1.85  (VIOLATED)
   u_memory/stock_reg[6]/D      1.47           3.31 r        -1.84  (VIOLATED)
   u_control_unit/current_state_reg[1]/D
                                1.47           3.29 r        -1.82  (VIOLATED)
   change_out_reg[0]/D          1.47           3.27 r        -1.80  (VIOLATED)
   change_out_reg[7]/D          1.47           3.27 r        -1.80  (VIOLATED)
   change_out_reg[6]/D          1.47           3.27 r        -1.80  (VIOLATED)
   change_out_reg[1]/D          1.47           3.27 r        -1.80  (VIOLATED)
   change_out_reg[2]/D          1.47           3.27 r        -1.80  (VIOLATED)
   change_out_reg[3]/D          1.47           3.27 r        -1.80  (VIOLATED)
   change_out_reg[4]/D          1.47           3.27 r        -1.80  (VIOLATED)
   change_out_reg[5]/D          1.47           3.27 r        -1.80  (VIOLATED)
   error                       -1.50           0.27 f        -1.77  (VIOLATED)
   u_control_unit/current_state_reg[0]/D
                                1.48           3.25 f        -1.77  (VIOLATED)
   dispense                    -1.50           0.24 r        -1.74  (VIOLATED)
   u_control_unit/check_wait_reg/D
                                1.47           3.18 r        -1.71  (VIOLATED)
   u_control_unit/current_state_reg[2]/D
                                1.47           3.18 r        -1.71  (VIOLATED)
   display[6]                  -1.50           0.10 f        -1.60  (VIOLATED)
   display[1]                  -1.50           0.10 f        -1.60  (VIOLATED)
   display[2]                  -1.50           0.10 f        -1.60  (VIOLATED)
   display[3]                  -1.50           0.10 f        -1.60  (VIOLATED)
   display[4]                  -1.50           0.10 f        -1.60  (VIOLATED)
   display[5]                  -1.50           0.10 f        -1.60  (VIOLATED)
   display[0]                  -1.50           0.10 f        -1.60  (VIOLATED)
   state_out[2]                -1.50           0.10 f        -1.60  (VIOLATED)
   state_out[1]                -1.50           0.10 f        -1.60  (VIOLATED)
   display[7]                  -1.50           0.10 f        -1.60  (VIOLATED)
   state_out[0]                -1.50           0.10 f        -1.60  (VIOLATED)
   change_out[1]               -1.50           0.08 f        -1.58  (VIOLATED)
   change_out[2]               -1.50           0.08 f        -1.58  (VIOLATED)
   change_out[3]               -1.50           0.08 f        -1.58  (VIOLATED)
   change_out[4]               -1.50           0.08 f        -1.58  (VIOLATED)
   change_out[5]               -1.50           0.08 f        -1.58  (VIOLATED)
   change_out[6]               -1.50           0.08 f        -1.58  (VIOLATED)
   change_out[7]               -1.50           0.08 f        -1.58  (VIOLATED)
   change_out[0]               -1.50           0.08 f        -1.58  (VIOLATED)


   min_delay/hold ('clk' group)

                             Required        Actual
   Endpoint                 Path Delay     Path Delay        Slack
   -----------------------------------------------------------------
   change_out_reg[1]/D          0.49           0.13 f        -0.36  (VIOLATED)
   change_out_reg[2]/D          0.49           0.13 f        -0.36  (VIOLATED)
   change_out_reg[3]/D          0.49           0.13 f        -0.36  (VIOLATED)
   change_out_reg[4]/D          0.49           0.13 f        -0.36  (VIOLATED)
   change_out_reg[5]/D          0.49           0.13 f        -0.36  (VIOLATED)
   change_out_reg[6]/D          0.49           0.13 f        -0.36  (VIOLATED)
   change_out_reg[7]/D          0.49           0.13 f        -0.36  (VIOLATED)
   u_memory/stock_reg[6]/D      0.49           0.13 f        -0.36  (VIOLATED)
   u_memory/mem_reg[1][1]/D     0.49           0.13 f        -0.36  (VIOLATED)
   u_memory/mem_reg[3][0]/D     0.49           0.13 f        -0.36  (VIOLATED)
   u_memory/mem_reg[1][4]/D     0.49           0.13 f        -0.36  (VIOLATED)
   u_memory/mem_reg[2][4]/D     0.49           0.14 f        -0.36  (VIOLATED)
   u_memory/mem_reg[0][1]/D     0.49           0.14 f        -0.36  (VIOLATED)
   u_memory/mem_reg[0][4]/D     0.49           0.14 f        -0.36  (VIOLATED)
   u_memory/mem_reg[1][5]/D     0.49           0.14 f        -0.36  (VIOLATED)
   u_credit_reg/credit_reg[7]/D
                                0.49           0.14 f        -0.36  (VIOLATED)
   u_credit_reg/credit_reg[2]/D
                                0.49           0.14 f        -0.36  (VIOLATED)
   u_credit_reg/credit_reg[3]/D
                                0.49           0.14 f        -0.36  (VIOLATED)
   u_credit_reg/credit_reg[1]/D
                                0.49           0.14 f        -0.36  (VIOLATED)
   u_credit_reg/credit_reg[4]/D
                                0.49           0.14 f        -0.36  (VIOLATED)
   u_credit_reg/credit_reg[5]/D
                                0.49           0.14 f        -0.36  (VIOLATED)
   u_memory/mem_reg[1][2]/D     0.49           0.14 f        -0.36  (VIOLATED)
   u_memory/stock_reg[5]/D      0.49           0.14 f        -0.36  (VIOLATED)
   u_memory/stock_reg[1]/D      0.49           0.14 f        -0.36  (VIOLATED)
   u_memory/stock_reg[4]/D      0.49           0.14 f        -0.36  (VIOLATED)
   u_memory/stock_reg[0]/D      0.49           0.14 f        -0.35  (VIOLATED)
   u_memory/stock_reg[2]/D      0.49           0.14 f        -0.35  (VIOLATED)
   u_memory/stock_reg[3]/D      0.49           0.14 f        -0.35  (VIOLATED)
   u_memory/mem_reg[3][2]/D     0.49           0.14 f        -0.35  (VIOLATED)
   u_memory/mem_reg[3][4]/D     0.49           0.14 f        -0.35  (VIOLATED)
   u_memory/mem_reg[3][3]/D     0.49           0.14 f        -0.35  (VIOLATED)
   u_memory/mem_reg[1][3]/D     0.49           0.14 f        -0.35  (VIOLATED)
   u_memory/price_reg[0]/D      0.49           0.14 f        -0.35  (VIOLATED)
   u_memory/mem_reg[2][3]/D     0.49           0.14 f        -0.35  (VIOLATED)
   u_memory/mem_reg[0][3]/D     0.49           0.14 f        -0.35  (VIOLATED)
   u_memory/price_reg[5]/D      0.49           0.14 f        -0.35  (VIOLATED)
   change_out_reg[0]/D          0.49           0.14 f        -0.35  (VIOLATED)
   u_memory/mem_reg[3][1]/D     0.49           0.15 f        -0.35  (VIOLATED)
   u_memory/mem_reg[3][5]/D     0.49           0.15 f        -0.35  (VIOLATED)
   u_memory/mem_reg[2][5]/D     0.49           0.15 f        -0.35  (VIOLATED)
   u_memory/mem_reg[2][2]/D     0.49           0.15 f        -0.35  (VIOLATED)
   u_memory/mem_reg[2][1]/D     0.49           0.15 f        -0.35  (VIOLATED)
   u_memory/mem_reg[0][5]/D     0.49           0.15 f        -0.35  (VIOLATED)
   u_memory/mem_reg[0][2]/D     0.49           0.15 f        -0.35  (VIOLATED)
   u_memory/price_reg[2]/D      0.49           0.15 f        -0.34  (VIOLATED)
   u_memory/price_reg[3]/D      0.49           0.15 f        -0.34  (VIOLATED)
   u_memory/price_reg[6]/D      0.49           0.15 f        -0.34  (VIOLATED)
   u_memory/price_reg[1]/D      0.49           0.15 f        -0.34  (VIOLATED)
   u_memory/price_reg[4]/D      0.49           0.16 f        -0.34  (VIOLATED)
   u_credit_reg/credit_reg[0]/D
                                0.49           0.16 f        -0.33  (VIOLATED)
   u_memory/mem_reg[1][0]/D     0.49           0.16 r        -0.33  (VIOLATED)
   u_memory/mem_reg[2][0]/D     0.49           0.17 r        -0.33  (VIOLATED)
   u_credit_reg/credit_reg[6]/D
                                0.49           0.17 f        -0.33  (VIOLATED)
   u_memory/mem_reg[0][0]/D     0.49           0.19 f        -0.30  (VIOLATED)
   u_control_unit/check_wait_reg/D
                                0.49           0.19 f        -0.30  (VIOLATED)
   u_control_unit/current_state_reg[2]/D
                                0.49           0.20 f        -0.29  (VIOLATED)
   u_control_unit/current_state_reg[0]/D
                                0.49           0.21 f        -0.29  (VIOLATED)
   u_control_unit/current_state_reg[1]/D
                                0.49           0.27 f        -0.23  (VIOLATED)


1
