 
****************************************
Report : power
        -analysis_effort low
Design : vending_top
Version: X-2025.06-SP2
Date   : Thu Jul  9 13:24:35 2026
****************************************


Library(s) Used:

    saed32rvt_tt1p05v25c (File: /home/xmen-aluno/Downloads/grupo_NN_vending/synth/libs/saed32rvt_tt1p05v25c.db)


Operating Conditions: tt1p05v25c   Library: saed32rvt_tt1p05v25c
Wire Load Model Mode: enclosed

Design        Wire Load Model            Library
------------------------------------------------
vending_top            8000              saed32rvt_tt1p05v25c
credit_reg             ForQA             saed32rvt_tt1p05v25c
memory                 8000              saed32rvt_tt1p05v25c
comparator             ForQA             saed32rvt_tt1p05v25c
subtractor             ForQA             saed32rvt_tt1p05v25c
control_unit           ForQA             saed32rvt_tt1p05v25c


Global Operating Voltage = 1.05 
Power-specific unit information :
    Voltage Units = 1V
    Capacitance Units = 1.000000ff
    Time Units = 1ns
    Dynamic Power Units = 1uW    (derived from V,C,T units)
    Leakage Power Units = 1pW


Attributes
----------
i - Including register clock pin internal power


  Cell Internal Power  = 206.9506 uW   (96%)
  Net Switching Power  =   8.2991 uW    (4%)
                         ---------
Total Dynamic Power    = 215.2498 uW  (100%)

Cell Leakage Power     = 117.7080 uW


                 Internal         Switching           Leakage            Total
Power Group      Power            Power               Power              Power   (   %    )  Attrs
--------------------------------------------------------------------------------------------------
io_pad             0.0000            0.0000            0.0000            0.0000  (   0.00%)
memory             0.0000            0.0000            0.0000            0.0000  (   0.00%)
black_box          0.0000            0.0000            0.0000            0.0000  (   0.00%)
clock_network    188.9876            0.0000            0.0000          188.9876  (  56.76%)  i
register           3.4112            1.3774        6.5333e+07           70.1213  (  21.06%)
sequential         0.0000            0.0000            0.0000            0.0000  (   0.00%)
combinational     14.5518            6.9218        5.2375e+07           73.8488  (  22.18%)
--------------------------------------------------------------------------------------------------
Total            206.9506 uW         8.2991 uW     1.1771e+08 pW       332.9577 uW
1
