Warning: There are infeasible paths detected in your design that were ignored during optimization. Please run 'report_timing -attributes' and/or 'create_qor_snapshot/query_qor_snapshot -infeasible_paths' to identify these paths.  (OPT-1721)
 
****************************************
Report : qor
Design : vending_top
Version: X-2025.06-SP2
Date   : Thu Jul  9 13:24:35 2026
****************************************


  Timing Path Group 'clk'
  -----------------------------------
  Levels of Logic:              12.00
  Critical Path Length:          0.87
  Critical Path Slack:          -2.39
  Critical Path Clk Period:      2.00
  Total Negative Slack:       -149.29
  No. of Violating Paths:       79.00
  Worst Hold Violation:         -0.36
  Total Hold Violation:        -20.05
  No. of Hold Violations:       58.00
  -----------------------------------


  Cell Count
  -----------------------------------
  Hierarchical Cell Count:          5
  Hierarchical Port Count:        109
  Leaf Cell Count:                341
  Buf/Inv Cell Count:              75
  Buf Cell Count:                   7
  Inv Cell Count:                  68
  CT Buf/Inv Cell Count:            0
  Combinational Cell Count:       283
  Sequential Cell Count:           58
  Macro Count:                      0
  -----------------------------------


  Area
  -----------------------------------
  Combinational Area:      652.133507
  Noncombinational Area:   391.381771
  Buf/Inv Area:            102.674177
  Total Buffer Area:            16.01
  Total Inverter Area:          86.66
  Macro/Black Box Area:      0.000000
  Net Area:                178.372522
  -----------------------------------
  Cell Area:              1043.515279
  Design Area:            1221.887801


  Design Rules
  -----------------------------------
  Total Number of Nets:           389
  Nets With Violations:             0
  Max Trans Violations:             0
  Max Cap Violations:               0
  -----------------------------------


  Hostname: xmen25

  Compile CPU Statistics
  -----------------------------------------
  Resource Sharing:                    0.06
  Logic Optimization:                  1.26
  Mapping Optimization:                2.54
  -----------------------------------------
  Overall Compile Time:                5.67
  Overall Compile Wall Clock Time:     5.99

  --------------------------------------------------------------------

  Design  WNS: 2.39  TNS: 149.29  Number of Violating Paths: 79


  Design (Hold)  WNS: 0.36  TNS: 20.05  Number of Violating Paths: 58

  --------------------------------------------------------------------


1
