 
****************************************
Report : power
        -analysis_effort low
Design : vending_top
Version: X-2025.06-SP2
Date   : Fri Aug 21 14:55:32 2026
****************************************


Library(s) Used:

    saed32rvt_tt1p05v25c (File: /home/xmen-aluno/Desktop/VendingMachine-10of10/synth/libs/saed32rvt_tt1p05v25c.db)


Operating Conditions: tt1p05v25c   Library: saed32rvt_tt1p05v25c
Wire Load Model Mode: enclosed

Design        Wire Load Model            Library
------------------------------------------------
vending_top            8000              saed32rvt_tt1p05v25c


Global Operating Voltage = 1.05 
Power-specific unit information :
    Voltage Units = 1V
    Capacitance Units = 1.000000ff
    Time Units = 1ns
    Dynamic Power Units = 1uW    (derived from V,C,T units)
    Leakage Power Units = 1pW


Attributes
----------
i - Including register clock pin internal power


  Cell Internal Power  =  41.8194 uW   (98%)
  Net Switching Power  = 894.6826 nW    (2%)
                         ---------
Total Dynamic Power    =  42.7141 uW  (100%)

Cell Leakage Power     =  75.0674 uW


                 Internal         Switching           Leakage            Total
Power Group      Power            Power               Power              Power   (   %    )  Attrs
--------------------------------------------------------------------------------------------------
io_pad             0.0000            0.0000            0.0000            0.0000  (   0.00%)
memory             0.0000            0.0000            0.0000            0.0000  (   0.00%)
black_box          0.0000            0.0000            0.0000            0.0000  (   0.00%)
clock_network     40.4430            0.0000            0.0000           40.4430  (  34.34%)  i
register       8.9169e-02            0.1904        4.9455e+07           49.7348  (  42.23%)
sequential         0.0000            0.0000            0.0000            0.0000  (   0.00%)
combinational      1.2873            0.7042        2.5612e+07           27.6037  (  23.44%)
--------------------------------------------------------------------------------------------------
Total             41.8194 uW         0.8947 uW     7.5067e+07 pW       117.7815 uW
1
