 
****************************************
Report : qor
Design : vending_top
Version: X-2025.06-SP2
Date   : Thu Jul  9 13:24:00 2026
****************************************


  Timing Path Group 'clk'
  -----------------------------------
  Levels of Logic:              13.00
  Critical Path Length:          0.96
  Critical Path Slack:          15.52
  Critical Path Clk Period:     20.00
  Total Negative Slack:          0.00
  No. of Violating Paths:        0.00
  Worst Hold Violation:         -0.36
  Total Hold Violation:        -17.78
  No. of Hold Violations:       52.00
  -----------------------------------


  Cell Count
  -----------------------------------
  Hierarchical Cell Count:          5
  Hierarchical Port Count:        109
  Leaf Cell Count:                265
  Buf/Inv Cell Count:              56
  Buf Cell Count:                   0
  Inv Cell Count:                  56
  CT Buf/Inv Cell Count:            0
  Combinational Cell Count:       213
  Sequential Cell Count:           52
  Macro Count:                      0
  -----------------------------------


  Area
  -----------------------------------
  Combinational Area:      500.155397
  Noncombinational Area:   344.110987
  Buf/Inv Area:             72.176896
  Total Buffer Area:             0.00
  Total Inverter Area:          72.18
  Macro/Black Box Area:      0.000000
  Net Area:                154.018862
  -----------------------------------
  Cell Area:               844.266384
  Design Area:             998.285246


  Design Rules
  -----------------------------------
  Total Number of Nets:           298
  Nets With Violations:             0
  Max Trans Violations:             0
  Max Cap Violations:               0
  -----------------------------------


  Hostname: xmen25

  Compile CPU Statistics
  -----------------------------------------
  Resource Sharing:                    0.07
  Logic Optimization:                  0.03
  Mapping Optimization:                0.15
  -----------------------------------------
  Overall Compile Time:                2.03
  Overall Compile Wall Clock Time:     2.35

  --------------------------------------------------------------------

  Design  WNS: 0.00  TNS: 0.00  Number of Violating Paths: 0


  Design (Hold)  WNS: 0.36  TNS: 17.78  Number of Violating Paths: 52

  --------------------------------------------------------------------


1
